; SLIME 2.24; compiling file "/home/jr/Documents/School/CS687/projects/project6/project6-sp/project6.lisp" (written 07 MAY 2020 12:47:39 PM):

; /home/jr/Documents/School/CS687/projects/project6/project6-sp/project6.fasl written
; compilation finished in 0:00:00.046
; compiling file "/home/jr/Documents/School/CS687/projects/project6/project6-sp/project6.lisp" (written 07 MAY 2020 12:48:09 PM):

; /home/jr/Documents/School/CS687/projects/project6/project6-sp/project6.fasl written
; compilation finished in 0:00:00.060

CL-USER> *plan*
#< PLAN operators: 
#S(OPERATOR
   :NAME B-A-TO-TABLE
   :UNIQ G641
   :PRECONDITIONS ((T B-ON-A) (T B-CLEAR))
   :EFFECTS ((T B-ON-TABLE) (NIL B-ON-A) (T A-CLEAR)))
#S(OPERATOR
   :NAME A-TABLE-TO-B
   :UNIQ G642
   :PRECONDITIONS ((T A-ON-TABLE) (T B-CLEAR) (T A-CLEAR))
   :EFFECTS ((NIL A-ON-TABLE) (NIL B-CLEAR) (T A-ON-B)))
#S(OPERATOR
   :NAME START
   :UNIQ G643
   :PRECONDITIONS NIL
   :EFFECTS ((T A-ON-TABLE) (T B-ON-A) (T B-CLEAR)))
#S(OPERATOR
   :NAME GOAL
   :UNIQ G644
   :PRECONDITIONS ((T A-ON-B) (T B-ON-TABLE) (T A-CLEAR))
   :EFFECTS NIL) 
links: 
#< (G613)B-A-TO-TABLE -> (G614)GOAL : (T A-CLEAR) >
#< (G615)B-A-TO-TABLE -> (G616)GOAL : (T B-ON-TABLE) >
#< (G617)START -> (G618)B-A-TO-TABLE : (T B-CLEAR) >
#< (G619)START -> (G620)B-A-TO-TABLE : (T B-ON-A) >
#< (G621)B-A-TO-TABLE -> (G622)A-TABLE-TO-B : (T A-CLEAR) >
#< (G623)START -> (G624)A-TABLE-TO-B : (T B-CLEAR) >
#< (G625)START -> (G626)A-TABLE-TO-B : (T A-ON-TABLE) >
#< (G627)A-TABLE-TO-B -> (G628)GOAL : (T A-ON-B) > 
orderings: 
#[ (G629)B-A-TO-TABLE -> (G630)A-TABLE-TO-B ]
#[ (G631)B-A-TO-TABLE -> (G632)GOAL ]
#[ (G633)START -> (G634)B-A-TO-TABLE ]
#[ (G635)A-TABLE-TO-B -> (G636)GOAL ]
#[ (G637)START -> (G638)A-TABLE-TO-B ]
#[ (G639)START -> (G640)GOAL ]
>
; compiling file "/home/jr/Documents/School/CS687/projects/project6/project6-sp/project6.lisp" (written 07 MAY 2020 12:49:16 PM):

; /home/jr/Documents/School/CS687/projects/project6/project6-sp/project6.fasl written
; compilation finished in 0:00:00.048
; compiling file "/home/jr/Documents/School/CS687/projects/project6/project6-sp/project6.lisp" (written 07 MAY 2020 12:52:51 PM):

; /home/jr/Documents/School/CS687/projects/project6/project6-sp/project6.fasl written
; compilation finished in 0:00:00.054
CL-USER> *plan*
#< PLAN operators:  
links:  
orderings: 
>
CL-USER> (do-pop)

Search Depth: 1; Evaluation aborted on #<UNDEFINED-FUNCTION OPERATOR-FROM {1003502BF3}>.
CL-USER> (do-pop)

Search Depth: 1; Evaluation aborted on #<UNDEFINED-FUNCTION OPERATOR-FROM {1003724F63}>.
CL-USER> *plan*

#< PLAN operators:  
links:  
orderings: 
>
CL-USER> *operators*
(#S(OPERATOR
    :NAME B-A-TO-TABLE
    :UNIQ NIL
    :PRECONDITIONS ((T B-ON-A) (T B-CLEAR))
    :EFFECTS ((T B-ON-TABLE) (NIL B-ON-A) (T A-CLEAR)))
 #S(OPERATOR
    :NAME A-TABLE-TO-B
    :UNIQ NIL
    :PRECONDITIONS ((T A-ON-TABLE) (T B-CLEAR) (T A-CLEAR))
    :EFFECTS ((NIL A-ON-TABLE) (NIL B-CLEAR) (T A-ON-B)))
 #S(OPERATOR
    :NAME START
    :UNIQ NIL
    :PRECONDITIONS NIL
    :EFFECTS ((T A-ON-TABLE) (T B-ON-A) (T B-CLEAR)))
 #S(OPERATOR
    :NAME GOAL
    :UNIQ NIL
    :PRECONDITIONS ((T A-ON-B) (T B-ON-TABLE) (T A-CLEAR))
    :EFFECTS NIL))
CL-USER> *links*
(#< (G677)B-A-TO-TABLE -> (G678)GOAL : (T A-CLEAR) >
 #< (G679)B-A-TO-TABLE -> (G680)GOAL : (T B-ON-TABLE) >
 #< (G681)START -> (G682)B-A-TO-TABLE : (T B-CLEAR) >
 #< (G683)START -> (G684)B-A-TO-TABLE : (T B-ON-A) >
 #< (G685)B-A-TO-TABLE -> (G686)A-TABLE-TO-B : (T A-CLEAR) >
 #< (G687)START -> (G688)A-TABLE-TO-B : (T B-CLEAR) >
 #< (G689)START -> (G690)A-TABLE-TO-B : (T A-ON-TABLE) >
 #< (G691)A-TABLE-TO-B -> (G692)GOAL : (T A-ON-B) >)
; compiling file "/home/jr/Documents/School/CS687/projects/project6/project6-sp/project6.lisp" (written 07 MAY 2020 01:49:26 PM):

; /home/jr/Documents/School/CS687/projects/project6/project6-sp/project6.fasl written
; compilation finished in 0:00:00.074
CL-USER> (hook-up-operator (make-operator :name 'TEST :precondition '((T B-ON-A)) :effects '((T B-ON-TABLE))) (elt *operators* 0) '(T B-ON-A) *plan* 0 5 t)
; Evaluation aborted on #<UNKNOWN-KEYWORD-ARGUMENT {1002EFA003}>.
CL-USER> (hook-up-operator (make-operator :name 'TEST :preconditions '((T B-ON-A)) :effects '((T B-ON-TABLE))) (elt *operators* 0) '(T B-ON-A) *plan* 0 5 t)

NIL 
(#< (G737)TEST -> (G738)B-A-TO-TABLE : (T B-ON-A) >) 
(#< (G737)TEST -> (G738)B-A-TO-TABLE : (T B-ON-A) >)
CL-USER> (hook-up-operator (make-operator :name 'TEST :preconditions '((T B-ON-A)) :effects '((T B-ON-TABLE))) (elt *operators* 0) '(T B-ON-A) *plan* 0 5 t)

NIL 
(#< (G739)TEST -> (G740)B-A-TO-TABLE : (T B-ON-A) >) 
(#< (G739)TEST -> (G740)B-A-TO-TABLE : (T B-ON-A) >)
CL-USER> *plan*
#< PLAN operators:  
links:  
orderings: 
>
CL-USER> *test-orderings*
; Evaluation aborted on #<UNBOUND-VARIABLE *TEST-ORDERINGS* {10030C3B43}>.
CL-USER> *orderings*
((#S(OPERATOR
     :NAME B-A-TO-TABLE
     :UNIQ #:G725
     :PRECONDITIONS ((T B-ON-A) (T B-CLEAR))
     :EFFECTS ((T B-ON-TABLE) (NIL B-ON-A) (T A-CLEAR)))
  . #S(OPERATOR
       :NAME A-TABLE-TO-B
       :UNIQ #:G726
       :PRECONDITIONS ((T A-ON-TABLE) (T B-CLEAR) (T A-CLEAR))
       :EFFECTS ((NIL A-ON-TABLE) (NIL B-CLEAR) (T A-ON-B))))
 (#S(OPERATOR
     :NAME B-A-TO-TABLE
     :UNIQ #:G727
     :PRECONDITIONS ((T B-ON-A) (T B-CLEAR))
     :EFFECTS ((T B-ON-TABLE) (NIL B-ON-A) (T A-CLEAR)))
  . #S(OPERATOR
       :NAME GOAL
       :UNIQ #:G728
       :PRECONDITIONS ((T A-ON-B) (T B-ON-TABLE) (T A-CLEAR))
       :EFFECTS NIL))
 (#S(OPERATOR
     :NAME START
     :UNIQ #:G729
     :PRECONDITIONS NIL
     :EFFECTS ((T A-ON-TABLE) (T B-ON-A) (T B-CLEAR)))
  . #S(OPERATOR
       :NAME B-A-TO-TABLE
       :UNIQ #:G730
       :PRECONDITIONS ((T B-ON-A) (T B-CLEAR))
       :EFFECTS ((T B-ON-TABLE) (NIL B-ON-A) (T A-CLEAR))))
 (#S(OPERATOR
     :NAME A-TABLE-TO-B
     :UNIQ #:G731
     :PRECONDITIONS ((T A-ON-TABLE) (T B-CLEAR) (T A-CLEAR))
     :EFFECTS ((NIL A-ON-TABLE) (NIL B-CLEAR) (T A-ON-B)))
  . #S(OPERATOR
       :NAME GOAL
       :UNIQ #:G732
       :PRECONDITIONS ((T A-ON-B) (T B-ON-TABLE) (T A-CLEAR))
       :EFFECTS NIL))
 (#S(OPERATOR
     :NAME START
     :UNIQ #:G733
     :PRECONDITIONS NIL
     :EFFECTS ((T A-ON-TABLE) (T B-ON-A) (T B-CLEAR)))
  . #S(OPERATOR
       :NAME A-TABLE-TO-B
       :UNIQ #:G734
       :PRECONDITIONS ((T A-ON-TABLE) (T B-CLEAR) (T A-CLEAR))
       :EFFECTS ((NIL A-ON-TABLE) (NIL B-CLEAR) (T A-ON-B))))
 (#S(OPERATOR
     :NAME START
     :UNIQ #:G735
     :PRECONDITIONS NIL
     :EFFECTS ((T A-ON-TABLE) (T B-ON-A) (T B-CLEAR)))
  . #S(OPERATOR
       :NAME GOAL
       :UNIQ #:G736
       :PRECONDITIONS ((T A-ON-B) (T B-ON-TABLE) (T A-CLEAR))
       :EFFECTS NIL)))
; compiling file "/home/jr/Documents/School/CS687/projects/project6/project6-sp/project6.lisp" (written 07 MAY 2020 01:58:51 PM):

; /home/jr/Documents/School/CS687/projects/project6/project6-sp/project6.fasl written
; compilation finished in 0:00:00.060
CL-USER> *plan*
#< PLAN operators: 
#S(OPERATOR
   :NAME B-A-TO-TABLE
   :UNIQ G769
   :PRECONDITIONS ((T B-ON-A) (T B-CLEAR))
   :EFFECTS ((T B-ON-TABLE) (NIL B-ON-A) (T A-CLEAR)))
#S(OPERATOR
   :NAME A-TABLE-TO-B
   :UNIQ G770
   :PRECONDITIONS ((T A-ON-TABLE) (T B-CLEAR) (T A-CLEAR))
   :EFFECTS ((NIL A-ON-TABLE) (NIL B-CLEAR) (T A-ON-B)))
#S(OPERATOR
   :NAME START
   :UNIQ G771
   :PRECONDITIONS NIL
   :EFFECTS ((T A-ON-TABLE) (T B-ON-A) (T B-CLEAR)))
#S(OPERATOR
   :NAME GOAL
   :UNIQ G772
   :PRECONDITIONS ((T A-ON-B) (T B-ON-TABLE) (T A-CLEAR))
   :EFFECTS NIL) 
links: 
#< (G741)B-A-TO-TABLE -> (G742)GOAL : (T A-CLEAR) >
#< (G743)B-A-TO-TABLE -> (G744)GOAL : (T B-ON-TABLE) >
#< (G745)START -> (G746)B-A-TO-TABLE : (T B-CLEAR) >
#< (G747)START -> (G748)B-A-TO-TABLE : (T B-ON-A) >
#< (G749)B-A-TO-TABLE -> (G750)A-TABLE-TO-B : (T A-CLEAR) >
#< (G751)START -> (G752)A-TABLE-TO-B : (T B-CLEAR) >
#< (G753)START -> (G754)A-TABLE-TO-B : (T A-ON-TABLE) >
#< (G755)A-TABLE-TO-B -> (G756)GOAL : (T A-ON-B) > 
orderings: 
#[ (G757)B-A-TO-TABLE -> (G758)A-TABLE-TO-B ]
#[ (G759)B-A-TO-TABLE -> (G760)GOAL ]
#[ (G761)START -> (G762)B-A-TO-TABLE ]
#[ (G763)A-TABLE-TO-B -> (G764)GOAL ]
#[ (G765)START -> (G766)A-TABLE-TO-B ]
#[ (G767)START -> (G768)GOAL ]
>
CL-USER> (hook-up-operator (make-operator :name 'TEST :preconditions '((T B-ON-A)) :effects '((T B-ON-TABLE))) (elt *operators* 0) '(T B-ON-A) *plan* 0 5 t)
NIL
; compiling file "/home/jr/Documents/School/CS687/projects/project6/project6-sp/project6.lisp" (written 07 MAY 2020 01:59:21 PM):

; /home/jr/Documents/School/CS687/projects/project6/project6-sp/project6.fasl written
; compilation finished in 0:00:00.061
CL-USER> (hook-up-operator (make-operator :name 'TEST :preconditions '((T B-ON-A)) :effects '((T B-ON-TABLE))) (elt *operators* 0) '(T B-ON-A) *plan* 0 5 t)

(#< (G807)TEST -> (G808)B-A-TO-TABLE : (T B-ON-A) >
 #< (G775)B-A-TO-TABLE -> (G776)GOAL : (T A-CLEAR) >
 #< (G777)B-A-TO-TABLE -> (G778)GOAL : (T B-ON-TABLE) >
 #< (G779)START -> (G780)B-A-TO-TABLE : (T B-CLEAR) >
 #< (G781)START -> (G782)B-A-TO-TABLE : (T B-ON-A) >
 #< (G783)B-A-TO-TABLE -> (G784)A-TABLE-TO-B : (T A-CLEAR) >
 #< (G785)START -> (G786)A-TABLE-TO-B : (T B-CLEAR) >
 #< (G787)START -> (G788)A-TABLE-TO-B : (T A-ON-TABLE) >
 #< (G789)A-TABLE-TO-B -> (G790)GOAL : (T A-ON-B) >) 
(#< (G807)TEST -> (G808)B-A-TO-TABLE : (T B-ON-A) >
 #< (G775)B-A-TO-TABLE -> (G776)GOAL : (T A-CLEAR) >
 #< (G777)B-A-TO-TABLE -> (G778)GOAL : (T B-ON-TABLE) >
 #< (G779)START -> (G780)B-A-TO-TABLE : (T B-CLEAR) >
 #< (G781)START -> (G782)B-A-TO-TABLE : (T B-ON-A) >
 #< (G783)B-A-TO-TABLE -> (G784)A-TABLE-TO-B : (T A-CLEAR) >
 #< (G785)START -> (G786)A-TABLE-TO-B : (T B-CLEAR) >
 #< (G787)START -> (G788)A-TABLE-TO-B : (T A-ON-TABLE) >
 #< (G789)A-TABLE-TO-B -> (G790)GOAL : (T A-ON-B) >)
CL-USER> (hook-up-operator (make-operator :name 'TEST :preconditions '((T A-ON-B)) :effects 'NIL) (elt *operators* 0) '(T B-ON-A) *plan* 0 5 t)

(#< (G809)TEST -> (G810)B-A-TO-TABLE : (T B-ON-A) >
 #< (G775)B-A-TO-TABLE -> (G776)GOAL : (T A-CLEAR) >
 #< (G777)B-A-TO-TABLE -> (G778)GOAL : (T B-ON-TABLE) >
 #< (G779)START -> (G780)B-A-TO-TABLE : (T B-CLEAR) >
 #< (G781)START -> (G782)B-A-TO-TABLE : (T B-ON-A) >
 #< (G783)B-A-TO-TABLE -> (G784)A-TABLE-TO-B : (T A-CLEAR) >
 #< (G785)START -> (G786)A-TABLE-TO-B : (T B-CLEAR) >
 #< (G787)START -> (G788)A-TABLE-TO-B : (T A-ON-TABLE) >
 #< (G789)A-TABLE-TO-B -> (G790)GOAL : (T A-ON-B) >) 
(#< (G809)TEST -> (G810)B-A-TO-TABLE : (T B-ON-A) >
 #< (G775)B-A-TO-TABLE -> (G776)GOAL : (T A-CLEAR) >
 #< (G777)B-A-TO-TABLE -> (G778)GOAL : (T B-ON-TABLE) >
 #< (G779)START -> (G780)B-A-TO-TABLE : (T B-CLEAR) >
 #< (G781)START -> (G782)B-A-TO-TABLE : (T B-ON-A) >
 #< (G783)B-A-TO-TABLE -> (G784)A-TABLE-TO-B : (T A-CLEAR) >
 #< (G785)START -> (G786)A-TABLE-TO-B : (T B-CLEAR) >
 #< (G787)START -> (G788)A-TABLE-TO-B : (T A-ON-TABLE) >
 #< (G789)A-TABLE-TO-B -> (G790)GOAL : (T A-ON-B) >)
; compiling file "/home/jr/Documents/School/CS687/projects/project6/project6-sp/project6.lisp" (written 07 MAY 2020 01:59:21 PM):

; /home/jr/Documents/School/CS687/projects/project6/project6-sp/project6.fasl written
; compilation finished in 0:00:00.055
CL-USER> (hook-up-operator (make-operator :name 'TEST :preconditions '((T B-ON-A)) :effects '((T B-ON-TABLE))) (elt *operators* 0) '(T B-ON-A) *plan* 0 5 t)

(#< (G843)TEST -> (G844)B-A-TO-TABLE : (T B-ON-A) >
 #< (G811)B-A-TO-TABLE -> (G812)GOAL : (T A-CLEAR) >
 #< (G813)B-A-TO-TABLE -> (G814)GOAL : (T B-ON-TABLE) >
 #< (G815)START -> (G816)B-A-TO-TABLE : (T B-CLEAR) >
 #< (G817)START -> (G818)B-A-TO-TABLE : (T B-ON-A) >
 #< (G819)B-A-TO-TABLE -> (G820)A-TABLE-TO-B : (T A-CLEAR) >
 #< (G821)START -> (G822)A-TABLE-TO-B : (T B-CLEAR) >
 #< (G823)START -> (G824)A-TABLE-TO-B : (T A-ON-TABLE) >
 #< (G825)A-TABLE-TO-B -> (G826)GOAL : (T A-ON-B) >) 
(#< (G843)TEST -> (G844)B-A-TO-TABLE : (T B-ON-A) >
 #< (G811)B-A-TO-TABLE -> (G812)GOAL : (T A-CLEAR) >
 #< (G813)B-A-TO-TABLE -> (G814)GOAL : (T B-ON-TABLE) >
 #< (G815)START -> (G816)B-A-TO-TABLE : (T B-CLEAR) >
 #< (G817)START -> (G818)B-A-TO-TABLE : (T B-ON-A) >
 #< (G819)B-A-TO-TABLE -> (G820)A-TABLE-TO-B : (T A-CLEAR) >
 #< (G821)START -> (G822)A-TABLE-TO-B : (T B-CLEAR) >
 #< (G823)START -> (G824)A-TABLE-TO-B : (T A-ON-TABLE) >
 #< (G825)A-TABLE-TO-B -> (G826)GOAL : (T A-ON-B) >)
CL-USER> *plan*
#< PLAN operators: 
#S(OPERATOR
   :NAME B-A-TO-TABLE
   :UNIQ G839
   :PRECONDITIONS ((T B-ON-A) (T B-CLEAR))
   :EFFECTS ((T B-ON-TABLE) (NIL B-ON-A) (T A-CLEAR)))
#S(OPERATOR
   :NAME A-TABLE-TO-B
   :UNIQ G840
   :PRECONDITIONS ((T A-ON-TABLE) (T B-CLEAR) (T A-CLEAR))
   :EFFECTS ((NIL A-ON-TABLE) (NIL B-CLEAR) (T A-ON-B)))
#S(OPERATOR
   :NAME START
   :UNIQ G841
   :PRECONDITIONS NIL
   :EFFECTS ((T A-ON-TABLE) (T B-ON-A) (T B-CLEAR)))
#S(OPERATOR
   :NAME GOAL
   :UNIQ G842
   :PRECONDITIONS ((T A-ON-B) (T B-ON-TABLE) (T A-CLEAR))
   :EFFECTS NIL) 
links: 
#< (G811)B-A-TO-TABLE -> (G812)GOAL : (T A-CLEAR) >
#< (G813)B-A-TO-TABLE -> (G814)GOAL : (T B-ON-TABLE) >
#< (G815)START -> (G816)B-A-TO-TABLE : (T B-CLEAR) >
#< (G817)START -> (G818)B-A-TO-TABLE : (T B-ON-A) >
#< (G819)B-A-TO-TABLE -> (G820)A-TABLE-TO-B : (T A-CLEAR) >
#< (G821)START -> (G822)A-TABLE-TO-B : (T B-CLEAR) >
#< (G823)START -> (G824)A-TABLE-TO-B : (T A-ON-TABLE) >
#< (G825)A-TABLE-TO-B -> (G826)GOAL : (T A-ON-B) > 
orderings: 
#[ (G827)B-A-TO-TABLE -> (G828)A-TABLE-TO-B ]
#[ (G829)B-A-TO-TABLE -> (G830)GOAL ]
#[ (G831)START -> (G832)B-A-TO-TABLE ]
#[ (G833)A-TABLE-TO-B -> (G834)GOAL ]
#[ (G835)START -> (G836)A-TABLE-TO-B ]
#[ (G837)START -> (G838)GOAL ]
>
; compiling file "/home/jr/Documents/School/CS687/projects/project6/project6-sp/project6.lisp" (written 07 MAY 2020 02:05:50 PM):

; /home/jr/Documents/School/CS687/projects/project6/project6-sp/project6.fasl written
; compilation finished in 0:00:00.057
; compiling file "/home/jr/Documents/School/CS687/projects/project6/project6-sp/project6.lisp" (written 07 MAY 2020 02:08:15 PM):

; /home/jr/Documents/School/CS687/projects/project6/project6-sp/project6.fasl written
; compilation finished in 0:00:00.059
; compiling file "/home/jr/Documents/School/CS687/projects/project6/project6-sp/project6.lisp" (written 07 MAY 2020 02:11:16 PM):

; /home/jr/Documents/School/CS687/projects/project6/project6-sp/project6.fasl written
; compilation finished in 0:00:00.081
; compiling file "/home/jr/Documents/School/CS687/projects/project6/project6-sp/project6.lisp" (written 07 MAY 2020 03:11:04 PM):

; /home/jr/Documents/School/CS687/projects/project6/project6-sp/project6.fasl written
; compilation finished in 0:00:00.055
; compiling file "/home/jr/Documents/School/CS687/projects/project6/project6-sp/project6.lisp" (written 07 MAY 2020 03:18:37 PM):

; /home/jr/Documents/School/CS687/projects/project6/project6-sp/project6.fasl written
; compilation finished in 0:00:00.054
; compiling file "/home/jr/Documents/School/CS687/projects/project6/project6-sp/project6.lisp" (written 07 MAY 2020 03:21:04 PM):

; file: /home/jr/Documents/School/CS687/projects/project6/project6-sp/project6.lisp
; in: DEFUN THREATENSLINK
;     (CONS FROM MAYBE-THREATENED-LINK)
; ==>
;   MAYBE-THREATENED-LINK
; 
; note: deleting unreachable code

;     (CONS TO MAYBE-THREATENED-LINK)
; ==>
;   MAYBE-THREATENED-LINK
; 
; note: deleting unreachable code
; 
; compilation unit finished
;   printed 2 notes


; /home/jr/Documents/School/CS687/projects/project6/project6-sp/project6.fasl written
; compilation finished in 0:00:00.057
; compiling file "/home/jr/Documents/School/CS687/projects/project6/project6-sp/project6.lisp" (written 07 MAY 2020 03:21:19 PM):

; /home/jr/Documents/School/CS687/projects/project6/project6-sp/project6.fasl written
; compilation finished in 0:00:00.056
CL-USER> *plan*
#< PLAN operators: 
#S(OPERATOR
   :NAME B-A-TO-TABLE
   :UNIQ G1065
   :PRECONDITIONS ((T B-ON-A) (T B-CLEAR))
   :EFFECTS ((T B-ON-TABLE) (NIL B-ON-A) (T A-CLEAR)))
#S(OPERATOR
   :NAME A-TABLE-TO-B
   :UNIQ G1066
   :PRECONDITIONS ((T A-ON-TABLE) (T B-CLEAR) (T A-CLEAR))
   :EFFECTS ((NIL A-ON-TABLE) (NIL B-CLEAR) (T A-ON-B)))
#S(OPERATOR
   :NAME START
   :UNIQ G1067
   :PRECONDITIONS NIL
   :EFFECTS ((T A-ON-TABLE) (T B-ON-A) (T B-CLEAR)))
#S(OPERATOR
   :NAME GOAL
   :UNIQ G1068
   :PRECONDITIONS ((T A-ON-B) (T B-ON-TABLE) (T A-CLEAR))
   :EFFECTS NIL) 
links: 
#< (G1037)B-A-TO-TABLE -> (G1038)GOAL : (T A-CLEAR) >
#< (G1039)B-A-TO-TABLE -> (G1040)GOAL : (T B-ON-TABLE) >
#< (G1041)START -> (G1042)B-A-TO-TABLE : (T B-CLEAR) >
#< (G1043)START -> (G1044)B-A-TO-TABLE : (T B-ON-A) >
#< (G1045)B-A-TO-TABLE -> (G1046)A-TABLE-TO-B : (T A-CLEAR) >
#< (G1047)START -> (G1048)A-TABLE-TO-B : (T B-CLEAR) >
#< (G1049)START -> (G1050)A-TABLE-TO-B : (T A-ON-TABLE) >
#< (G1051)A-TABLE-TO-B -> (G1052)GOAL : (T A-ON-B) > 
orderings: 
#[ (G1053)B-A-TO-TABLE -> (G1054)A-TABLE-TO-B ]
#[ (G1055)B-A-TO-TABLE -> (G1056)GOAL ]
#[ (G1057)START -> (G1058)B-A-TO-TABLE ]
#[ (G1059)A-TABLE-TO-B -> (G1060)GOAL ]
#[ (G1061)START -> (G1062)A-TABLE-TO-B ]
#[ (G1063)START -> (G1064)GOAL ]
>
; compiling file "/home/jr/Documents/School/CS687/projects/project6/project6-sp/project6.lisp" (written 07 MAY 2020 03:34:24 PM):

; file: /home/jr/Documents/School/CS687/projects/project6/project6-sp/project6.lisp
; in: DEFUN THREATENSLINK
;     ((OR NIL NIL))
; 
; caught ERROR:
;   illegal function call
; 
; caught ERROR:
;   illegal function call

;     (IF ((OR NIL NIL))
;         (APPEND (CONS TO MAYBE-THREATENED-LINK)))
; 
; note: deleting unreachable code

;     (CONS TO MAYBE-THREATENED-LINK)
; ==>
;   TO
; 
; note: deleting unreachable code

;     (IF ((OR NIL NIL))
;         (APPEND (CONS FROM MAYBE-THREATENED-LINK)))
; 
; note: deleting unreachable code

;     (CONS FROM MAYBE-THREATENED-LINK)
; ==>
;   FROM
; 
; note: deleting unreachable code
; 
; compilation unit finished
;   caught 2 ERROR conditions
;   printed 4 notes


; /home/jr/Documents/School/CS687/projects/project6/project6-sp/project6.fasl written
; compilation finished in 0:00:00.059
; compiling file "/home/jr/Documents/School/CS687/projects/project6/project6-sp/project6.lisp" (written 07 MAY 2020 03:40:27 PM):

; file: /home/jr/Documents/School/CS687/projects/project6/project6-sp/project6.lisp
; in: DEFUN THREATENSLINK
;     ((OR NIL NIL))
; 
; caught ERROR:
;   illegal function call

;     (IF ((OR NIL NIL))
;         (APPEND (CONS TO MAYBE-THREATENED-LINK)))
; 
; note: deleting unreachable code

;     (CONS TO MAYBE-THREATENED-LINK)
; ==>
;   TO
; 
; note: deleting unreachable code
; 
; compilation unit finished
;   caught 1 ERROR condition
;   printed 2 notes


; /home/jr/Documents/School/CS687/projects/project6/project6-sp/project6.fasl written
; compilation finished in 0:00:00.060
; compiling file "/home/jr/Documents/School/CS687/projects/project6/project6-sp/project6.lisp" (written 07 MAY 2020 03:41:45 PM):

; file: /home/jr/Documents/School/CS687/projects/project6/project6-sp/project6.lisp
; in: DEFUN THREATENSLINK
;     ((NOT (MAPCAR #'MEMBER PRECONDITIONS TMP)))
; 
; caught ERROR:
;   illegal function call

;     (IF ((NOT (MAPCAR #'MEMBER PRECONDITIONS TMP)))
;         (APPEND (CONS TO MAYBE-THREATENED-LINK)))
; 
; note: deleting unreachable code

;     (CONS TO MAYBE-THREATENED-LINK)
; ==>
;   TO
; 
; note: deleting unreachable code
; 
; compilation unit finished
;   caught 1 ERROR condition
;   printed 2 notes


; /home/jr/Documents/School/CS687/projects/project6/project6-sp/project6.fasl written
; compilation finished in 0:00:00.066
; compiling file "/home/jr/Documents/School/CS687/projects/project6/project6-sp/project6.lisp" (written 07 MAY 2020 03:41:56 PM):

; /home/jr/Documents/School/CS687/projects/project6/project6-sp/project6.fasl written
; compilation finished in 0:00:00.054
; compiling file "/home/jr/Documents/School/CS687/projects/project6/project6-sp/project6.lisp" (written 07 MAY 2020 03:43:51 PM):

; /home/jr/Documents/School/CS687/projects/project6/project6-sp/project6.fasl written
; compilation finished in 0:00:00.062
; compiling file "/home/jr/Documents/School/CS687/projects/project6/project6-sp/project6.lisp" (written 07 MAY 2020 04:00:56 PM):

; /home/jr/Documents/School/CS687/projects/project6/project6-sp/project6.fasl written
; compilation finished in 0:00:00.066
; compiling file "/home/jr/Documents/School/CS687/projects/project6/project6-sp/project6.lisp" (written 07 MAY 2020 04:01:46 PM):

; /home/jr/Documents/School/CS687/projects/project6/project6-sp/project6.fasl written
; compilation finished in 0:00:00.058
CL-USER> *plan*
#< PLAN operators: 
#S(OPERATOR
   :NAME B-A-TO-TABLE
   :UNIQ G1193
   :PRECONDITIONS ((T B-ON-A) (T B-CLEAR))
   :EFFECTS ((T B-ON-TABLE) (NIL B-ON-A) (T A-CLEAR)))
#S(OPERATOR
   :NAME A-TABLE-TO-B
   :UNIQ G1194
   :PRECONDITIONS ((T A-ON-TABLE) (T B-CLEAR) (T A-CLEAR))
   :EFFECTS ((NIL A-ON-TABLE) (NIL B-CLEAR) (T A-ON-B)))
#S(OPERATOR
   :NAME START
   :UNIQ G1195
   :PRECONDITIONS NIL
   :EFFECTS ((T A-ON-TABLE) (T B-ON-A) (T B-CLEAR)))
#S(OPERATOR
   :NAME GOAL
   :UNIQ G1196
   :PRECONDITIONS ((T A-ON-B) (T B-ON-TABLE) (T A-CLEAR))
   :EFFECTS NIL) 
links: 
#< (G1165)B-A-TO-TABLE -> (G1166)GOAL : (T A-CLEAR) >
#< (G1167)B-A-TO-TABLE -> (G1168)GOAL : (T B-ON-TABLE) >
#< (G1169)START -> (G1170)B-A-TO-TABLE : (T B-CLEAR) >
#< (G1171)START -> (G1172)B-A-TO-TABLE : (T B-ON-A) >
#< (G1173)B-A-TO-TABLE -> (G1174)A-TABLE-TO-B : (T A-CLEAR) >
#< (G1175)START -> (G1176)A-TABLE-TO-B : (T B-CLEAR) >
#< (G1177)START -> (G1178)A-TABLE-TO-B : (T A-ON-TABLE) >
#< (G1179)A-TABLE-TO-B -> (G1180)GOAL : (T A-ON-B) > 
orderings: 
#[ (G1181)B-A-TO-TABLE -> (G1182)A-TABLE-TO-B ]
#[ (G1183)B-A-TO-TABLE -> (G1184)GOAL ]
#[ (G1185)START -> (G1186)B-A-TO-TABLE ]
#[ (G1187)A-TABLE-TO-B -> (G1188)GOAL ]
#[ (G1189)START -> (G1190)A-TABLE-TO-B ]
#[ (G1191)START -> (G1192)GOAL ]
>
CL-USER> (threatenslink *plan* (elt *links* 0))
; Evaluation aborted on #<UNDEFINED-FUNCTION LINK-PRECONDITION {10057BBB33}>.
CL-USER> *links*
(#< (G1165)B-A-TO-TABLE -> (G1166)GOAL : (T A-CLEAR) >
 #< (G1167)B-A-TO-TABLE -> (G1168)GOAL : (T B-ON-TABLE) >
 #< (G1169)START -> (G1170)B-A-TO-TABLE : (T B-CLEAR) >
 #< (G1171)START -> (G1172)B-A-TO-TABLE : (T B-ON-A) >
 #< (G1173)B-A-TO-TABLE -> (G1174)A-TABLE-TO-B : (T A-CLEAR) >
 #< (G1175)START -> (G1176)A-TABLE-TO-B : (T B-CLEAR) >
 #< (G1177)START -> (G1178)A-TABLE-TO-B : (T A-ON-TABLE) >
 #< (G1179)A-TABLE-TO-B -> (G1180)GOAL : (T A-ON-B) >)
CL-USER> (elt *links* 0)
#< (G1165)B-A-TO-TABLE -> (G1166)GOAL : (T A-CLEAR) >
CL-USER> (link-precond (elt *links* 0))
(T A-CLEAR)
; compiling file "/home/jr/Documents/School/CS687/projects/project6/project6-sp/project6.lisp" (written 07 MAY 2020 04:31:38 PM):

; /home/jr/Documents/School/CS687/projects/project6/project6-sp/project6.fasl written
; compilation finished in 0:00:00.064
CL-USER> (threatenslink *plan* (elt *links* 0))
; compiling file "/home/jr/Documents/School/CS687/projects/project6/project6-sp/project6.lisp" (written 07 MAY 2020 04:32:13 PM):

; /home/jr/Documents/School/CS687/projects/project6/project6-sp/project6.fasl written
; compilation finished in 0:00:00.079
; Evaluation aborted on #<TYPE-ERROR expected-type: LIST datum: T>.
CL-USER> (threatenslink *plan* (elt *links* 0))
; Evaluation aborted on #<TYPE-ERROR expected-type:
             (OR (VECTOR CHARACTER) (VECTOR NIL) BASE-STRING SYMBOL CHARACTER)
             datum: (A-CLEAR)>.
CL-USER> (threatenslink *plan* (elt *links* 0))
; compiling file "/home/jr/Documents/School/CS687/projects/project6/project6-sp/project6.lisp" (written 07 MAY 2020 04:33:37 PM):

; /home/jr/Documents/School/CS687/projects/project6/project6-sp/project6.fasl written
; compilation finished in 0:00:00.063
; Evaluation aborted on #<TYPE-ERROR expected-type:
             (OR (VECTOR CHARACTER) (VECTOR NIL) BASE-STRING SYMBOL CHARACTER)
             datum: (A-CLEAR)>.
CL-USER> (threatenslink *plan* (elt *links* 0))
; compiling file "/home/jr/Documents/School/CS687/projects/project6/project6-sp/project6.lisp" (written 07 MAY 2020 04:33:37 PM):

; /home/jr/Documents/School/CS687/projects/project6/project6-sp/project6.fasl written
; compilation finished in 0:00:00.061
; Evaluation aborted on #<TYPE-ERROR expected-type:
             (OR (VECTOR CHARACTER) (VECTOR NIL) BASE-STRING SYMBOL CHARACTER)
             datum: (A-CLEAR)>.
CL-USER> (threatenslink *plan* (elt *links* 0))
; compiling file "/home/jr/Documents/School/CS687/projects/project6/project6-sp/project6.lisp" (written 07 MAY 2020 04:42:14 PM):

; /home/jr/Documents/School/CS687/projects/project6/project6-sp/project6.fasl written
; compilation finished in 0:00:00.061
; Evaluation aborted on #<TYPE-ERROR expected-type:
             (OR (VECTOR CHARACTER) (VECTOR NIL) BASE-STRING SYMBOL CHARACTER)
             datum: (A-CLEAR)>.
CL-USER> (threatenslink *plan* (elt *links* 0))

(T A-CLEAR) 
(T A-CLEAR) 
(T A-CLEAR) 
(T A-CLEAR) 
(T A-CLEAR) 
(T A-CLEAR) 
(T A-CLEAR) 
(T A-CLEAR) 
NIL
; compiling file "/home/jr/Documents/School/CS687/projects/project6/project6-sp/project6.lisp" (written 07 MAY 2020 04:42:28 PM):

; /home/jr/Documents/School/CS687/projects/project6/project6-sp/project6.fasl written
; compilation finished in 0:00:00.054
CL-USER> (threatenslink *plan* (elt *links* 0))

((T A-CLEAR)) 
((T A-CLEAR)) 
((T A-CLEAR)) 
((T A-CLEAR)) 
((T A-CLEAR)) 
((T A-CLEAR)) 
((T A-CLEAR)) 
((T A-CLEAR)) 
NIL
; compiling file "/home/jr/Documents/School/CS687/projects/project6/project6-sp/project6.lisp" (written 07 MAY 2020 04:42:36 PM):

; /home/jr/Documents/School/CS687/projects/project6/project6-sp/project6.fasl written
; compilation finished in 0:00:00.057
CL-USER> (threatenslink *plan* (elt *links* 0))

((T A-CLEAR)) 
; compiling file "/home/jr/Documents/School/CS687/projects/project6/project6-sp/project6.lisp" (written 07 MAY 2020 04:43:07 PM):

; /home/jr/Documents/School/CS687/projects/project6/project6-sp/project6.fasl written
; compilation finished in 0:00:00.057
; Evaluation aborted on #<TYPE-ERROR expected-type:
             (OR (VECTOR CHARACTER) (VECTOR NIL) BASE-STRING SYMBOL CHARACTER)
             datum: (A-CLEAR)>.
CL-USER> (threatenslink *plan* (elt *links* 0))

((T A-CLEAR)) 
(NIL) 
((T A-CLEAR)) 
(NIL) 
((T A-CLEAR)) 
(NIL) 
((T A-CLEAR)) 
(NIL) 
((T A-CLEAR)) 
(NIL) 
((T A-CLEAR)) 
(NIL) 
((T A-CLEAR)) 
(NIL) 
((T A-CLEAR)) 
(NIL) 
NIL
; compiling file "/home/jr/Documents/School/CS687/projects/project6/project6-sp/project6.lisp" (written 07 MAY 2020 04:43:30 PM):

; /home/jr/Documents/School/CS687/projects/project6/project6-sp/project6.fasl written
; compilation finished in 0:00:00.055
CL-USER> (threatenslink *plan* (elt *links* 0))

((T A-CLEAR)) 
; compiling file "/home/jr/Documents/School/CS687/projects/project6/project6-sp/project6.lisp" (written 07 MAY 2020 04:44:32 PM):

; /home/jr/Documents/School/CS687/projects/project6/project6-sp/project6.fasl written
; compilation finished in 0:00:00.061
; Evaluation aborted on #<UNDEFINED-FUNCTION PREDICATE-A {100212F3F3}>.
CL-USER> (threatenslink *plan* (elt *links* 0))

((T A-CLEAR)) 
; compiling file "/home/jr/Documents/School/CS687/projects/project6/project6-sp/project6.lisp" (written 07 MAY 2020 04:45:00 PM):

; /home/jr/Documents/School/CS687/projects/project6/project6-sp/project6.fasl written
; compilation finished in 0:00:00.057
; Evaluation aborted on #<UNDEFINED-FUNCTION PREDICATE-A {10038A15D3}>.
CL-USER> (threatenslink *plan* (elt *links* 0))

((T A-CLEAR)) 
(T A-CLEAR) 
(NIL) 
((T A-CLEAR)) 
(T A-CLEAR) 
(NIL) 
((T A-CLEAR)) 
(T A-CLEAR) 
(NIL) 
((T A-CLEAR)) 
(T A-CLEAR) 
(NIL) 
((T A-CLEAR)) 
(T A-CLEAR) 
(NIL) 
((T A-CLEAR)) 
(T A-CLEAR) 
(NIL) 
((T A-CLEAR)) 
(T A-CLEAR) 
(NIL) 
((T A-CLEAR)) 
(T A-CLEAR) 
(NIL) 
NIL
; compiling file "/home/jr/Documents/School/CS687/projects/project6/project6-sp/project6.lisp" (written 07 MAY 2020 04:45:08 PM):

; /home/jr/Documents/School/CS687/projects/project6/project6-sp/project6.fasl written
; compilation finished in 0:00:00.065
CL-USER> (threatenslink *plan* (elt *links* 0))

((T A-CLEAR)) 
T 
(NIL) 
((T A-CLEAR)) 
T 
(NIL) 
((T A-CLEAR)) 
T 
(NIL) 
((T A-CLEAR)) 
T 
(NIL) 
((T A-CLEAR)) 
T 
(NIL) 
((T A-CLEAR)) 
T 
(NIL) 
((T A-CLEAR)) 
T 
(NIL) 
((T A-CLEAR)) 
T 
(NIL) 
NIL
; compiling file "/home/jr/Documents/School/CS687/projects/project6/project6-sp/project6.lisp" (written 07 MAY 2020 04:45:59 PM):

; /home/jr/Documents/School/CS687/projects/project6/project6-sp/project6.fasl written
; compilation finished in 0:00:00.062
CL-USER> (threatenslink *plan* (elt *links* 0))

((T A-CLEAR)) 
T 
(NIL) 
((T A-CLEAR)) 
T 
(NIL) 
((T A-CLEAR)) 
T 
(NIL) 
((T A-CLEAR)) 
T 
(NIL) 
((T A-CLEAR)) 
T 
(NIL) 
((T A-CLEAR)) 
T 
(NIL) 
((T A-CLEAR)) 
T 
(NIL) 
((T A-CLEAR)) 
NIL 
(NIL) 
NIL
; compiling file "/home/jr/Documents/School/CS687/projects/project6/project6-sp/project6.lisp" (written 07 MAY 2020 04:46:05 PM):

; /home/jr/Documents/School/CS687/projects/project6/project6-sp/project6.fasl written
; compilation finished in 0:00:00.067
CL-USER> (threatenslink *plan* (elt *links* 0))

((T A-CLEAR)) 
(NIL) 
((T A-CLEAR)) 
(NIL) 
((T A-CLEAR)) 
(NIL) 
((T A-CLEAR)) 
(NIL) 
((T A-CLEAR)) 
(NIL) 
((T A-CLEAR)) 
(NIL) 
((T A-CLEAR)) 
(NIL) 
((T A-CLEAR)) 
(NIL) 
NIL
; compiling file "/home/jr/Documents/School/CS687/projects/project6/project6-sp/project6.lisp" (written 07 MAY 2020 04:46:19 PM):

; /home/jr/Documents/School/CS687/projects/project6/project6-sp/project6.fasl written
; compilation finished in 0:00:00.059
CL-USER> (threatenslink *plan* (elt *links* 0))

(NIL) 
(NIL) 
(NIL) 
(NIL) 
(NIL) 
(NIL) 
(NIL) 
(NIL) 
NIL
; compiling file "/home/jr/Documents/School/CS687/projects/project6/project6-sp/project6.lisp" (written 07 MAY 2020 04:46:26 PM):

; /home/jr/Documents/School/CS687/projects/project6/project6-sp/project6.fasl written
; compilation finished in 0:00:00.063
CL-USER> (threatenslink *plan* (elt *links* 0))

(NIL) 
NIL 
(NIL) 
NIL 
(NIL) 
(NIL) 
(NIL) 
(NIL) 
(NIL) 
(NIL) 
(NIL) 
(NIL) 
(NIL) 
(NIL) 
(NIL) 
NIL 
NIL
; compiling file "/home/jr/Documents/School/CS687/projects/project6/project6-sp/project6.lisp" (written 07 MAY 2020 04:46:37 PM):

; /home/jr/Documents/School/CS687/projects/project6/project6-sp/project6.fasl written
; compilation finished in 0:00:00.058
CL-USER> (threatenslink *plan* (elt *links* 0))

(NIL) 
NIL 
; compiling file "/home/jr/Documents/School/CS687/projects/project6/project6-sp/project6.lisp" (written 07 MAY 2020 04:47:04 PM):

; /home/jr/Documents/School/CS687/projects/project6/project6-sp/project6.fasl written
; compilation finished in 0:00:00.061
; Evaluation aborted on #<UNDEFINED-FUNCTION TMP-FROM-PRECONDITIONS {1001E09E03}>.
CL-USER> (threatenslink *plan* (elt *links* 0))

(NIL) 
NIL 
NIL 
(NIL) 
NIL 
NIL 
(NIL) 
(NIL) 
NIL 
(NIL) 
(NIL) 
NIL 
(NIL) 
(NIL) 
NIL 
(NIL) 
(NIL) 
NIL 
(NIL) 
(NIL) 
NIL 
(NIL) 
NIL 
NIL 
NIL
; compiling file "/home/jr/Documents/School/CS687/projects/project6/project6-sp/project6.lisp" (written 07 MAY 2020 04:47:19 PM):

; /home/jr/Documents/School/CS687/projects/project6/project6-sp/project6.fasl written
; compilation finished in 0:00:00.058
CL-USER> (threatenslink *plan* (elt *links* 0))

(NIL) 
NIL 
NIL 
NIL 
(NIL) 
NIL 
NIL 
NIL 
(NIL) 
(NIL) 
NIL 
NIL 
(NIL) 
(NIL) 
NIL 
NIL 
(NIL) 
(NIL) 
NIL 
NIL 
(NIL) 
(NIL) 
NIL 
NIL 
(NIL) 
(NIL) 
NIL 
NIL 
(NIL) 
NIL 
NIL 
NIL 
NIL
CL-USER> (threatenslink *plan* (elt *links* 0))

(NIL) 
NIL 
NIL 
NIL 
(NIL) 
NIL 
NIL 
NIL 
(NIL) 
(NIL) 
NIL 
NIL 
(NIL) 
(NIL) 
NIL 
NIL 
(NIL) 
(NIL) 
NIL 
NIL 
(NIL) 
(NIL) 
NIL 
NIL 
(NIL) 
(NIL) 
NIL 
NIL 
(NIL) 
NIL 
NIL 
NIL 
NIL
CL-USER> (elt *links* 0)
#< (G1773)B-A-TO-TABLE -> (G1774)GOAL : (T A-CLEAR) >
; compiling file "/home/jr/Documents/School/CS687/projects/project6/project6-sp/project6.lisp" (written 07 MAY 2020 04:49:41 PM):

; /home/jr/Documents/School/CS687/projects/project6/project6-sp/project6.fasl written
; compilation finished in 0:00:00.055
CL-USER> (threatenslink *plan* (elt *links* 0))

(NIL) 
NIL 
NIL 
NIL 
"---------" 
(NIL) 
NIL 
NIL 
NIL 
"---------" 
(NIL) 
(NIL) 
NIL 
NIL 
"---------" 
(NIL) 
(NIL) 
NIL 
NIL 
"---------" 
(NIL) 
(NIL) 
NIL 
NIL 
"---------" 
(NIL) 
(NIL) 
NIL 
NIL 
"---------" 
(NIL) 
(NIL) 
NIL 
NIL 
"---------" 
(NIL) 
NIL 
NIL 
NIL 
"---------" 
NIL
; compiling file "/home/jr/Documents/School/CS687/projects/project6/project6-sp/project6.lisp" (written 07 MAY 2020 04:49:59 PM):

; /home/jr/Documents/School/CS687/projects/project6/project6-sp/project6.fasl written
; compilation finished in 0:00:00.106
CL-USER> (threatenslink *plan* (elt *links* 0))
; Evaluation aborted on #<SB-INT:SIMPLE-PROGRAM-ERROR "invalid number of arguments: ~S" {100346FF63}>.
CL-USER> (every t '(t t t))
; Evaluation aborted on #<UNDEFINED-FUNCTION T {10039876B3}>.
CL-USER> (every (lambda (x) x) '(t t t))
T
CL-USER> (every (lambda (x) (not x)) '(t t t))
NIL
; compiling file "/home/jr/Documents/School/CS687/projects/project6/project6-sp/project6.lisp" (written 07 MAY 2020 04:52:59 PM):

; /home/jr/Documents/School/CS687/projects/project6/project6-sp/project6.fasl written
; compilation finished in 0:00:00.076
CL-USER> (threatenslink *plan* (elt *links* 0))

NIL 
T 
T 
T 
"---------" 
NIL 
T 
T 
T 
"---------" 
NIL 
NIL 
T 
T 
"---------" 
NIL 
NIL 
T 
T 
"---------" 
NIL 
NIL 
T 
T 
"---------" 
NIL 
NIL 
T 
T 
"---------" 
NIL 
NIL 
T 
T 
"---------" 
NIL 
T 
T 
T 
"---------" 
NIL
; compiling file "/home/jr/Documents/School/CS687/projects/project6/project6-sp/project6.lisp" (written 07 MAY 2020 04:53:59 PM):

; file: /home/jr/Documents/School/CS687/projects/project6/project6-sp/project6.lisp
; in: DEFUN THREATENSLINK
;     (IF (EVERY (LAMBDA (X) X)
;                (MAPCAR #'PREDICATEISOPPOSITE (LIST PRECONDITIONS)
;                        TMP-FROM-EFFECTS)))
; 
; caught ERROR:
;   error while parsing arguments to special operator IF:
;     too few elements in
;       ((EVERY (LAMBDA (X) X)
;               (MAPCAR #'PREDICATEISOPPOSITE (LIST PRECONDITIONS)
;                       TMP-FROM-EFFECTS)))
;     to satisfy lambda list
;       (SB-C::TEST SB-C::THEN &OPTIONAL SB-C::ELSE):
;     between 2 and 3 expected, but got 1

;     (IF (EVERY (LAMBDA (X) X)
;                (MAPCAR #'PREDICATEISOPPOSITE (LIST PRECONDITIONS)
;                        TMP-TO-EFFECTS)))
; 
; caught ERROR:
;   error while parsing arguments to special operator IF:
;     too few elements in
;       ((EVERY (LAMBDA (X) X)
;               (MAPCAR #'PREDICATEISOPPOSITE (LIST PRECONDITIONS)
;                       TMP-TO-EFFECTS)))
;     to satisfy lambda list
;       (SB-C::TEST SB-C::THEN &OPTIONAL SB-C::ELSE):
;     between 2 and 3 expected, but got 1

;     (IF (EVERY (LAMBDA (X) X)
;                (MAPCAR #'PREDICATEISOPPOSITE (OPERATOR-EFFECTS TO)
;                        TMP-FROM-PRECONDITIONS)))
; 
; caught ERROR:
;   error while parsing arguments to special operator IF:
;     too few elements in
;       ((EVERY (LAMBDA (X) X)
;               (MAPCAR #'PREDICATEISOPPOSITE (OPERATOR-EFFECTS TO)
;                       TMP-FROM-PRECONDITIONS)))
;     to satisfy lambda list
;       (SB-C::TEST SB-C::THEN &OPTIONAL SB-C::ELSE):
;     between 2 and 3 expected, but got 1

;     (IF (EVERY (LAMBDA (X) X)
;                (MAPCAR #'PREDICATEISOPPOSITE (OPERATOR-EFFECTS TO)
;                        TMP-TO-PRECONDITIONS)))
; 
; caught ERROR:
;   error while parsing arguments to special operator IF:
;     too few elements in
;       ((EVERY (LAMBDA (X) X)
;               (MAPCAR #'PREDICATEISOPPOSITE (OPERATOR-EFFECTS TO)
;                       TMP-TO-PRECONDITIONS)))
;     to satisfy lambda list
;       (SB-C::TEST SB-C::THEN &OPTIONAL SB-C::ELSE):
;     between 2 and 3 expected, but got 1

;     (PRINT "---------")
; ==>
;   "---------"
; 
; note: deleting unreachable code
; 
; compilation unit finished
;   caught 4 ERROR conditions
;   printed 1 note


; /home/jr/Documents/School/CS687/projects/project6/project6-sp/project6.fasl written
; compilation finished in 0:00:00.057
; compiling file "/home/jr/Documents/School/CS687/projects/project6/project6-sp/project6.lisp" (written 07 MAY 2020 04:58:28 PM):

; file: /home/jr/Documents/School/CS687/projects/project6/project6-sp/project6.lisp
; in: DEFUN THREATENSLINK
;     (EVERY (LAMBDA (X) X)
;            (MAPCAR #'PREDICATEISOPPOSITE (LIST PRECONDITIONS) TMP-FROM-EFFECTS))
; --> BLOCK SB-INT:DX-FLET FLET SB-KERNEL:%MAP LET DO BLOCK LET TAGBODY 
; --> TAGBODY LET FUNCALL 
; ==>
;   (SB-C::%FUNCALL (SB-KERNEL:%COERCE-CALLABLE-FOR-CALL SB-C::FUN)
;                   (CAR #:INDEX78))
; 
; note: implementation limitation: couldn't inline expand because expansion refers to the optimized away object #<SB-C::CTRAN 1 {100384EBD3}>.

; --> BLOCK SB-INT:DX-FLET FLET SB-KERNEL:%MAP LET DO BLOCK LET TAGBODY 
; --> TAGBODY LET FUNCALL SB-C::%FUNCALL BLOCK 
; ==>
;   (LET ((#:VAL5 (FUNCALL (LAMBDA # X) #:G2)))
;     (UNLESS #:VAL5 (RETURN-FROM #:BLOCK3 NIL)))
; 
; note: deleting unused function
;   (LET ((#:VAL5 (FUNCALL (LAMBDA # X) #:G2)))
;     )

; --> BLOCK SB-INT:DX-FLET FLET SB-KERNEL:%MAP LET DO BLOCK LET TAGBODY 
; --> TAGBODY LET FUNCALL 
; ==>
;   (SB-C::%FUNCALL (SB-KERNEL:%COERCE-CALLABLE-FOR-CALL SB-C::FUN)
;                   (CAR #:INDEX78))
; 
; note: deleting unused function
;   (SB-C::LOCAL-INLINE (FLET "WRAPPER4" :IN THREATENSLINK))
; 
; compilation unit finished
;   printed 3 notes


; /home/jr/Documents/School/CS687/projects/project6/project6-sp/project6.fasl written
; compilation finished in 0:00:00.071
; compiling file "/home/jr/Documents/School/CS687/projects/project6/project6-sp/project6.lisp" (written 07 MAY 2020 04:58:46 PM):

; file: /home/jr/Documents/School/CS687/projects/project6/project6-sp/project6.lisp
; in: DEFUN THREATENSLINK
;     (EVERY (LAMBDA (X) X)
;            (MAPCAR #'PREDICATEISOPPOSITE (LIST PRECONDITIONS) TMP-FROM-EFFECTS))
; --> BLOCK SB-INT:DX-FLET FLET SB-KERNEL:%MAP LET DO BLOCK LET TAGBODY 
; --> TAGBODY LET FUNCALL 
; ==>
;   (SB-C::%FUNCALL (SB-KERNEL:%COERCE-CALLABLE-FOR-CALL SB-C::FUN)
;                   (CAR #:INDEX78))
; 
; note: implementation limitation: couldn't inline expand because expansion refers to the optimized away object #<SB-C::CTRAN 1 {1001E2F463}>.

; --> BLOCK SB-INT:DX-FLET FLET SB-KERNEL:%MAP LET DO BLOCK LET TAGBODY 
; --> TAGBODY LET FUNCALL SB-C::%FUNCALL BLOCK 
; ==>
;   (LET ((#:VAL5 (FUNCALL (LAMBDA # X) #:G2)))
;     (UNLESS #:VAL5 (RETURN-FROM #:BLOCK3 NIL)))
; 
; note: deleting unused function
;   (LET ((#:VAL5 (FUNCALL (LAMBDA # X) #:G2)))
;     )

; --> BLOCK SB-INT:DX-FLET FLET SB-KERNEL:%MAP LET DO BLOCK LET TAGBODY 
; --> TAGBODY LET FUNCALL 
; ==>
;   (SB-C::%FUNCALL (SB-KERNEL:%COERCE-CALLABLE-FOR-CALL SB-C::FUN)
;                   (CAR #:INDEX78))
; 
; note: deleting unused function
;   (SB-C::LOCAL-INLINE (FLET "WRAPPER4" :IN THREATENSLINK))
; 
; compilation unit finished
;   printed 3 notes


; /home/jr/Documents/School/CS687/projects/project6/project6-sp/project6.fasl written
; compilation finished in 0:00:00.065
; compiling file "/home/jr/Documents/School/CS687/projects/project6/project6-sp/project6.lisp" (written 07 MAY 2020 04:58:46 PM):

; file: /home/jr/Documents/School/CS687/projects/project6/project6-sp/project6.lisp
; in: DEFUN THREATENSLINK
;     (EVERY (LAMBDA (X) X)
;            (MAPCAR #'PREDICATEISOPPOSITE (LIST PRECONDITIONS) TMP-FROM-EFFECTS))
; --> BLOCK SB-INT:DX-FLET FLET SB-KERNEL:%MAP LET DO BLOCK LET TAGBODY 
; --> TAGBODY LET FUNCALL 
; ==>
;   (SB-C::%FUNCALL (SB-KERNEL:%COERCE-CALLABLE-FOR-CALL SB-C::FUN)
;                   (CAR #:INDEX78))
; 
; note: implementation limitation: couldn't inline expand because expansion refers to the optimized away object #<SB-C::CTRAN 1 {1004E85A23}>.

; --> BLOCK SB-INT:DX-FLET FLET SB-KERNEL:%MAP LET DO BLOCK LET TAGBODY 
; --> TAGBODY LET FUNCALL SB-C::%FUNCALL BLOCK 
; ==>
;   (LET ((#:VAL5 (FUNCALL (LAMBDA # X) #:G2)))
;     (UNLESS #:VAL5 (RETURN-FROM #:BLOCK3 NIL)))
; 
; note: deleting unused function
;   (LET ((#:VAL5 (FUNCALL (LAMBDA # X) #:G2)))
;     )

; --> BLOCK SB-INT:DX-FLET FLET SB-KERNEL:%MAP LET DO BLOCK LET TAGBODY 
; --> TAGBODY LET FUNCALL 
; ==>
;   (SB-C::%FUNCALL (SB-KERNEL:%COERCE-CALLABLE-FOR-CALL SB-C::FUN)
;                   (CAR #:INDEX78))
; 
; note: deleting unused function
;   (SB-C::LOCAL-INLINE (FLET "WRAPPER4" :IN THREATENSLINK))
; 
; compilation unit finished
;   printed 3 notes


; /home/jr/Documents/School/CS687/projects/project6/project6-sp/project6.fasl written
; compilation finished in 0:00:00.061
CL-USER> (threatenslink *plan* (elt *links* 0))
; compiling file "/home/jr/Documents/School/CS687/projects/project6/project6-sp/project6.lisp" (written 07 MAY 2020 04:59:43 PM):

; file: /home/jr/Documents/School/CS687/projects/project6/project6-sp/project6.lisp
; in: DEFUN THREATENSLINK
;     (EVERY (LAMBDA (X) X)
;            (MAPCAR #'PREDICATEISOPPOSITE (LIST PRECONDITIONS) TMP-FROM-EFFECTS))
; --> BLOCK SB-INT:DX-FLET FLET SB-KERNEL:%MAP LET DO BLOCK LET TAGBODY 
; --> TAGBODY LET FUNCALL 
; ==>
;   (SB-C::%FUNCALL (SB-KERNEL:%COERCE-CALLABLE-FOR-CALL SB-C::FUN)
;                   (CAR #:INDEX78))
; 
; note: implementation limitation: couldn't inline expand because expansion refers to the optimized away object #<SB-C::CTRAN 1 {1003F3D0E3}>.

; --> BLOCK SB-INT:DX-FLET FLET SB-KERNEL:%MAP LET DO BLOCK LET TAGBODY 
; --> TAGBODY LET FUNCALL SB-C::%FUNCALL BLOCK 
; ==>
;   (LET ((#:VAL5 (FUNCALL (LAMBDA # X) #:G2)))
;     (UNLESS #:VAL5 (RETURN-FROM #:BLOCK3 NIL)))
; 
; note: deleting unused function
;   (LET ((#:VAL5 (FUNCALL (LAMBDA # X) #:G2)))
;     )

; --> BLOCK SB-INT:DX-FLET FLET SB-KERNEL:%MAP LET DO BLOCK LET TAGBODY 
; --> TAGBODY LET FUNCALL 
; ==>
;   (SB-C::%FUNCALL (SB-KERNEL:%COERCE-CALLABLE-FOR-CALL SB-C::FUN)
;                   (CAR #:INDEX78))
; 
; note: deleting unused function
;   (SB-C::LOCAL-INLINE (FLET "WRAPPER4" :IN THREATENSLINK))
; 
; compilation unit finished
;   printed 3 notes


; /home/jr/Documents/School/CS687/projects/project6/project6-sp/project6.fasl written
; compilation finished in 0:00:00.066
; Evaluation aborted on #<TYPE-ERROR expected-type: LIST
             datum: #< (G1965)B-A-TO-TABLE -> (G1966)GOAL : (T A-CLEAR) >>.
CL-USER> (threatenslink *plan* (elt *links* 0))
; compiling file "/home/jr/Documents/School/CS687/projects/project6/project6-sp/project6.lisp" (written 07 MAY 2020 04:59:53 PM):

; file: /home/jr/Documents/School/CS687/projects/project6/project6-sp/project6.lisp
; in: DEFUN THREATENSLINK
;     (EVERY (LAMBDA (X) X)
;            (MAPCAR #'PREDICATEISOPPOSITE (LIST PRECONDITIONS) TMP-FROM-EFFECTS))
; --> BLOCK SB-INT:DX-FLET FLET SB-KERNEL:%MAP LET DO BLOCK LET TAGBODY 
; --> TAGBODY LET FUNCALL 
; ==>
;   (SB-C::%FUNCALL (SB-KERNEL:%COERCE-CALLABLE-FOR-CALL SB-C::FUN)
;                   (CAR #:INDEX78))
; 
; note: implementation limitation: couldn't inline expand because expansion refers to the optimized away object #<SB-C::CTRAN 1 {100263EBC3}>.

; --> BLOCK SB-INT:DX-FLET FLET SB-KERNEL:%MAP LET DO BLOCK LET TAGBODY 
; --> TAGBODY LET FUNCALL SB-C::%FUNCALL BLOCK 
; ==>
;   (LET ((#:VAL5 (FUNCALL (LAMBDA # X) #:G2)))
;     (UNLESS #:VAL5 (RETURN-FROM #:BLOCK3 NIL)))
; 
; note: deleting unused function
;   (LET ((#:VAL5 (FUNCALL (LAMBDA # X) #:G2)))
;     )

; --> BLOCK SB-INT:DX-FLET FLET SB-KERNEL:%MAP LET DO BLOCK LET TAGBODY 
; --> TAGBODY LET FUNCALL 
; ==>
;   (SB-C::%FUNCALL (SB-KERNEL:%COERCE-CALLABLE-FOR-CALL SB-C::FUN)
;                   (CAR #:INDEX78))
; 
; note: deleting unused function
;   (SB-C::LOCAL-INLINE (FLET "WRAPPER4" :IN THREATENSLINK))
; 
; compilation unit finished
;   printed 3 notes


; /home/jr/Documents/School/CS687/projects/project6/project6-sp/project6.fasl written
; compilation finished in 0:00:00.066
; compiling file "/home/jr/Documents/School/CS687/projects/project6/project6-sp/project6.lisp" (written 07 MAY 2020 05:00:04 PM):

; file: /home/jr/Documents/School/CS687/projects/project6/project6-sp/project6.lisp
; in: DEFUN THREATENSLINK
;     (EVERY (LAMBDA (X) X)
;            (MAPCAR #'PREDICATEISOPPOSITE (LIST PRECONDITIONS) TMP-FROM-EFFECTS))
; --> BLOCK SB-INT:DX-FLET FLET SB-KERNEL:%MAP LET DO BLOCK LET TAGBODY 
; --> TAGBODY LET FUNCALL 
; ==>
;   (SB-C::%FUNCALL (SB-KERNEL:%COERCE-CALLABLE-FOR-CALL SB-C::FUN)
;                   (CAR #:INDEX78))
; 
; note: implementation limitation: couldn't inline expand because expansion refers to the optimized away object #<SB-C::CTRAN 1 {1005726D73}>.

; --> BLOCK SB-INT:DX-FLET FLET SB-KERNEL:%MAP LET DO BLOCK LET TAGBODY 
; --> TAGBODY LET FUNCALL SB-C::%FUNCALL BLOCK 
; ==>
;   (LET ((#:VAL5 (FUNCALL (LAMBDA # X) #:G2)))
;     (UNLESS #:VAL5 (RETURN-FROM #:BLOCK3 NIL)))
; 
; note: deleting unused function
;   (LET ((#:VAL5 (FUNCALL (LAMBDA # X) #:G2)))
;     )

; --> BLOCK SB-INT:DX-FLET FLET SB-KERNEL:%MAP LET DO BLOCK LET TAGBODY 
; --> TAGBODY LET FUNCALL 
; ==>
;   (SB-C::%FUNCALL (SB-KERNEL:%COERCE-CALLABLE-FOR-CALL SB-C::FUN)
;                   (CAR #:INDEX78))
; 
; note: deleting unused function
;   (SB-C::LOCAL-INLINE (FLET "WRAPPER4" :IN THREATENSLINK))
; 
; compilation unit finished
;   printed 3 notes


; /home/jr/Documents/School/CS687/projects/project6/project6-sp/project6.fasl written
; compilation finished in 0:00:00.067
; compiling file "/home/jr/Documents/School/CS687/projects/project6/project6-sp/project6.lisp" (written 07 MAY 2020 05:01:01 PM):

; file: /home/jr/Documents/School/CS687/projects/project6/project6-sp/project6.lisp
; in: DEFUN THREATENSLINK
;     (EVERY (LAMBDA (X) X)
;            (MAPCAR #'PREDICATEISOPPOSITE (OPERATOR-EFFECTS TO)
;                    TMP-FROM-PRECONDITIONS))
; --> BLOCK SB-INT:DX-FLET FLET SB-KERNEL:%MAP LET DO BLOCK LET TAGBODY 
; --> TAGBODY LET FUNCALL 
; ==>
;   (SB-C::%FUNCALL (SB-KERNEL:%COERCE-CALLABLE-FOR-CALL SB-C::FUN)
;                   (CAR #:INDEX72))
; 
; note: implementation limitation: couldn't inline expand because expansion refers to the optimized away object #<SB-C::CTRAN 1 {10047138F3}>.

; --> BLOCK SB-INT:DX-FLET FLET SB-KERNEL:%MAP LET DO BLOCK LET TAGBODY 
; --> TAGBODY LET FUNCALL SB-C::%FUNCALL BLOCK 
; ==>
;   (LET ((#:VAL33 (FUNCALL (LAMBDA # X) #:G30)))
;     (UNLESS #:VAL33 (RETURN-FROM #:BLOCK31 NIL)))
; 
; note: deleting unused function
;   (LET ((#:VAL33 (FUNCALL (LAMBDA # X) #:G30)))
;     )

; --> BLOCK SB-INT:DX-FLET FLET SB-KERNEL:%MAP LET DO BLOCK LET TAGBODY 
; --> TAGBODY LET FUNCALL 
; ==>
;   (SB-C::%FUNCALL (SB-KERNEL:%COERCE-CALLABLE-FOR-CALL SB-C::FUN)
;                   (CAR #:INDEX72))
; 
; note: deleting unused function
;   (SB-C::LOCAL-INLINE (FLET "WRAPPER32" :IN THREATENSLINK))

;     (EVERY (LAMBDA (X) X)
;            (MAPCAR #'PREDICATEISOPPOSITE (OPERATOR-EFFECTS TO)
;                    TMP-TO-PRECONDITIONS))
; --> BLOCK SB-INT:DX-FLET FLET SB-KERNEL:%MAP LET DO BLOCK LET TAGBODY 
; --> TAGBODY LET FUNCALL 
; ==>
;   (SB-C::%FUNCALL (SB-KERNEL:%COERCE-CALLABLE-FOR-CALL SB-C::FUN)
;                   (CAR #:INDEX80))
; 
; note: implementation limitation: couldn't inline expand because expansion refers to the optimized away object #<SB-C::CTRAN 2 {10046E6DA3}>.

; --> BLOCK SB-INT:DX-FLET FLET SB-KERNEL:%MAP LET DO BLOCK LET TAGBODY 
; --> TAGBODY LET FUNCALL SB-C::%FUNCALL BLOCK 
; ==>
;   (LET ((#:VAL6 (FUNCALL (LAMBDA # X) #:G3)))
;     (UNLESS #:VAL6 (RETURN-FROM #:BLOCK4 NIL)))
; 
; note: deleting unused function
;   (LET ((#:VAL6 (FUNCALL (LAMBDA # X) #:G3)))
;     )

; --> BLOCK SB-INT:DX-FLET FLET SB-KERNEL:%MAP LET DO BLOCK LET TAGBODY 
; --> TAGBODY LET FUNCALL 
; ==>
;   (SB-C::%FUNCALL (SB-KERNEL:%COERCE-CALLABLE-FOR-CALL SB-C::FUN)
;                   (CAR #:INDEX80))
; 
; note: deleting unused function
;   (SB-C::LOCAL-INLINE (FLET "WRAPPER5" :IN THREATENSLINK))
; 
; compilation unit finished
;   printed 6 notes


; /home/jr/Documents/School/CS687/projects/project6/project6-sp/project6.fasl written
; compilation finished in 0:00:00.065
; Evaluation aborted on #<TYPE-ERROR expected-type: LIST
             datum: #< (G1997)B-A-TO-TABLE -> (G1998)GOAL : (T A-CLEAR) >>.
CL-USER> (threatenslink *plan* (elt *links* 0))
; compiling file "/home/jr/Documents/School/CS687/projects/project6/project6-sp/project6.lisp" (written 07 MAY 2020 05:02:08 PM):

; file: /home/jr/Documents/School/CS687/projects/project6/project6-sp/project6.lisp
; in: DEFUN THREATENSLINK
;     (EVERY (LAMBDA (X) X)
;            (MAPCAR #'PREDICATEISOPPOSITE (OPERATOR-EFFECTS TO)
;                    TMP-FROM-PRECONDITIONS))
; --> BLOCK SB-INT:DX-FLET FLET SB-KERNEL:%MAP LET DO BLOCK LET TAGBODY 
; --> TAGBODY LET FUNCALL 
; ==>
;   (SB-C::%FUNCALL (SB-KERNEL:%COERCE-CALLABLE-FOR-CALL SB-C::FUN)
;                   (CAR #:INDEX72))
; 
; note: implementation limitation: couldn't inline expand because expansion refers to the optimized away object #<SB-C::CTRAN 1 {10039CBFB3}>.

; --> BLOCK SB-INT:DX-FLET FLET SB-KERNEL:%MAP LET DO BLOCK LET TAGBODY 
; --> TAGBODY LET FUNCALL SB-C::%FUNCALL BLOCK 
; ==>
;   (LET ((#:VAL33 (FUNCALL (LAMBDA # X) #:G30)))
;     (UNLESS #:VAL33 (RETURN-FROM #:BLOCK31 NIL)))
; 
; note: deleting unused function
;   (LET ((#:VAL33 (FUNCALL (LAMBDA # X) #:G30)))
;     )

; --> BLOCK SB-INT:DX-FLET FLET SB-KERNEL:%MAP LET DO BLOCK LET TAGBODY 
; --> TAGBODY LET FUNCALL 
; ==>
;   (SB-C::%FUNCALL (SB-KERNEL:%COERCE-CALLABLE-FOR-CALL SB-C::FUN)
;                   (CAR #:INDEX72))
; 
; note: deleting unused function
;   (SB-C::LOCAL-INLINE (FLET "WRAPPER32" :IN THREATENSLINK))

;     (EVERY (LAMBDA (X) X)
;            (MAPCAR #'PREDICATEISOPPOSITE (OPERATOR-EFFECTS TO)
;                    TMP-TO-PRECONDITIONS))
; --> BLOCK SB-INT:DX-FLET FLET SB-KERNEL:%MAP LET DO BLOCK LET TAGBODY 
; --> TAGBODY LET FUNCALL 
; ==>
;   (SB-C::%FUNCALL (SB-KERNEL:%COERCE-CALLABLE-FOR-CALL SB-C::FUN)
;                   (CAR #:INDEX80))
; 
; note: implementation limitation: couldn't inline expand because expansion refers to the optimized away object #<SB-C::CTRAN 2 {10039A7373}>.

; --> BLOCK SB-INT:DX-FLET FLET SB-KERNEL:%MAP LET DO BLOCK LET TAGBODY 
; --> TAGBODY LET FUNCALL SB-C::%FUNCALL BLOCK 
; ==>
;   (LET ((#:VAL6 (FUNCALL (LAMBDA # X) #:G3)))
;     (UNLESS #:VAL6 (RETURN-FROM #:BLOCK4 NIL)))
; 
; note: deleting unused function
;   (LET ((#:VAL6 (FUNCALL (LAMBDA # X) #:G3)))
;     )

; --> BLOCK SB-INT:DX-FLET FLET SB-KERNEL:%MAP LET DO BLOCK LET TAGBODY 
; --> TAGBODY LET FUNCALL 
; ==>
;   (SB-C::%FUNCALL (SB-KERNEL:%COERCE-CALLABLE-FOR-CALL SB-C::FUN)
;                   (CAR #:INDEX80))
; 
; note: deleting unused function
;   (SB-C::LOCAL-INLINE (FLET "WRAPPER5" :IN THREATENSLINK))
; 
; compilation unit finished
;   printed 6 notes


; /home/jr/Documents/School/CS687/projects/project6/project6-sp/project6.fasl written
; compilation finished in 0:00:00.069
; Evaluation aborted on #<TYPE-ERROR expected-type: LIST
             datum: #< (G2093)B-A-TO-TABLE -> (G2094)GOAL : (T A-CLEAR) >>.
CL-USER> (threatenslink *plan* (elt *links* 0))
; compiling file "/home/jr/Documents/School/CS687/projects/project6/project6-sp/project6.lisp" (written 07 MAY 2020 05:02:20 PM):

; file: /home/jr/Documents/School/CS687/projects/project6/project6-sp/project6.lisp
; in: DEFUN THREATENSLINK
;     (EVERY (LAMBDA (X) X)
;            (MAPCAR #'PREDICATEISOPPOSITE (OPERATOR-EFFECTS TO)
;                    TMP-FROM-PRECONDITIONS))
; --> BLOCK SB-INT:DX-FLET FLET SB-KERNEL:%MAP LET DO BLOCK LET TAGBODY 
; --> TAGBODY LET FUNCALL 
; ==>
;   (SB-C::%FUNCALL (SB-KERNEL:%COERCE-CALLABLE-FOR-CALL SB-C::FUN)
;                   (CAR #:INDEX72))
; 
; note: implementation limitation: couldn't inline expand because expansion refers to the optimized away object #<SB-C::CTRAN 1 {1002182063}>.

; --> BLOCK SB-INT:DX-FLET FLET SB-KERNEL:%MAP LET DO BLOCK LET TAGBODY 
; --> TAGBODY LET FUNCALL SB-C::%FUNCALL BLOCK 
; ==>
;   (LET ((#:VAL33 (FUNCALL (LAMBDA # X) #:G30)))
;     (UNLESS #:VAL33 (RETURN-FROM #:BLOCK31 NIL)))
; 
; note: deleting unused function
;   (LET ((#:VAL33 (FUNCALL (LAMBDA # X) #:G30)))
;     )

; --> BLOCK SB-INT:DX-FLET FLET SB-KERNEL:%MAP LET DO BLOCK LET TAGBODY 
; --> TAGBODY LET FUNCALL 
; ==>
;   (SB-C::%FUNCALL (SB-KERNEL:%COERCE-CALLABLE-FOR-CALL SB-C::FUN)
;                   (CAR #:INDEX72))
; 
; note: deleting unused function
;   (SB-C::LOCAL-INLINE (FLET "WRAPPER32" :IN THREATENSLINK))

;     (EVERY (LAMBDA (X) X)
;            (MAPCAR #'PREDICATEISOPPOSITE (OPERATOR-EFFECTS TO)
;                    TMP-TO-PRECONDITIONS))
; --> BLOCK SB-INT:DX-FLET FLET SB-KERNEL:%MAP LET DO BLOCK LET TAGBODY 
; --> TAGBODY LET FUNCALL 
; ==>
;   (SB-C::%FUNCALL (SB-KERNEL:%COERCE-CALLABLE-FOR-CALL SB-C::FUN)
;                   (CAR #:INDEX80))
; 
; note: implementation limitation: couldn't inline expand because expansion refers to the optimized away object #<SB-C::CTRAN 2 {100215DC43}>.

; --> BLOCK SB-INT:DX-FLET FLET SB-KERNEL:%MAP LET DO BLOCK LET TAGBODY 
; --> TAGBODY LET FUNCALL SB-C::%FUNCALL BLOCK 
; ==>
;   (LET ((#:VAL6 (FUNCALL (LAMBDA # X) #:G3)))
;     (UNLESS #:VAL6 (RETURN-FROM #:BLOCK4 NIL)))
; 
; note: deleting unused function
;   (LET ((#:VAL6 (FUNCALL (LAMBDA # X) #:G3)))
;     )

; --> BLOCK SB-INT:DX-FLET FLET SB-KERNEL:%MAP LET DO BLOCK LET TAGBODY 
; --> TAGBODY LET FUNCALL 
; ==>
;   (SB-C::%FUNCALL (SB-KERNEL:%COERCE-CALLABLE-FOR-CALL SB-C::FUN)
;                   (CAR #:INDEX80))
; 
; note: deleting unused function
;   (SB-C::LOCAL-INLINE (FLET "WRAPPER5" :IN THREATENSLINK))
; 
; compilation unit finished
;   printed 6 notes


; /home/jr/Documents/School/CS687/projects/project6/project6-sp/project6.fasl written
; compilation finished in 0:00:00.069
; compiling file "/home/jr/Documents/School/CS687/projects/project6/project6-sp/project6.lisp" (written 07 MAY 2020 05:05:50 PM):

; file: /home/jr/Documents/School/CS687/projects/project6/project6-sp/project6.lisp
; in: DEFUN THREATENSLINK
;     (EVERY (LAMBDA (X) X)
;            (MAPCAR #'PREDICATEISOPPOSITE (LIST (OPERATOR-EFFECTS TO))
;                    TMP-FROM-PRECONDITIONS))
; --> BLOCK SB-INT:DX-FLET FLET SB-KERNEL:%MAP LET DO BLOCK LET TAGBODY 
; --> TAGBODY LET FUNCALL 
; ==>
;   (SB-C::%FUNCALL (SB-KERNEL:%COERCE-CALLABLE-FOR-CALL SB-C::FUN)
;                   (CAR #:INDEX72))
; 
; note: implementation limitation: couldn't inline expand because expansion refers to the optimized away object #<SB-C::CTRAN 1 {10054DC603}>.

; --> BLOCK SB-INT:DX-FLET FLET SB-KERNEL:%MAP LET DO BLOCK LET TAGBODY 
; --> TAGBODY LET FUNCALL SB-C::%FUNCALL BLOCK 
; ==>
;   (LET ((#:VAL33 (FUNCALL (LAMBDA # X) #:G30)))
;     (UNLESS #:VAL33 (RETURN-FROM #:BLOCK31 NIL)))
; 
; note: deleting unused function
;   (LET ((#:VAL33 (FUNCALL (LAMBDA # X) #:G30)))
;     )

; --> BLOCK SB-INT:DX-FLET FLET SB-KERNEL:%MAP LET DO BLOCK LET TAGBODY 
; --> TAGBODY LET FUNCALL 
; ==>
;   (SB-C::%FUNCALL (SB-KERNEL:%COERCE-CALLABLE-FOR-CALL SB-C::FUN)
;                   (CAR #:INDEX72))
; 
; note: deleting unused function
;   (SB-C::LOCAL-INLINE (FLET "WRAPPER32" :IN THREATENSLINK))

;     (EVERY (LAMBDA (X) X)
;            (MAPCAR #'PREDICATEISOPPOSITE (LIST (OPERATOR-EFFECTS TO))
;                    TMP-TO-PRECONDITIONS))
; --> BLOCK SB-INT:DX-FLET FLET SB-KERNEL:%MAP LET DO BLOCK LET TAGBODY 
; --> TAGBODY LET FUNCALL 
; ==>
;   (SB-C::%FUNCALL (SB-KERNEL:%COERCE-CALLABLE-FOR-CALL SB-C::FUN)
;                   (CAR #:INDEX80))
; 
; note: implementation limitation: couldn't inline expand because expansion refers to the optimized away object #<SB-C::CTRAN 2 {10054B79A3}>.

; --> BLOCK SB-INT:DX-FLET FLET SB-KERNEL:%MAP LET DO BLOCK LET TAGBODY 
; --> TAGBODY LET FUNCALL SB-C::%FUNCALL BLOCK 
; ==>
;   (LET ((#:VAL6 (FUNCALL (LAMBDA # X) #:G3)))
;     (UNLESS #:VAL6 (RETURN-FROM #:BLOCK4 NIL)))
; 
; note: deleting unused function
;   (LET ((#:VAL6 (FUNCALL (LAMBDA # X) #:G3)))
;     )

; --> BLOCK SB-INT:DX-FLET FLET SB-KERNEL:%MAP LET DO BLOCK LET TAGBODY 
; --> TAGBODY LET FUNCALL 
; ==>
;   (SB-C::%FUNCALL (SB-KERNEL:%COERCE-CALLABLE-FOR-CALL SB-C::FUN)
;                   (CAR #:INDEX80))
; 
; note: deleting unused function
;   (SB-C::LOCAL-INLINE (FLET "WRAPPER5" :IN THREATENSLINK))
; 
; compilation unit finished
;   printed 6 notes


; /home/jr/Documents/School/CS687/projects/project6/project6-sp/project6.fasl written
; compilation finished in 0:00:00.066
; Evaluation aborted on #<SB-INT:SIMPLE-PROGRAM-ERROR "invalid number of arguments: ~S" {10044B33E3}>.
CL-USER> (threatenslink *plan* (elt *links* 0))
; compiling file "/home/jr/Documents/School/CS687/projects/project6/project6-sp/project6.lisp" (written 07 MAY 2020 05:05:59 PM):

; file: /home/jr/Documents/School/CS687/projects/project6/project6-sp/project6.lisp
; in: DEFUN THREATENSLINK
;     (EVERY (LAMBDA (X) X)
;            (MAPCAR #'PREDICATEISOPPOSITE (OPERATOR-EFFECTS TO)
;                    TMP-FROM-PRECONDITIONS))
; --> BLOCK SB-INT:DX-FLET FLET SB-KERNEL:%MAP LET DO BLOCK LET TAGBODY 
; --> TAGBODY LET FUNCALL 
; ==>
;   (SB-C::%FUNCALL (SB-KERNEL:%COERCE-CALLABLE-FOR-CALL SB-C::FUN)
;                   (CAR #:INDEX72))
; 
; note: implementation limitation: couldn't inline expand because expansion refers to the optimized away object #<SB-C::CTRAN 1 {1004629C13}>.

; --> BLOCK SB-INT:DX-FLET FLET SB-KERNEL:%MAP LET DO BLOCK LET TAGBODY 
; --> TAGBODY LET FUNCALL SB-C::%FUNCALL BLOCK 
; ==>
;   (LET ((#:VAL33 (FUNCALL (LAMBDA # X) #:G30)))
;     (UNLESS #:VAL33 (RETURN-FROM #:BLOCK31 NIL)))
; 
; note: deleting unused function
;   (LET ((#:VAL33 (FUNCALL (LAMBDA # X) #:G30)))
;     )

; --> BLOCK SB-INT:DX-FLET FLET SB-KERNEL:%MAP LET DO BLOCK LET TAGBODY 
; --> TAGBODY LET FUNCALL 
; ==>
;   (SB-C::%FUNCALL (SB-KERNEL:%COERCE-CALLABLE-FOR-CALL SB-C::FUN)
;                   (CAR #:INDEX72))
; 
; note: deleting unused function
;   (SB-C::LOCAL-INLINE (FLET "WRAPPER32" :IN THREATENSLINK))

;     (EVERY (LAMBDA (X) X)
;            (MAPCAR #'PREDICATEISOPPOSITE (OPERATOR-EFFECTS TO)
;                    TMP-TO-PRECONDITIONS))
; --> BLOCK SB-INT:DX-FLET FLET SB-KERNEL:%MAP LET DO BLOCK LET TAGBODY 
; --> TAGBODY LET FUNCALL 
; ==>
;   (SB-C::%FUNCALL (SB-KERNEL:%COERCE-CALLABLE-FOR-CALL SB-C::FUN)
;                   (CAR #:INDEX80))
; 
; note: implementation limitation: couldn't inline expand because expansion refers to the optimized away object #<SB-C::CTRAN 2 {10046055F3}>.

; --> BLOCK SB-INT:DX-FLET FLET SB-KERNEL:%MAP LET DO BLOCK LET TAGBODY 
; --> TAGBODY LET FUNCALL SB-C::%FUNCALL BLOCK 
; ==>
;   (LET ((#:VAL6 (FUNCALL (LAMBDA # X) #:G3)))
;     (UNLESS #:VAL6 (RETURN-FROM #:BLOCK4 NIL)))
; 
; note: deleting unused function
;   (LET ((#:VAL6 (FUNCALL (LAMBDA # X) #:G3)))
;     )

; --> BLOCK SB-INT:DX-FLET FLET SB-KERNEL:%MAP LET DO BLOCK LET TAGBODY 
; --> TAGBODY LET FUNCALL 
; ==>
;   (SB-C::%FUNCALL (SB-KERNEL:%COERCE-CALLABLE-FOR-CALL SB-C::FUN)
;                   (CAR #:INDEX80))
; 
; note: deleting unused function
;   (SB-C::LOCAL-INLINE (FLET "WRAPPER5" :IN THREATENSLINK))
; 
; compilation unit finished
;   printed 6 notes


; /home/jr/Documents/School/CS687/projects/project6/project6-sp/project6.fasl written
; compilation finished in 0:00:00.065
; Evaluation aborted on #<SB-KERNEL:INDEX-TOO-LARGE-ERROR expected-type: (INTEGER 0 (0)) datum: 0>.
CL-USER> (threatenslink *plan* (elt *links* 0))
; compiling file "/home/jr/Documents/School/CS687/projects/project6/project6-sp/project6.lisp" (written 07 MAY 2020 05:06:23 PM):

; file: /home/jr/Documents/School/CS687/projects/project6/project6-sp/project6.lisp
; in: DEFUN THREATENSLINK
;     (EVERY (LAMBDA (X) X)
;            (MAPCAR #'PREDICATEISOPPOSITE (OPERATOR-EFFECTS TO)
;                    (LIST TMP-FROM-PRECONDITIONS)))
; --> BLOCK SB-INT:DX-FLET FLET SB-KERNEL:%MAP LET DO BLOCK LET TAGBODY 
; --> TAGBODY LET FUNCALL 
; ==>
;   (SB-C::%FUNCALL (SB-KERNEL:%COERCE-CALLABLE-FOR-CALL SB-C::FUN)
;                   (CAR #:INDEX72))
; 
; note: implementation limitation: couldn't inline expand because expansion refers to the optimized away object #<SB-C::CTRAN 1 {10035B3CB3}>.

; --> BLOCK SB-INT:DX-FLET FLET SB-KERNEL:%MAP LET DO BLOCK LET TAGBODY 
; --> TAGBODY LET FUNCALL SB-C::%FUNCALL BLOCK 
; ==>
;   (LET ((#:VAL33 (FUNCALL (LAMBDA # X) #:G30)))
;     (UNLESS #:VAL33 (RETURN-FROM #:BLOCK31 NIL)))
; 
; note: deleting unused function
;   (LET ((#:VAL33 (FUNCALL (LAMBDA # X) #:G30)))
;     )

; --> BLOCK SB-INT:DX-FLET FLET SB-KERNEL:%MAP LET DO BLOCK LET TAGBODY 
; --> TAGBODY LET FUNCALL 
; ==>
;   (SB-C::%FUNCALL (SB-KERNEL:%COERCE-CALLABLE-FOR-CALL SB-C::FUN)
;                   (CAR #:INDEX72))
; 
; note: deleting unused function
;   (SB-C::LOCAL-INLINE (FLET "WRAPPER32" :IN THREATENSLINK))

;     (EVERY (LAMBDA (X) X)
;            (MAPCAR #'PREDICATEISOPPOSITE (OPERATOR-EFFECTS TO)
;                    (LIST TMP-TO-PRECONDITIONS)))
; --> BLOCK SB-INT:DX-FLET FLET SB-KERNEL:%MAP LET DO BLOCK LET TAGBODY 
; --> TAGBODY LET FUNCALL 
; ==>
;   (SB-C::%FUNCALL (SB-KERNEL:%COERCE-CALLABLE-FOR-CALL SB-C::FUN)
;                   (CAR #:INDEX80))
; 
; note: implementation limitation: couldn't inline expand because expansion refers to the optimized away object #<SB-C::CTRAN 2 {100358EFF3}>.

; --> BLOCK SB-INT:DX-FLET FLET SB-KERNEL:%MAP LET DO BLOCK LET TAGBODY 
; --> TAGBODY LET FUNCALL SB-C::%FUNCALL BLOCK 
; ==>
;   (LET ((#:VAL6 (FUNCALL (LAMBDA # X) #:G3)))
;     (UNLESS #:VAL6 (RETURN-FROM #:BLOCK4 NIL)))
; 
; note: deleting unused function
;   (LET ((#:VAL6 (FUNCALL (LAMBDA # X) #:G3)))
;     )

; --> BLOCK SB-INT:DX-FLET FLET SB-KERNEL:%MAP LET DO BLOCK LET TAGBODY 
; --> TAGBODY LET FUNCALL 
; ==>
;   (SB-C::%FUNCALL (SB-KERNEL:%COERCE-CALLABLE-FOR-CALL SB-C::FUN)
;                   (CAR #:INDEX80))
; 
; note: deleting unused function
;   (SB-C::LOCAL-INLINE (FLET "WRAPPER5" :IN THREATENSLINK))
; 
; compilation unit finished
;   printed 6 notes


; /home/jr/Documents/School/CS687/projects/project6/project6-sp/project6.fasl written
; compilation finished in 0:00:00.094
; Evaluation aborted on #<TYPE-ERROR expected-type: LIST
             datum: #< (G2221)B-A-TO-TABLE -> (G2222)GOAL : (T A-CLEAR) >>.
CL-USER> (threatenslink *plan* (elt *links* 0))
; compiling file "/home/jr/Documents/School/CS687/projects/project6/project6-sp/project6.lisp" (written 07 MAY 2020 05:06:33 PM):

; file: /home/jr/Documents/School/CS687/projects/project6/project6-sp/project6.lisp
; in: DEFUN THREATENSLINK
;     (EVERY (LAMBDA (X) X)
;            (MAPCAR #'PREDICATEISOPPOSITE (OPERATOR-EFFECTS TO)
;                    TMP-FROM-PRECONDITIONS))
; --> BLOCK SB-INT:DX-FLET FLET SB-KERNEL:%MAP LET DO BLOCK LET TAGBODY 
; --> TAGBODY LET FUNCALL 
; ==>
;   (SB-C::%FUNCALL (SB-KERNEL:%COERCE-CALLABLE-FOR-CALL SB-C::FUN)
;                   (CAR #:INDEX72))
; 
; note: implementation limitation: couldn't inline expand because expansion refers to the optimized away object #<SB-C::CTRAN 1 {10020252F3}>.

; --> BLOCK SB-INT:DX-FLET FLET SB-KERNEL:%MAP LET DO BLOCK LET TAGBODY 
; --> TAGBODY LET FUNCALL SB-C::%FUNCALL BLOCK 
; ==>
;   (LET ((#:VAL33 (FUNCALL (LAMBDA # X) #:G30)))
;     (UNLESS #:VAL33 (RETURN-FROM #:BLOCK31 NIL)))
; 
; note: deleting unused function
;   (LET ((#:VAL33 (FUNCALL (LAMBDA # X) #:G30)))
;     )

; --> BLOCK SB-INT:DX-FLET FLET SB-KERNEL:%MAP LET DO BLOCK LET TAGBODY 
; --> TAGBODY LET FUNCALL 
; ==>
;   (SB-C::%FUNCALL (SB-KERNEL:%COERCE-CALLABLE-FOR-CALL SB-C::FUN)
;                   (CAR #:INDEX72))
; 
; note: deleting unused function
;   (SB-C::LOCAL-INLINE (FLET "WRAPPER32" :IN THREATENSLINK))

;     (EVERY (LAMBDA (X) X)
;            (MAPCAR #'PREDICATEISOPPOSITE (OPERATOR-EFFECTS TO)
;                    TMP-TO-PRECONDITIONS))
; --> BLOCK SB-INT:DX-FLET FLET SB-KERNEL:%MAP LET DO BLOCK LET TAGBODY 
; --> TAGBODY LET FUNCALL 
; ==>
;   (SB-C::%FUNCALL (SB-KERNEL:%COERCE-CALLABLE-FOR-CALL SB-C::FUN)
;                   (CAR #:INDEX80))
; 
; note: implementation limitation: couldn't inline expand because expansion refers to the optimized away object #<SB-C::CTRAN 2 {1002000AE3}>.

; --> BLOCK SB-INT:DX-FLET FLET SB-KERNEL:%MAP LET DO BLOCK LET TAGBODY 
; --> TAGBODY LET FUNCALL SB-C::%FUNCALL BLOCK 
; ==>
;   (LET ((#:VAL6 (FUNCALL (LAMBDA # X) #:G3)))
;     (UNLESS #:VAL6 (RETURN-FROM #:BLOCK4 NIL)))
; 
; note: deleting unused function
;   (LET ((#:VAL6 (FUNCALL (LAMBDA # X) #:G3)))
;     )

; --> BLOCK SB-INT:DX-FLET FLET SB-KERNEL:%MAP LET DO BLOCK LET TAGBODY 
; --> TAGBODY LET FUNCALL 
; ==>
;   (SB-C::%FUNCALL (SB-KERNEL:%COERCE-CALLABLE-FOR-CALL SB-C::FUN)
;                   (CAR #:INDEX80))
; 
; note: deleting unused function
;   (SB-C::LOCAL-INLINE (FLET "WRAPPER5" :IN THREATENSLINK))
; 
; compilation unit finished
;   printed 6 notes


; /home/jr/Documents/School/CS687/projects/project6/project6-sp/project6.fasl written
; compilation finished in 0:00:00.078
; compiling file "/home/jr/Documents/School/CS687/projects/project6/project6-sp/project6.lisp" (written 07 MAY 2020 05:06:59 PM):

; file: /home/jr/Documents/School/CS687/projects/project6/project6-sp/project6.lisp
; in: DEFUN THREATENSLINK
;     (EVERY (LAMBDA (X) X)
;            (MAPCAR #'PREDICATEISOPPOSITE (OPERATOR-EFFECTS TO)
;                    TMP-FROM-PRECONDITIONS))
; --> BLOCK SB-INT:DX-FLET FLET SB-KERNEL:%MAP LET DO BLOCK LET TAGBODY 
; --> TAGBODY LET FUNCALL 
; ==>
;   (SB-C::%FUNCALL (SB-KERNEL:%COERCE-CALLABLE-FOR-CALL SB-C::FUN)
;                   (CAR #:INDEX72))
; 
; note: implementation limitation: couldn't inline expand because expansion refers to the optimized away object #<SB-C::CTRAN 1 {1004FB4B73}>.

; --> BLOCK SB-INT:DX-FLET FLET SB-KERNEL:%MAP LET DO BLOCK LET TAGBODY 
; --> TAGBODY LET FUNCALL SB-C::%FUNCALL BLOCK 
; ==>
;   (LET ((#:VAL33 (FUNCALL (LAMBDA # X) #:G30)))
;     (UNLESS #:VAL33 (RETURN-FROM #:BLOCK31 NIL)))
; 
; note: deleting unused function
;   (LET ((#:VAL33 (FUNCALL (LAMBDA # X) #:G30)))
;     )

; --> BLOCK SB-INT:DX-FLET FLET SB-KERNEL:%MAP LET DO BLOCK LET TAGBODY 
; --> TAGBODY LET FUNCALL 
; ==>
;   (SB-C::%FUNCALL (SB-KERNEL:%COERCE-CALLABLE-FOR-CALL SB-C::FUN)
;                   (CAR #:INDEX72))
; 
; note: deleting unused function
;   (SB-C::LOCAL-INLINE (FLET "WRAPPER32" :IN THREATENSLINK))

;     (EVERY (LAMBDA (X) X)
;            (MAPCAR #'PREDICATEISOPPOSITE (OPERATOR-EFFECTS TO)
;                    TMP-TO-PRECONDITIONS))
; --> BLOCK SB-INT:DX-FLET FLET SB-KERNEL:%MAP LET DO BLOCK LET TAGBODY 
; --> TAGBODY LET FUNCALL 
; ==>
;   (SB-C::%FUNCALL (SB-KERNEL:%COERCE-CALLABLE-FOR-CALL SB-C::FUN)
;                   (CAR #:INDEX80))
; 
; note: implementation limitation: couldn't inline expand because expansion refers to the optimized away object #<SB-C::CTRAN 2 {1004F90153}>.

; --> BLOCK SB-INT:DX-FLET FLET SB-KERNEL:%MAP LET DO BLOCK LET TAGBODY 
; --> TAGBODY LET FUNCALL SB-C::%FUNCALL BLOCK 
; ==>
;   (LET ((#:VAL6 (FUNCALL (LAMBDA # X) #:G3)))
;     (UNLESS #:VAL6 (RETURN-FROM #:BLOCK4 NIL)))
; 
; note: deleting unused function
;   (LET ((#:VAL6 (FUNCALL (LAMBDA # X) #:G3)))
;     )

; --> BLOCK SB-INT:DX-FLET FLET SB-KERNEL:%MAP LET DO BLOCK LET TAGBODY 
; --> TAGBODY LET FUNCALL 
; ==>
;   (SB-C::%FUNCALL (SB-KERNEL:%COERCE-CALLABLE-FOR-CALL SB-C::FUN)
;                   (CAR #:INDEX80))
; 
; note: deleting unused function
;   (SB-C::LOCAL-INLINE (FLET "WRAPPER5" :IN THREATENSLINK))
; 
; compilation unit finished
;   printed 6 notes


; /home/jr/Documents/School/CS687/projects/project6/project6-sp/project6.fasl written
; compilation finished in 0:00:00.063
; Evaluation aborted on #<TYPE-ERROR expected-type: LIST
             datum: #< (G2253)B-A-TO-TABLE -> (G2254)GOAL : (T A-CLEAR) >>.
CL-USER> (threatenslink *plan* (elt *links* 0))
; compiling file "/home/jr/Documents/School/CS687/projects/project6/project6-sp/project6.lisp" (written 07 MAY 2020 05:09:08 PM):

; /home/jr/Documents/School/CS687/projects/project6/project6-sp/project6.fasl written
; compilation finished in 0:00:00.058
; Evaluation aborted on #<TYPE-ERROR expected-type: LIST
             datum: #< (G2317)B-A-TO-TABLE -> (G2318)GOAL : (T A-CLEAR) >>.
CL-USER> (threatenslink *plan* (elt *links* 0))
; Evaluation aborted on #<TYPE-ERROR expected-type: LIST
             datum: #< (G2349)B-A-TO-TABLE -> (G2350)GOAL : (T A-CLEAR) >>.
CL-USER> (threatenslink *plan* (elt *links* 0))
; compiling file "/home/jr/Documents/School/CS687/projects/project6/project6-sp/project6.lisp" (written 07 MAY 2020 05:10:17 PM):

; /home/jr/Documents/School/CS687/projects/project6/project6-sp/project6.fasl written
; compilation finished in 0:00:00.060
; Evaluation aborted on #<TYPE-ERROR expected-type: LIST
             datum: #< (G2349)B-A-TO-TABLE -> (G2350)GOAL : (T A-CLEAR) >>.
CL-USER> (threatenslink *plan* (elt *links* 0))

"poopy" 
"poopy" 
"poopy" 
NIL
; compiling file "/home/jr/Documents/School/CS687/projects/project6/project6-sp/project6.lisp" (written 07 MAY 2020 05:10:29 PM):

; file: /home/jr/Documents/School/CS687/projects/project6/project6-sp/project6.lisp
; in: DEFUN THREATENSLINK
;     (EVERY (LAMBDA (X) X)
;            (MAPCAR #'PREDICATEISOPPOSITE (OPERATOR-EFFECTS TO)
;                    TMP-FROM-PRECONDITIONS))
; --> BLOCK SB-INT:DX-FLET FLET SB-KERNEL:%MAP LET DO BLOCK LET TAGBODY 
; --> TAGBODY LET FUNCALL 
; ==>
;   (SB-C::%FUNCALL (SB-KERNEL:%COERCE-CALLABLE-FOR-CALL SB-C::FUN)
;                   (CAR #:INDEX72))
; 
; note: implementation limitation: couldn't inline expand because expansion refers to the optimized away object #<SB-C::CTRAN 1 {10054650C3}>.

; --> BLOCK SB-INT:DX-FLET FLET SB-KERNEL:%MAP LET DO BLOCK LET TAGBODY 
; --> TAGBODY LET FUNCALL SB-C::%FUNCALL BLOCK 
; ==>
;   (LET ((#:VAL33 (FUNCALL (LAMBDA # X) #:G30)))
;     (UNLESS #:VAL33 (RETURN-FROM #:BLOCK31 NIL)))
; 
; note: deleting unused function
;   (LET ((#:VAL33 (FUNCALL (LAMBDA # X) #:G30)))
;     )

; --> BLOCK SB-INT:DX-FLET FLET SB-KERNEL:%MAP LET DO BLOCK LET TAGBODY 
; --> TAGBODY LET FUNCALL 
; ==>
;   (SB-C::%FUNCALL (SB-KERNEL:%COERCE-CALLABLE-FOR-CALL SB-C::FUN)
;                   (CAR #:INDEX72))
; 
; note: deleting unused function
;   (SB-C::LOCAL-INLINE (FLET "WRAPPER32" :IN THREATENSLINK))

;     (EVERY (LAMBDA (X) X)
;            (MAPCAR #'PREDICATEISOPPOSITE (OPERATOR-EFFECTS TO)
;                    TMP-TO-PRECONDITIONS))
; --> BLOCK SB-INT:DX-FLET FLET SB-KERNEL:%MAP LET DO BLOCK LET TAGBODY 
; --> TAGBODY LET FUNCALL 
; ==>
;   (SB-C::%FUNCALL (SB-KERNEL:%COERCE-CALLABLE-FOR-CALL SB-C::FUN)
;                   (CAR #:INDEX80))
; 
; note: implementation limitation: couldn't inline expand because expansion refers to the optimized away object #<SB-C::CTRAN 2 {1005441BF3}>.

; --> BLOCK SB-INT:DX-FLET FLET SB-KERNEL:%MAP LET DO BLOCK LET TAGBODY 
; --> TAGBODY LET FUNCALL SB-C::%FUNCALL BLOCK 
; ==>
;   (LET ((#:VAL6 (FUNCALL (LAMBDA # X) #:G3)))
;     (UNLESS #:VAL6 (RETURN-FROM #:BLOCK4 NIL)))
; 
; note: deleting unused function
;   (LET ((#:VAL6 (FUNCALL (LAMBDA # X) #:G3)))
;     )

; --> BLOCK SB-INT:DX-FLET FLET SB-KERNEL:%MAP LET DO BLOCK LET TAGBODY 
; --> TAGBODY LET FUNCALL 
; ==>
;   (SB-C::%FUNCALL (SB-KERNEL:%COERCE-CALLABLE-FOR-CALL SB-C::FUN)
;                   (CAR #:INDEX80))
; 
; note: deleting unused function
;   (SB-C::LOCAL-INLINE (FLET "WRAPPER5" :IN THREATENSLINK))
; 
; compilation unit finished
;   printed 6 notes


; /home/jr/Documents/School/CS687/projects/project6/project6-sp/project6.fasl written
; compilation finished in 0:00:00.073
CL-USER> (threatenslink *plan* (elt *links* 0))

"poop" 
"poopy" 
"poop" 
"poopy" 
"poop" 
"poopy" 
"poop" 
"poopy" 
"poop" 
"poopy" 
"poop" 
"poopy" 
"poop" 
"poopy" 
"poop" 
"poopy" 
NIL
; compiling file "/home/jr/Documents/School/CS687/projects/project6/project6-sp/project6.lisp" (written 07 MAY 2020 05:10:48 PM):

; file: /home/jr/Documents/School/CS687/projects/project6/project6-sp/project6.lisp
; in: DEFUN THREATENSLINK
;     (EVERY (LAMBDA (X) X)
;            (MAPCAR #'PREDICATEISOPPOSITE (OPERATOR-EFFECTS TO)
;                    TMP-FROM-PRECONDITIONS))
; --> BLOCK SB-INT:DX-FLET FLET SB-KERNEL:%MAP LET DO BLOCK LET TAGBODY 
; --> TAGBODY LET FUNCALL 
; ==>
;   (SB-C::%FUNCALL (SB-KERNEL:%COERCE-CALLABLE-FOR-CALL SB-C::FUN)
;                   (CAR #:INDEX72))
; 
; note: implementation limitation: couldn't inline expand because expansion refers to the optimized away object #<SB-C::CTRAN 1 {10044AA4F3}>.

; --> BLOCK SB-INT:DX-FLET FLET SB-KERNEL:%MAP LET DO BLOCK LET TAGBODY 
; --> TAGBODY LET FUNCALL SB-C::%FUNCALL BLOCK 
; ==>
;   (LET ((#:VAL33 (FUNCALL (LAMBDA # X) #:G30)))
;     (UNLESS #:VAL33 (RETURN-FROM #:BLOCK31 NIL)))
; 
; note: deleting unused function
;   (LET ((#:VAL33 (FUNCALL (LAMBDA # X) #:G30)))
;     )

; --> BLOCK SB-INT:DX-FLET FLET SB-KERNEL:%MAP LET DO BLOCK LET TAGBODY 
; --> TAGBODY LET FUNCALL 
; ==>
;   (SB-C::%FUNCALL (SB-KERNEL:%COERCE-CALLABLE-FOR-CALL SB-C::FUN)
;                   (CAR #:INDEX72))
; 
; note: deleting unused function
;   (SB-C::LOCAL-INLINE (FLET "WRAPPER32" :IN THREATENSLINK))

;     (EVERY (LAMBDA (X) X)
;            (MAPCAR #'PREDICATEISOPPOSITE (OPERATOR-EFFECTS TO)
;                    TMP-TO-PRECONDITIONS))
; --> BLOCK SB-INT:DX-FLET FLET SB-KERNEL:%MAP LET DO BLOCK LET TAGBODY 
; --> TAGBODY LET FUNCALL 
; ==>
;   (SB-C::%FUNCALL (SB-KERNEL:%COERCE-CALLABLE-FOR-CALL SB-C::FUN)
;                   (CAR #:INDEX80))
; 
; note: implementation limitation: couldn't inline expand because expansion refers to the optimized away object #<SB-C::CTRAN 2 {1004485FE3}>.

; --> BLOCK SB-INT:DX-FLET FLET SB-KERNEL:%MAP LET DO BLOCK LET TAGBODY 
; --> TAGBODY LET FUNCALL SB-C::%FUNCALL BLOCK 
; ==>
;   (LET ((#:VAL6 (FUNCALL (LAMBDA # X) #:G3)))
;     (UNLESS #:VAL6 (RETURN-FROM #:BLOCK4 NIL)))
; 
; note: deleting unused function
;   (LET ((#:VAL6 (FUNCALL (LAMBDA # X) #:G3)))
;     )

; --> BLOCK SB-INT:DX-FLET FLET SB-KERNEL:%MAP LET DO BLOCK LET TAGBODY 
; --> TAGBODY LET FUNCALL 
; ==>
;   (SB-C::%FUNCALL (SB-KERNEL:%COERCE-CALLABLE-FOR-CALL SB-C::FUN)
;                   (CAR #:INDEX80))
; 
; note: deleting unused function
;   (SB-C::LOCAL-INLINE (FLET "WRAPPER5" :IN THREATENSLINK))
; 
; compilation unit finished
;   printed 6 notes


; /home/jr/Documents/School/CS687/projects/project6/project6-sp/project6.fasl written
; compilation finished in 0:00:00.064
CL-USER> (threatenslink *plan* (elt *links* 0))
; Evaluation aborted on #<TYPE-ERROR expected-type: LIST
             datum: #< (G2445)B-A-TO-TABLE -> (G2446)GOAL : (T A-CLEAR) >>.
CL-USER> ; compiling file "/home/jr/Documents/School/CS687/projects/project6/project6-sp/project6.lisp" (written 07 MAY 2020 05:11:51 PM):

; file: /home/jr/Documents/School/CS687/projects/project6/project6-sp/project6.lisp
; in: DEFUN THREATENSLINK
;     (EVERY (LAMBDA (X) X)
;            (MAPCAR #'PREDICATEISOPPOSITE (OPERATOR-EFFECTS TO)
;                    TMP-FROM-PRECONDITIONS))
; --> BLOCK SB-INT:DX-FLET FLET SB-KERNEL:%MAP LET DO BLOCK LET TAGBODY 
; --> TAGBODY LET FUNCALL 
; ==>
;   (SB-C::%FUNCALL (SB-KERNEL:%COERCE-CALLABLE-FOR-CALL SB-C::FUN)
;                   (CAR #:INDEX72))
; 
; note: implementation limitation: couldn't inline expand because expansion refers to the optimized away object #<SB-C::CTRAN 1 {10045FA813}>.

; --> BLOCK SB-INT:DX-FLET FLET SB-KERNEL:%MAP LET DO BLOCK LET TAGBODY 
; --> TAGBODY LET FUNCALL SB-C::%FUNCALL BLOCK 
; ==>
;   (LET ((#:VAL33 (FUNCALL (LAMBDA # X) #:G30)))
;     (UNLESS #:VAL33 (RETURN-FROM #:BLOCK31 NIL)))
; 
; note: deleting unused function
;   (LET ((#:VAL33 (FUNCALL (LAMBDA # X) #:G30)))
;     )

; --> BLOCK SB-INT:DX-FLET FLET SB-KERNEL:%MAP LET DO BLOCK LET TAGBODY 
; --> TAGBODY LET FUNCALL 
; ==>
;   (SB-C::%FUNCALL (SB-KERNEL:%COERCE-CALLABLE-FOR-CALL SB-C::FUN)
;                   (CAR #:INDEX72))
; 
; note: deleting unused function
;   (SB-C::LOCAL-INLINE (FLET "WRAPPER32" :IN THREATENSLINK))

;     (EVERY (LAMBDA (X) X)
;            (MAPCAR #'PREDICATEISOPPOSITE (OPERATOR-EFFECTS TO)
;                    TMP-TO-PRECONDITIONS))
; --> BLOCK SB-INT:DX-FLET FLET SB-KERNEL:%MAP LET DO BLOCK LET TAGBODY 
; --> TAGBODY LET FUNCALL 
; ==>
;   (SB-C::%FUNCALL (SB-KERNEL:%COERCE-CALLABLE-FOR-CALL SB-C::FUN)
;                   (CAR #:INDEX80))
; 
; note: implementation limitation: couldn't inline expand because expansion refers to the optimized away object #<SB-C::CTRAN 2 {10045CE0A3}>.

; --> BLOCK SB-INT:DX-FLET FLET SB-KERNEL:%MAP LET DO BLOCK LET TAGBODY 
; --> TAGBODY LET FUNCALL SB-C::%FUNCALL BLOCK 
; ==>
;   (LET ((#:VAL6 (FUNCALL (LAMBDA # X) #:G3)))
;     (UNLESS #:VAL6 (RETURN-FROM #:BLOCK4 NIL)))
; 
; note: deleting unused function
;   (LET ((#:VAL6 (FUNCALL (LAMBDA # X) #:G3)))
;     )

; --> BLOCK SB-INT:DX-FLET FLET SB-KERNEL:%MAP LET DO BLOCK LET TAGBODY 
; --> TAGBODY LET FUNCALL 
; ==>
;   (SB-C::%FUNCALL (SB-KERNEL:%COERCE-CALLABLE-FOR-CALL SB-C::FUN)
;                   (CAR #:INDEX80))
; 
; note: deleting unused function
;   (SB-C::LOCAL-INLINE (FLET "WRAPPER5" :IN THREATENSLINK))
; 
; compilation unit finished
;   printed 6 notes


; /home/jr/Documents/School/CS687/projects/project6/project6-sp/project6.fasl written
; compilation finished in 0:00:00.066

CL-USER> (threatenslink *plan* (elt *links* 0))

(#S(OPERATOR
    :NAME B-A-TO-TABLE
    :UNIQ #:G2477
    :PRECONDITIONS ((T B-ON-A) (T B-CLEAR))
    :EFFECTS ((T B-ON-TABLE) (NIL B-ON-A) (T A-CLEAR)))
 . #< (G2477)B-A-TO-TABLE -> (G2478)GOAL : (T A-CLEAR) >) 
"poopy" 
(#S(OPERATOR
    :NAME B-A-TO-TABLE
    :UNIQ #:G2479
    :PRECONDITIONS ((T B-ON-A) (T B-CLEAR))
    :EFFECTS ((T B-ON-TABLE) (NIL B-ON-A) (T A-CLEAR)))
 . #< (G2479)B-A-TO-TABLE -> (G2480)GOAL : (T B-ON-TABLE) >) 
"poopy" 
(#S(OPERATOR
    :NAME START
    :UNIQ #:G2481
    :PRECONDITIONS NIL
    :EFFECTS ((T A-ON-TABLE) (T B-ON-A) (T B-CLEAR)))
 . #< (G2481)START -> (G2482)B-A-TO-TABLE : (T B-CLEAR) >) 
"poopy" 
(#S(OPERATOR
    :NAME START
    :UNIQ #:G2483
    :PRECONDITIONS NIL
    :EFFECTS ((T A-ON-TABLE) (T B-ON-A) (T B-CLEAR)))
 . #< (G2483)START -> (G2484)B-A-TO-TABLE : (T B-ON-A) >) 
"poopy" 
(#S(OPERATOR
    :NAME B-A-TO-TABLE
    :UNIQ #:G2485
    :PRECONDITIONS ((T B-ON-A) (T B-CLEAR))
    :EFFECTS ((T B-ON-TABLE) (NIL B-ON-A) (T A-CLEAR)))
 . #< (G2485)B-A-TO-TABLE -> (G2486)A-TABLE-TO-B : (T A-CLEAR) >) 
"poopy" 
(#S(OPERATOR
    :NAME START
    :UNIQ #:G2487
    :PRECONDITIONS NIL
    :EFFECTS ((T A-ON-TABLE) (T B-ON-A) (T B-CLEAR)))
 . #< (G2487)START -> (G2488)A-TABLE-TO-B : (T B-CLEAR) >) 
"poopy" 
(#S(OPERATOR
    :NAME START
    :UNIQ #:G2489
    :PRECONDITIONS NIL
    :EFFECTS ((T A-ON-TABLE) (T B-ON-A) (T B-CLEAR)))
 . #< (G2489)START -> (G2490)A-TABLE-TO-B : (T A-ON-TABLE) >) 
"poopy" 
(#S(OPERATOR
    :NAME A-TABLE-TO-B
    :UNIQ #:G2491
    :PRECONDITIONS ((T A-ON-TABLE) (T B-CLEAR) (T A-CLEAR))
    :EFFECTS ((NIL A-ON-TABLE) (NIL B-CLEAR) (T A-ON-B)))
 . #< (G2491)A-TABLE-TO-B -> (G2492)GOAL : (T A-ON-B) >) 
"poopy" 
NIL
; compiling file "/home/jr/Documents/School/CS687/projects/project6/project6-sp/project6.lisp" (written 07 MAY 2020 05:12:32 PM):

; file: /home/jr/Documents/School/CS687/projects/project6/project6-sp/project6.lisp
; in: DEFUN THREATENSLINK
;     (EVERY (LAMBDA (X) X)
;            (MAPCAR #'PREDICATEISOPPOSITE (OPERATOR-EFFECTS TO)
;                    TMP-FROM-PRECONDITIONS))
; --> BLOCK SB-INT:DX-FLET FLET SB-KERNEL:%MAP LET DO BLOCK LET TAGBODY 
; --> TAGBODY LET FUNCALL 
; ==>
;   (SB-C::%FUNCALL (SB-KERNEL:%COERCE-CALLABLE-FOR-CALL SB-C::FUN)
;                   (CAR #:INDEX72))
; 
; note: implementation limitation: couldn't inline expand because expansion refers to the optimized away object #<SB-C::CTRAN 1 {10037796E3}>.

; --> BLOCK SB-INT:DX-FLET FLET SB-KERNEL:%MAP LET DO BLOCK LET TAGBODY 
; --> TAGBODY LET FUNCALL SB-C::%FUNCALL BLOCK 
; ==>
;   (LET ((#:VAL33 (FUNCALL (LAMBDA # X) #:G30)))
;     (UNLESS #:VAL33 (RETURN-FROM #:BLOCK31 NIL)))
; 
; note: deleting unused function
;   (LET ((#:VAL33 (FUNCALL (LAMBDA # X) #:G30)))
;     )

; --> BLOCK SB-INT:DX-FLET FLET SB-KERNEL:%MAP LET DO BLOCK LET TAGBODY 
; --> TAGBODY LET FUNCALL 
; ==>
;   (SB-C::%FUNCALL (SB-KERNEL:%COERCE-CALLABLE-FOR-CALL SB-C::FUN)
;                   (CAR #:INDEX72))
; 
; note: deleting unused function
;   (SB-C::LOCAL-INLINE (FLET "WRAPPER32" :IN THREATENSLINK))

;     (EVERY (LAMBDA (X) X)
;            (MAPCAR #'PREDICATEISOPPOSITE (OPERATOR-EFFECTS TO)
;                    TMP-TO-PRECONDITIONS))
; --> BLOCK SB-INT:DX-FLET FLET SB-KERNEL:%MAP LET DO BLOCK LET TAGBODY 
; --> TAGBODY LET FUNCALL 
; ==>
;   (SB-C::%FUNCALL (SB-KERNEL:%COERCE-CALLABLE-FOR-CALL SB-C::FUN)
;                   (CAR #:INDEX80))
; 
; note: implementation limitation: couldn't inline expand because expansion refers to the optimized away object #<SB-C::CTRAN 2 {100372D1D3}>.

; --> BLOCK SB-INT:DX-FLET FLET SB-KERNEL:%MAP LET DO BLOCK LET TAGBODY 
; --> TAGBODY LET FUNCALL SB-C::%FUNCALL BLOCK 
; ==>
;   (LET ((#:VAL6 (FUNCALL (LAMBDA # X) #:G3)))
;     (UNLESS #:VAL6 (RETURN-FROM #:BLOCK4 NIL)))
; 
; note: deleting unused function
;   (LET ((#:VAL6 (FUNCALL (LAMBDA # X) #:G3)))
;     )

; --> BLOCK SB-INT:DX-FLET FLET SB-KERNEL:%MAP LET DO BLOCK LET TAGBODY 
; --> TAGBODY LET FUNCALL 
; ==>
;   (SB-C::%FUNCALL (SB-KERNEL:%COERCE-CALLABLE-FOR-CALL SB-C::FUN)
;                   (CAR #:INDEX80))
; 
; note: deleting unused function
;   (SB-C::LOCAL-INLINE (FLET "WRAPPER5" :IN THREATENSLINK))
; 
; compilation unit finished
;   printed 6 notes


; /home/jr/Documents/School/CS687/projects/project6/project6-sp/project6.fasl written
; compilation finished in 0:00:00.070
CL-USER> (threatenslink *plan* (elt *links* 0))

"poopy" 
"poopy" 
"poopy" 
"poopy" 
"poopy" 
"poopy" 
"poopy" 
"poopy" 
NIL
; compiling file "/home/jr/Documents/School/CS687/projects/project6/project6-sp/project6.lisp" (written 07 MAY 2020 05:12:42 PM):

; file: /home/jr/Documents/School/CS687/projects/project6/project6-sp/project6.lisp
; in: DEFUN THREATENSLINK
;     (EVERY (LAMBDA (X) X)
;            (MAPCAR #'PREDICATEISOPPOSITE (OPERATOR-EFFECTS TO)
;                    TMP-FROM-PRECONDITIONS))
; --> BLOCK SB-INT:DX-FLET FLET SB-KERNEL:%MAP LET DO BLOCK LET TAGBODY 
; --> TAGBODY LET FUNCALL 
; ==>
;   (SB-C::%FUNCALL (SB-KERNEL:%COERCE-CALLABLE-FOR-CALL SB-C::FUN)
;                   (CAR #:INDEX72))
; 
; note: implementation limitation: couldn't inline expand because expansion refers to the optimized away object #<SB-C::CTRAN 1 {100202AB33}>.

; --> BLOCK SB-INT:DX-FLET FLET SB-KERNEL:%MAP LET DO BLOCK LET TAGBODY 
; --> TAGBODY LET FUNCALL SB-C::%FUNCALL BLOCK 
; ==>
;   (LET ((#:VAL33 (FUNCALL (LAMBDA # X) #:G30)))
;     (UNLESS #:VAL33 (RETURN-FROM #:BLOCK31 NIL)))
; 
; note: deleting unused function
;   (LET ((#:VAL33 (FUNCALL (LAMBDA # X) #:G30)))
;     )

; --> BLOCK SB-INT:DX-FLET FLET SB-KERNEL:%MAP LET DO BLOCK LET TAGBODY 
; --> TAGBODY LET FUNCALL 
; ==>
;   (SB-C::%FUNCALL (SB-KERNEL:%COERCE-CALLABLE-FOR-CALL SB-C::FUN)
;                   (CAR #:INDEX72))
; 
; note: deleting unused function
;   (SB-C::LOCAL-INLINE (FLET "WRAPPER32" :IN THREATENSLINK))

;     (EVERY (LAMBDA (X) X)
;            (MAPCAR #'PREDICATEISOPPOSITE (OPERATOR-EFFECTS TO)
;                    TMP-TO-PRECONDITIONS))
; --> BLOCK SB-INT:DX-FLET FLET SB-KERNEL:%MAP LET DO BLOCK LET TAGBODY 
; --> TAGBODY LET FUNCALL 
; ==>
;   (SB-C::%FUNCALL (SB-KERNEL:%COERCE-CALLABLE-FOR-CALL SB-C::FUN)
;                   (CAR #:INDEX80))
; 
; note: implementation limitation: couldn't inline expand because expansion refers to the optimized away object #<SB-C::CTRAN 2 {1001FD5DB3}>.

; --> BLOCK SB-INT:DX-FLET FLET SB-KERNEL:%MAP LET DO BLOCK LET TAGBODY 
; --> TAGBODY LET FUNCALL SB-C::%FUNCALL BLOCK 
; ==>
;   (LET ((#:VAL6 (FUNCALL (LAMBDA # X) #:G3)))
;     (UNLESS #:VAL6 (RETURN-FROM #:BLOCK4 NIL)))
; 
; note: deleting unused function
;   (LET ((#:VAL6 (FUNCALL (LAMBDA # X) #:G3)))
;     )

; --> BLOCK SB-INT:DX-FLET FLET SB-KERNEL:%MAP LET DO BLOCK LET TAGBODY 
; --> TAGBODY LET FUNCALL 
; ==>
;   (SB-C::%FUNCALL (SB-KERNEL:%COERCE-CALLABLE-FOR-CALL SB-C::FUN)
;                   (CAR #:INDEX80))
; 
; note: deleting unused function
;   (SB-C::LOCAL-INLINE (FLET "WRAPPER5" :IN THREATENSLINK))
; 
; compilation unit finished
;   printed 6 notes


; /home/jr/Documents/School/CS687/projects/project6/project6-sp/project6.fasl written
; compilation finished in 0:00:00.070
CL-USER> (threatenslink *plan* (elt *links* 0))

"poopy" 
"poopy" 
"poopy" 
"poopy" 
"poopy" 
"poopy" 
"poopy" 
"poopy" 
NIL
; compiling file "/home/jr/Documents/School/CS687/projects/project6/project6-sp/project6.lisp" (written 07 MAY 2020 05:12:55 PM):

; file: /home/jr/Documents/School/CS687/projects/project6/project6-sp/project6.lisp
; in: DEFUN THREATENSLINK
;     (EVERY (LAMBDA (X) X)
;            (MAPCAR #'PREDICATEISOPPOSITE (OPERATOR-EFFECTS TO)
;                    TMP-FROM-PRECONDITIONS))
; --> BLOCK SB-INT:DX-FLET FLET SB-KERNEL:%MAP LET DO BLOCK LET TAGBODY 
; --> TAGBODY LET FUNCALL 
; ==>
;   (SB-C::%FUNCALL (SB-KERNEL:%COERCE-CALLABLE-FOR-CALL SB-C::FUN)
;                   (CAR #:INDEX72))
; 
; note: implementation limitation: couldn't inline expand because expansion refers to the optimized away object #<SB-C::CTRAN 1 {1004FE2593}>.

; --> BLOCK SB-INT:DX-FLET FLET SB-KERNEL:%MAP LET DO BLOCK LET TAGBODY 
; --> TAGBODY LET FUNCALL SB-C::%FUNCALL BLOCK 
; ==>
;   (LET ((#:VAL33 (FUNCALL (LAMBDA # X) #:G30)))
;     (UNLESS #:VAL33 (RETURN-FROM #:BLOCK31 NIL)))
; 
; note: deleting unused function
;   (LET ((#:VAL33 (FUNCALL (LAMBDA # X) #:G30)))
;     )

; --> BLOCK SB-INT:DX-FLET FLET SB-KERNEL:%MAP LET DO BLOCK LET TAGBODY 
; --> TAGBODY LET FUNCALL 
; ==>
;   (SB-C::%FUNCALL (SB-KERNEL:%COERCE-CALLABLE-FOR-CALL SB-C::FUN)
;                   (CAR #:INDEX72))
; 
; note: deleting unused function
;   (SB-C::LOCAL-INLINE (FLET "WRAPPER32" :IN THREATENSLINK))

;     (EVERY (LAMBDA (X) X)
;            (MAPCAR #'PREDICATEISOPPOSITE (OPERATOR-EFFECTS TO)
;                    TMP-TO-PRECONDITIONS))
; --> BLOCK SB-INT:DX-FLET FLET SB-KERNEL:%MAP LET DO BLOCK LET TAGBODY 
; --> TAGBODY LET FUNCALL 
; ==>
;   (SB-C::%FUNCALL (SB-KERNEL:%COERCE-CALLABLE-FOR-CALL SB-C::FUN)
;                   (CAR #:INDEX80))
; 
; note: implementation limitation: couldn't inline expand because expansion refers to the optimized away object #<SB-C::CTRAN 2 {1004FBDB33}>.

; --> BLOCK SB-INT:DX-FLET FLET SB-KERNEL:%MAP LET DO BLOCK LET TAGBODY 
; --> TAGBODY LET FUNCALL SB-C::%FUNCALL BLOCK 
; ==>
;   (LET ((#:VAL6 (FUNCALL (LAMBDA # X) #:G3)))
;     (UNLESS #:VAL6 (RETURN-FROM #:BLOCK4 NIL)))
; 
; note: deleting unused function
;   (LET ((#:VAL6 (FUNCALL (LAMBDA # X) #:G3)))
;     )

; --> BLOCK SB-INT:DX-FLET FLET SB-KERNEL:%MAP LET DO BLOCK LET TAGBODY 
; --> TAGBODY LET FUNCALL 
; ==>
;   (SB-C::%FUNCALL (SB-KERNEL:%COERCE-CALLABLE-FOR-CALL SB-C::FUN)
;                   (CAR #:INDEX80))
; 
; note: deleting unused function
;   (SB-C::LOCAL-INLINE (FLET "WRAPPER5" :IN THREATENSLINK))
; 
; compilation unit finished
;   printed 6 notes


; /home/jr/Documents/School/CS687/projects/project6/project6-sp/project6.fasl written
; compilation finished in 0:00:00.067
CL-USER> (threatenslink *plan* (elt *links* 0))

NIL 
"poopy" 
NIL 
"poopy" 
NIL 
"poopy" 
NIL 
"poopy" 
NIL 
"poopy" 
NIL 
"poopy" 
NIL 
"poopy" 
NIL 
"poopy" 
NIL
; compiling file "/home/jr/Documents/School/CS687/projects/project6/project6-sp/project6.lisp" (written 07 MAY 2020 05:13:07 PM):

; file: /home/jr/Documents/School/CS687/projects/project6/project6-sp/project6.lisp
; in: DEFUN THREATENSLINK
;     (EVERY (LAMBDA (X) X)
;            (MAPCAR #'PREDICATEISOPPOSITE (OPERATOR-EFFECTS TO)
;                    TMP-FROM-PRECONDITIONS))
; --> BLOCK SB-INT:DX-FLET FLET SB-KERNEL:%MAP LET DO BLOCK LET TAGBODY 
; --> TAGBODY LET FUNCALL 
; ==>
;   (SB-C::%FUNCALL (SB-KERNEL:%COERCE-CALLABLE-FOR-CALL SB-C::FUN)
;                   (CAR #:INDEX72))
; 
; note: implementation limitation: couldn't inline expand because expansion refers to the optimized away object #<SB-C::CTRAN 1 {100406C123}>.

; --> BLOCK SB-INT:DX-FLET FLET SB-KERNEL:%MAP LET DO BLOCK LET TAGBODY 
; --> TAGBODY LET FUNCALL SB-C::%FUNCALL BLOCK 
; ==>
;   (LET ((#:VAL33 (FUNCALL (LAMBDA # X) #:G30)))
;     (UNLESS #:VAL33 (RETURN-FROM #:BLOCK31 NIL)))
; 
; note: deleting unused function
;   (LET ((#:VAL33 (FUNCALL (LAMBDA # X) #:G30)))
;     )

; --> BLOCK SB-INT:DX-FLET FLET SB-KERNEL:%MAP LET DO BLOCK LET TAGBODY 
; --> TAGBODY LET FUNCALL 
; ==>
;   (SB-C::%FUNCALL (SB-KERNEL:%COERCE-CALLABLE-FOR-CALL SB-C::FUN)
;                   (CAR #:INDEX72))
; 
; note: deleting unused function
;   (SB-C::LOCAL-INLINE (FLET "WRAPPER32" :IN THREATENSLINK))

;     (EVERY (LAMBDA (X) X)
;            (MAPCAR #'PREDICATEISOPPOSITE (OPERATOR-EFFECTS TO)
;                    TMP-TO-PRECONDITIONS))
; --> BLOCK SB-INT:DX-FLET FLET SB-KERNEL:%MAP LET DO BLOCK LET TAGBODY 
; --> TAGBODY LET FUNCALL 
; ==>
;   (SB-C::%FUNCALL (SB-KERNEL:%COERCE-CALLABLE-FOR-CALL SB-C::FUN)
;                   (CAR #:INDEX80))
; 
; note: implementation limitation: couldn't inline expand because expansion refers to the optimized away object #<SB-C::CTRAN 2 {10040473C3}>.

; --> BLOCK SB-INT:DX-FLET FLET SB-KERNEL:%MAP LET DO BLOCK LET TAGBODY 
; --> TAGBODY LET FUNCALL SB-C::%FUNCALL BLOCK 
; ==>
;   (LET ((#:VAL6 (FUNCALL (LAMBDA # X) #:G3)))
;     (UNLESS #:VAL6 (RETURN-FROM #:BLOCK4 NIL)))
; 
; note: deleting unused function
;   (LET ((#:VAL6 (FUNCALL (LAMBDA # X) #:G3)))
;     )

; --> BLOCK SB-INT:DX-FLET FLET SB-KERNEL:%MAP LET DO BLOCK LET TAGBODY 
; --> TAGBODY LET FUNCALL 
; ==>
;   (SB-C::%FUNCALL (SB-KERNEL:%COERCE-CALLABLE-FOR-CALL SB-C::FUN)
;                   (CAR #:INDEX80))
; 
; note: deleting unused function
;   (SB-C::LOCAL-INLINE (FLET "WRAPPER5" :IN THREATENSLINK))
; 
; compilation unit finished
;   printed 6 notes


; /home/jr/Documents/School/CS687/projects/project6/project6-sp/project6.fasl written
; compilation finished in 0:00:00.075
CL-USER> (threatenslink *plan* (elt *links* 0))
; compiling file "/home/jr/Documents/School/CS687/projects/project6/project6-sp/project6.lisp" (written 07 MAY 2020 05:13:24 PM):

; file: /home/jr/Documents/School/CS687/projects/project6/project6-sp/project6.lisp
; in: DEFUN THREATENSLINK
;     (EVERY (LAMBDA (X) X)
;            (MAPCAR #'PREDICATEISOPPOSITE (OPERATOR-EFFECTS TO)
;                    TMP-FROM-PRECONDITIONS))
; --> BLOCK SB-INT:DX-FLET FLET SB-KERNEL:%MAP LET DO BLOCK LET TAGBODY 
; --> TAGBODY LET FUNCALL 
; ==>
;   (SB-C::%FUNCALL (SB-KERNEL:%COERCE-CALLABLE-FOR-CALL SB-C::FUN)
;                   (CAR #:INDEX72))
; 
; note: implementation limitation: couldn't inline expand because expansion refers to the optimized away object #<SB-C::CTRAN 1 {10030157C3}>.

; --> BLOCK SB-INT:DX-FLET FLET SB-KERNEL:%MAP LET DO BLOCK LET TAGBODY 
; --> TAGBODY LET FUNCALL SB-C::%FUNCALL BLOCK 
; ==>
;   (LET ((#:VAL33 (FUNCALL (LAMBDA # X) #:G30)))
;     (UNLESS #:VAL33 (RETURN-FROM #:BLOCK31 NIL)))
; 
; note: deleting unused function
;   (LET ((#:VAL33 (FUNCALL (LAMBDA # X) #:G30)))
;     )

; --> BLOCK SB-INT:DX-FLET FLET SB-KERNEL:%MAP LET DO BLOCK LET TAGBODY 
; --> TAGBODY LET FUNCALL 
; ==>
;   (SB-C::%FUNCALL (SB-KERNEL:%COERCE-CALLABLE-FOR-CALL SB-C::FUN)
;                   (CAR #:INDEX72))
; 
; note: deleting unused function
;   (SB-C::LOCAL-INLINE (FLET "WRAPPER32" :IN THREATENSLINK))

;     (EVERY (LAMBDA (X) X)
;            (MAPCAR #'PREDICATEISOPPOSITE (OPERATOR-EFFECTS TO)
;                    TMP-TO-PRECONDITIONS))
; --> BLOCK SB-INT:DX-FLET FLET SB-KERNEL:%MAP LET DO BLOCK LET TAGBODY 
; --> TAGBODY LET FUNCALL 
; ==>
;   (SB-C::%FUNCALL (SB-KERNEL:%COERCE-CALLABLE-FOR-CALL SB-C::FUN)
;                   (CAR #:INDEX80))
; 
; note: implementation limitation: couldn't inline expand because expansion refers to the optimized away object #<SB-C::CTRAN 2 {1002FE84A3}>.

; --> BLOCK SB-INT:DX-FLET FLET SB-KERNEL:%MAP LET DO BLOCK LET TAGBODY 
; --> TAGBODY LET FUNCALL SB-C::%FUNCALL BLOCK 
; ==>
;   (LET ((#:VAL6 (FUNCALL (LAMBDA # X) #:G3)))
;     (UNLESS #:VAL6 (RETURN-FROM #:BLOCK4 NIL)))
; 
; note: deleting unused function
;   (LET ((#:VAL6 (FUNCALL (LAMBDA # X) #:G3)))
;     )

; --> BLOCK SB-INT:DX-FLET FLET SB-KERNEL:%MAP LET DO BLOCK LET TAGBODY 
; --> TAGBODY LET FUNCALL 
; ==>
;   (SB-C::%FUNCALL (SB-KERNEL:%COERCE-CALLABLE-FOR-CALL SB-C::FUN)
;                   (CAR #:INDEX80))
; 
; note: deleting unused function
;   (SB-C::LOCAL-INLINE (FLET "WRAPPER5" :IN THREATENSLINK))
; 
; compilation unit finished
;   printed 6 notes


; /home/jr/Documents/School/CS687/projects/project6/project6-sp/project6.fasl written
; compilation finished in 0:00:00.075
; Evaluation aborted on #<TYPE-ERROR expected-type: LIST
             datum: #< (G2605)B-A-TO-TABLE -> (G2606)GOAL : (T A-CLEAR) >>.
CL-USER> (threatenslink *plan* (elt *links* 0))
; compiling file "/home/jr/Documents/School/CS687/projects/project6/project6-sp/project6.lisp" (written 07 MAY 2020 05:14:01 PM):

; file: /home/jr/Documents/School/CS687/projects/project6/project6-sp/project6.lisp
; in: DEFUN THREATENSLINK
;     (IF (OR
;          (EVERY (LAMBDA (X) X)
;                 (MAPCAR #'PREDICATEISOPPOSITE (LIST PRECONDITIONS)
;                         TMP-FROM-EFFECTS))
;          (EVERY (LAMBDA (X) X)
;                 (MAPCAR #'PREDICATEISOPPOSITE (OPERATOR-EFFECTS TO)
;                         TMP-TO-PRECONDITIONS))))
; 
; caught ERROR:
;   error while parsing arguments to special operator IF:
;     too few elements in
;       ((OR
;         (EVERY (LAMBDA (X) X)
;                (MAPCAR #'PREDICATEISOPPOSITE (LIST PRECONDITIONS)
;                        TMP-FROM-EFFECTS))
;         (EVERY (LAMBDA (X) X)
;                (MAPCAR #'PREDICATEISOPPOSITE (OPERATOR-EFFECTS TO)
;                        TMP-TO-PRECONDITIONS))))
;     to satisfy lambda list
;       (SB-C::TEST SB-C::THEN &OPTIONAL SB-C::ELSE):
;     between 2 and 3 expected, but got 1

;     (IF (OR
;          (EVERY (LAMBDA (X) X)
;                 (MAPCAR #'PREDICATEISOPPOSITE (LIST PRECONDITIONS)
;                         TMP-TO-EFFECTS))
;          (EVERY (LAMBDA (X) X)
;                 (MAPCAR #'PREDICATEISOPPOSITE (OPERATOR-EFFECTS TO)
;                         TMP-FROM-PRECONDITIONS))))
; 
; caught ERROR:
;   error while parsing arguments to special operator IF:
;     too few elements in
;       ((OR
;         (EVERY (LAMBDA (X) X)
;                (MAPCAR #'PREDICATEISOPPOSITE (LIST PRECONDITIONS)
;                        TMP-TO-EFFECTS))
;         (EVERY (LAMBDA (X) X)
;                (MAPCAR #'PREDICATEISOPPOSITE (OPERATOR-EFFECTS TO)
;                        TMP-FROM-PRECONDITIONS))))
;     to satisfy lambda list
;       (SB-C::TEST SB-C::THEN &OPTIONAL SB-C::ELSE):
;     between 2 and 3 expected, but got 1
; 
; compilation unit finished
;   caught 2 ERROR conditions


; /home/jr/Documents/School/CS687/projects/project6/project6-sp/project6.fasl written
; compilation finished in 0:00:00.066
; Evaluation aborted on #<TYPE-ERROR expected-type: LIST
             datum: #< (G2637)B-A-TO-TABLE -> (G2638)GOAL : (T A-CLEAR) >>.
CL-USER> 
; No value; compiling file "/home/jr/Documents/School/CS687/projects/project6/project6-sp/project6.lisp" (written 07 MAY 2020 05:15:44 PM):

; file: /home/jr/Documents/School/CS687/projects/project6/project6-sp/project6.lisp
; in: DEFUN THREATENSLINK
;     (EVERY (LAMBDA (X) X)
;            (MAPCAR #'PREDICATEISOPPOSITE (OPERATOR-EFFECTS TO)
;                    TMP-FROM-PRECONDITIONS))
; --> BLOCK SB-INT:DX-FLET FLET SB-KERNEL:%MAP LET DO BLOCK LET TAGBODY 
; --> TAGBODY LET FUNCALL 
; ==>
;   (SB-C::%FUNCALL (SB-KERNEL:%COERCE-CALLABLE-FOR-CALL SB-C::FUN)
;                   (CAR #:INDEX72))
; 
; note: implementation limitation: couldn't inline expand because expansion refers to the optimized away object #<SB-C::CTRAN 1 {1004899263}>.

; --> BLOCK SB-INT:DX-FLET FLET SB-KERNEL:%MAP LET DO BLOCK LET TAGBODY 
; --> TAGBODY LET FUNCALL SB-C::%FUNCALL BLOCK 
; ==>
;   (LET ((#:VAL33 (FUNCALL (LAMBDA # X) #:G30)))
;     (UNLESS #:VAL33 (RETURN-FROM #:BLOCK31 NIL)))
; 
; note: deleting unused function
;   (LET ((#:VAL33 (FUNCALL (LAMBDA # X) #:G30)))
;     )

; --> BLOCK SB-INT:DX-FLET FLET SB-KERNEL:%MAP LET DO BLOCK LET TAGBODY 
; --> TAGBODY LET FUNCALL 
; ==>
;   (SB-C::%FUNCALL (SB-KERNEL:%COERCE-CALLABLE-FOR-CALL SB-C::FUN)
;                   (CAR #:INDEX72))
; 
; note: deleting unused function
;   (SB-C::LOCAL-INLINE (FLET "WRAPPER32" :IN THREATENSLINK))

;     (EVERY (LAMBDA (X) X)
;            (MAPCAR #'PREDICATEISOPPOSITE (OPERATOR-EFFECTS TO)
;                    TMP-TO-PRECONDITIONS))
; --> BLOCK SB-INT:DX-FLET FLET SB-KERNEL:%MAP LET DO BLOCK LET TAGBODY 
; --> TAGBODY LET FUNCALL 
; ==>
;   (SB-C::%FUNCALL (SB-KERNEL:%COERCE-CALLABLE-FOR-CALL SB-C::FUN)
;                   (CAR #:INDEX80))
; 
; note: implementation limitation: couldn't inline expand because expansion refers to the optimized away object #<SB-C::CTRAN 2 {1004874F03}>.

; --> BLOCK SB-INT:DX-FLET FLET SB-KERNEL:%MAP LET DO BLOCK LET TAGBODY 
; --> TAGBODY LET FUNCALL SB-C::%FUNCALL BLOCK 
; ==>
;   (LET ((#:VAL6 (FUNCALL (LAMBDA # X) #:G3)))
;     (UNLESS #:VAL6 (RETURN-FROM #:BLOCK4 NIL)))
; 
; note: deleting unused function
;   (LET ((#:VAL6 (FUNCALL (LAMBDA # X) #:G3)))
;     )

; --> BLOCK SB-INT:DX-FLET FLET SB-KERNEL:%MAP LET DO BLOCK LET TAGBODY 
; --> TAGBODY LET FUNCALL 
; ==>
;   (SB-C::%FUNCALL (SB-KERNEL:%COERCE-CALLABLE-FOR-CALL SB-C::FUN)
;                   (CAR #:INDEX80))
; 
; note: deleting unused function
;   (SB-C::LOCAL-INLINE (FLET "WRAPPER5" :IN THREATENSLINK))
; 
; compilation unit finished
;   printed 6 notes


; /home/jr/Documents/School/CS687/projects/project6/project6-sp/project6.fasl written
; compilation finished in 0:00:00.071

CL-USER> (threatenslink *plan* (elt *links* 0))

(#S(OPERATOR
    :NAME B-A-TO-TABLE
    :UNIQ #:G2669
    :PRECONDITIONS ((T B-ON-A) (T B-CLEAR))
    :EFFECTS ((T B-ON-TABLE) (NIL B-ON-A) (T A-CLEAR)))
 . #< (G2669)B-A-TO-TABLE -> (G2670)GOAL : (T A-CLEAR) >) 
(#S(OPERATOR
    :NAME GOAL
    :UNIQ #:G2670
    :PRECONDITIONS ((T A-ON-B) (T B-ON-TABLE) (T A-CLEAR))
    :EFFECTS NIL)
 . #< (G2669)B-A-TO-TABLE -> (G2670)GOAL : (T A-CLEAR) >) 
(#S(OPERATOR
    :NAME B-A-TO-TABLE
    :UNIQ #:G2671
    :PRECONDITIONS ((T B-ON-A) (T B-CLEAR))
    :EFFECTS ((T B-ON-TABLE) (NIL B-ON-A) (T A-CLEAR)))
 . #< (G2671)B-A-TO-TABLE -> (G2672)GOAL : (T B-ON-TABLE) >) 
(#S(OPERATOR
    :NAME GOAL
    :UNIQ #:G2672
    :PRECONDITIONS ((T A-ON-B) (T B-ON-TABLE) (T A-CLEAR))
    :EFFECTS NIL)
 . #< (G2671)B-A-TO-TABLE -> (G2672)GOAL : (T B-ON-TABLE) >) 
(#S(OPERATOR
    :NAME START
    :UNIQ #:G2673
    :PRECONDITIONS NIL
    :EFFECTS ((T A-ON-TABLE) (T B-ON-A) (T B-CLEAR)))
 . #< (G2673)START -> (G2674)B-A-TO-TABLE : (T B-CLEAR) >) 
(#S(OPERATOR
    :NAME B-A-TO-TABLE
    :UNIQ #:G2674
    :PRECONDITIONS ((T B-ON-A) (T B-CLEAR))
    :EFFECTS ((T B-ON-TABLE) (NIL B-ON-A) (T A-CLEAR)))
 . #< (G2673)START -> (G2674)B-A-TO-TABLE : (T B-CLEAR) >) 
(#S(OPERATOR
    :NAME START
    :UNIQ #:G2675
    :PRECONDITIONS NIL
    :EFFECTS ((T A-ON-TABLE) (T B-ON-A) (T B-CLEAR)))
 . #< (G2675)START -> (G2676)B-A-TO-TABLE : (T B-ON-A) >) 
(#S(OPERATOR
    :NAME B-A-TO-TABLE
    :UNIQ #:G2676
    :PRECONDITIONS ((T B-ON-A) (T B-CLEAR))
    :EFFECTS ((T B-ON-TABLE) (NIL B-ON-A) (T A-CLEAR)))
 . #< (G2675)START -> (G2676)B-A-TO-TABLE : (T B-ON-A) >) 
(#S(OPERATOR
    :NAME B-A-TO-TABLE
    :UNIQ #:G2677
    :PRECONDITIONS ((T B-ON-A) (T B-CLEAR))
    :EFFECTS ((T B-ON-TABLE) (NIL B-ON-A) (T A-CLEAR)))
 . #< (G2677)B-A-TO-TABLE -> (G2678)A-TABLE-TO-B : (T A-CLEAR) >) 
(#S(OPERATOR
    :NAME A-TABLE-TO-B
    :UNIQ #:G2678
    :PRECONDITIONS ((T A-ON-TABLE) (T B-CLEAR) (T A-CLEAR))
    :EFFECTS ((NIL A-ON-TABLE) (NIL B-CLEAR) (T A-ON-B)))
 . #< (G2677)B-A-TO-TABLE -> (G2678)A-TABLE-TO-B : (T A-CLEAR) >) 
(#S(OPERATOR
    :NAME START
    :UNIQ #:G2679
    :PRECONDITIONS NIL
    :EFFECTS ((T A-ON-TABLE) (T B-ON-A) (T B-CLEAR)))
 . #< (G2679)START -> (G2680)A-TABLE-TO-B : (T B-CLEAR) >) 
(#S(OPERATOR
    :NAME A-TABLE-TO-B
    :UNIQ #:G2680
    :PRECONDITIONS ((T A-ON-TABLE) (T B-CLEAR) (T A-CLEAR))
    :EFFECTS ((NIL A-ON-TABLE) (NIL B-CLEAR) (T A-ON-B)))
 . #< (G2679)START -> (G2680)A-TABLE-TO-B : (T B-CLEAR) >) 
(#S(OPERATOR
    :NAME START
    :UNIQ #:G2681
    :PRECONDITIONS NIL
    :EFFECTS ((T A-ON-TABLE) (T B-ON-A) (T B-CLEAR)))
 . #< (G2681)START -> (G2682)A-TABLE-TO-B : (T A-ON-TABLE) >) 
(#S(OPERATOR
    :NAME A-TABLE-TO-B
    :UNIQ #:G2682
    :PRECONDITIONS ((T A-ON-TABLE) (T B-CLEAR) (T A-CLEAR))
    :EFFECTS ((NIL A-ON-TABLE) (NIL B-CLEAR) (T A-ON-B)))
 . #< (G2681)START -> (G2682)A-TABLE-TO-B : (T A-ON-TABLE) >) 
(#S(OPERATOR
    :NAME A-TABLE-TO-B
    :UNIQ #:G2683
    :PRECONDITIONS ((T A-ON-TABLE) (T B-CLEAR) (T A-CLEAR))
    :EFFECTS ((NIL A-ON-TABLE) (NIL B-CLEAR) (T A-ON-B)))
 . #< (G2683)A-TABLE-TO-B -> (G2684)GOAL : (T A-ON-B) >) 
(#S(OPERATOR
    :NAME GOAL
    :UNIQ #:G2684
    :PRECONDITIONS ((T A-ON-B) (T B-ON-TABLE) (T A-CLEAR))
    :EFFECTS NIL)
 . #< (G2683)A-TABLE-TO-B -> (G2684)GOAL : (T A-ON-B) >) 
NIL
; compiling file "/home/jr/Documents/School/CS687/projects/project6/project6-sp/project6.lisp" (written 07 MAY 2020 05:17:27 PM):

; file: /home/jr/Documents/School/CS687/projects/project6/project6-sp/project6.lisp
; in: DEFUN THREATENSLINK
;     (EVERY (LAMBDA (X) X)
;            (MAPCAR #'PREDICATEISOPPOSITE (OPERATOR-EFFECTS TO)
;                    TMP-FROM-PRECONDITIONS))
; --> BLOCK SB-INT:DX-FLET FLET SB-KERNEL:%MAP LET DO BLOCK LET TAGBODY 
; --> TAGBODY LET FUNCALL 
; ==>
;   (SB-C::%FUNCALL (SB-KERNEL:%COERCE-CALLABLE-FOR-CALL SB-C::FUN)
;                   (CAR #:INDEX72))
; 
; note: implementation limitation: couldn't inline expand because expansion refers to the optimized away object #<SB-C::CTRAN 1 {1003B7AFF3}>.

; --> BLOCK SB-INT:DX-FLET FLET SB-KERNEL:%MAP LET DO BLOCK LET TAGBODY 
; --> TAGBODY LET FUNCALL SB-C::%FUNCALL BLOCK 
; ==>
;   (LET ((#:VAL33 (FUNCALL (LAMBDA # X) #:G30)))
;     (UNLESS #:VAL33 (RETURN-FROM #:BLOCK31 NIL)))
; 
; note: deleting unused function
;   (LET ((#:VAL33 (FUNCALL (LAMBDA # X) #:G30)))
;     )

; --> BLOCK SB-INT:DX-FLET FLET SB-KERNEL:%MAP LET DO BLOCK LET TAGBODY 
; --> TAGBODY LET FUNCALL 
; ==>
;   (SB-C::%FUNCALL (SB-KERNEL:%COERCE-CALLABLE-FOR-CALL SB-C::FUN)
;                   (CAR #:INDEX72))
; 
; note: deleting unused function
;   (SB-C::LOCAL-INLINE (FLET "WRAPPER32" :IN THREATENSLINK))

;     (EVERY (LAMBDA (X) X)
;            (MAPCAR #'PREDICATEISOPPOSITE (OPERATOR-EFFECTS TO)
;                    TMP-TO-PRECONDITIONS))
; --> BLOCK SB-INT:DX-FLET FLET SB-KERNEL:%MAP LET DO BLOCK LET TAGBODY 
; --> TAGBODY LET FUNCALL 
; ==>
;   (SB-C::%FUNCALL (SB-KERNEL:%COERCE-CALLABLE-FOR-CALL SB-C::FUN)
;                   (CAR #:INDEX80))
; 
; note: implementation limitation: couldn't inline expand because expansion refers to the optimized away object #<SB-C::CTRAN 2 {1003B57B63}>.

; --> BLOCK SB-INT:DX-FLET FLET SB-KERNEL:%MAP LET DO BLOCK LET TAGBODY 
; --> TAGBODY LET FUNCALL SB-C::%FUNCALL BLOCK 
; ==>
;   (LET ((#:VAL6 (FUNCALL (LAMBDA # X) #:G3)))
;     (UNLESS #:VAL6 (RETURN-FROM #:BLOCK4 NIL)))
; 
; note: deleting unused function
;   (LET ((#:VAL6 (FUNCALL (LAMBDA # X) #:G3)))
;     )

; --> BLOCK SB-INT:DX-FLET FLET SB-KERNEL:%MAP LET DO BLOCK LET TAGBODY 
; --> TAGBODY LET FUNCALL 
; ==>
;   (SB-C::%FUNCALL (SB-KERNEL:%COERCE-CALLABLE-FOR-CALL SB-C::FUN)
;                   (CAR #:INDEX80))
; 
; note: deleting unused function
;   (SB-C::LOCAL-INLINE (FLET "WRAPPER5" :IN THREATENSLINK))
; 
; compilation unit finished
;   printed 6 notes


; /home/jr/Documents/School/CS687/projects/project6/project6-sp/project6.fasl written
; compilation finished in 0:00:00.075
CL-USER> (threatenslink *plan* (elt *links* 0))

(#S(OPERATOR
    :NAME B-A-TO-TABLE
    :UNIQ #:G2701
    :PRECONDITIONS ((T B-ON-A) (T B-CLEAR))
    :EFFECTS ((T B-ON-TABLE) (NIL B-ON-A) (T A-CLEAR)))
 . #< (G2701)B-A-TO-TABLE -> (G2702)GOAL : (T A-CLEAR) >) 
(#S(OPERATOR
    :NAME GOAL
    :UNIQ #:G2702
    :PRECONDITIONS ((T A-ON-B) (T B-ON-TABLE) (T A-CLEAR))
    :EFFECTS NIL)
 . #< (G2701)B-A-TO-TABLE -> (G2702)GOAL : (T A-CLEAR) >) 
(#S(OPERATOR
    :NAME B-A-TO-TABLE
    :UNIQ #:G2703
    :PRECONDITIONS ((T B-ON-A) (T B-CLEAR))
    :EFFECTS ((T B-ON-TABLE) (NIL B-ON-A) (T A-CLEAR)))
 . #< (G2703)B-A-TO-TABLE -> (G2704)GOAL : (T B-ON-TABLE) >) 
(#S(OPERATOR
    :NAME GOAL
    :UNIQ #:G2704
    :PRECONDITIONS ((T A-ON-B) (T B-ON-TABLE) (T A-CLEAR))
    :EFFECTS NIL)
 . #< (G2703)B-A-TO-TABLE -> (G2704)GOAL : (T B-ON-TABLE) >) 
(#S(OPERATOR
    :NAME START
    :UNIQ #:G2705
    :PRECONDITIONS NIL
    :EFFECTS ((T A-ON-TABLE) (T B-ON-A) (T B-CLEAR)))
 . #< (G2705)START -> (G2706)B-A-TO-TABLE : (T B-CLEAR) >) 
(#S(OPERATOR
    :NAME B-A-TO-TABLE
    :UNIQ #:G2706
    :PRECONDITIONS ((T B-ON-A) (T B-CLEAR))
    :EFFECTS ((T B-ON-TABLE) (NIL B-ON-A) (T A-CLEAR)))
 . #< (G2705)START -> (G2706)B-A-TO-TABLE : (T B-CLEAR) >) 
(#S(OPERATOR
    :NAME START
    :UNIQ #:G2707
    :PRECONDITIONS NIL
    :EFFECTS ((T A-ON-TABLE) (T B-ON-A) (T B-CLEAR)))
 . #< (G2707)START -> (G2708)B-A-TO-TABLE : (T B-ON-A) >) 
(#S(OPERATOR
    :NAME B-A-TO-TABLE
    :UNIQ #:G2708
    :PRECONDITIONS ((T B-ON-A) (T B-CLEAR))
    :EFFECTS ((T B-ON-TABLE) (NIL B-ON-A) (T A-CLEAR)))
 . #< (G2707)START -> (G2708)B-A-TO-TABLE : (T B-ON-A) >) 
(#S(OPERATOR
    :NAME B-A-TO-TABLE
    :UNIQ #:G2709
    :PRECONDITIONS ((T B-ON-A) (T B-CLEAR))
    :EFFECTS ((T B-ON-TABLE) (NIL B-ON-A) (T A-CLEAR)))
 . #< (G2709)B-A-TO-TABLE -> (G2710)A-TABLE-TO-B : (T A-CLEAR) >) 
(#S(OPERATOR
    :NAME A-TABLE-TO-B
    :UNIQ #:G2710
    :PRECONDITIONS ((T A-ON-TABLE) (T B-CLEAR) (T A-CLEAR))
    :EFFECTS ((NIL A-ON-TABLE) (NIL B-CLEAR) (T A-ON-B)))
 . #< (G2709)B-A-TO-TABLE -> (G2710)A-TABLE-TO-B : (T A-CLEAR) >) 
(#S(OPERATOR
    :NAME START
    :UNIQ #:G2711
    :PRECONDITIONS NIL
    :EFFECTS ((T A-ON-TABLE) (T B-ON-A) (T B-CLEAR)))
 . #< (G2711)START -> (G2712)A-TABLE-TO-B : (T B-CLEAR) >) 
(#S(OPERATOR
    :NAME A-TABLE-TO-B
    :UNIQ #:G2712
    :PRECONDITIONS ((T A-ON-TABLE) (T B-CLEAR) (T A-CLEAR))
    :EFFECTS ((NIL A-ON-TABLE) (NIL B-CLEAR) (T A-ON-B)))
 . #< (G2711)START -> (G2712)A-TABLE-TO-B : (T B-CLEAR) >) 
(#S(OPERATOR
    :NAME START
    :UNIQ #:G2713
    :PRECONDITIONS NIL
    :EFFECTS ((T A-ON-TABLE) (T B-ON-A) (T B-CLEAR)))
 . #< (G2713)START -> (G2714)A-TABLE-TO-B : (T A-ON-TABLE) >) 
(#S(OPERATOR
    :NAME A-TABLE-TO-B
    :UNIQ #:G2714
    :PRECONDITIONS ((T A-ON-TABLE) (T B-CLEAR) (T A-CLEAR))
    :EFFECTS ((NIL A-ON-TABLE) (NIL B-CLEAR) (T A-ON-B)))
 . #< (G2713)START -> (G2714)A-TABLE-TO-B : (T A-ON-TABLE) >) 
(#S(OPERATOR
    :NAME A-TABLE-TO-B
    :UNIQ #:G2715
    :PRECONDITIONS ((T A-ON-TABLE) (T B-CLEAR) (T A-CLEAR))
    :EFFECTS ((NIL A-ON-TABLE) (NIL B-CLEAR) (T A-ON-B)))
 . #< (G2715)A-TABLE-TO-B -> (G2716)GOAL : (T A-ON-B) >) 
(#S(OPERATOR
    :NAME GOAL
    :UNIQ #:G2716
    :PRECONDITIONS ((T A-ON-B) (T B-ON-TABLE) (T A-CLEAR))
    :EFFECTS NIL)
 . #< (G2715)A-TABLE-TO-B -> (G2716)GOAL : (T A-ON-B) >) 
NIL
; compiling file "/home/jr/Documents/School/CS687/projects/project6/project6-sp/project6.lisp" (written 07 MAY 2020 05:17:50 PM):

; file: /home/jr/Documents/School/CS687/projects/project6/project6-sp/project6.lisp
; in: DEFUN THREATENSLINK
;     (EVERY (LAMBDA (X) X)
;            (MAPCAR #'PREDICATEISOPPOSITE (OPERATOR-EFFECTS TO)
;                    TMP-FROM-PRECONDITIONS))
; --> BLOCK SB-INT:DX-FLET FLET SB-KERNEL:%MAP LET DO BLOCK LET TAGBODY 
; --> TAGBODY LET FUNCALL 
; ==>
;   (SB-C::%FUNCALL (SB-KERNEL:%COERCE-CALLABLE-FOR-CALL SB-C::FUN)
;                   (CAR #:INDEX72))
; 
; note: implementation limitation: couldn't inline expand because expansion refers to the optimized away object #<SB-C::CTRAN 1 {1002AD3D63}>.

; --> BLOCK SB-INT:DX-FLET FLET SB-KERNEL:%MAP LET DO BLOCK LET TAGBODY 
; --> TAGBODY LET FUNCALL SB-C::%FUNCALL BLOCK 
; ==>
;   (LET ((#:VAL33 (FUNCALL (LAMBDA # X) #:G30)))
;     (UNLESS #:VAL33 (RETURN-FROM #:BLOCK31 NIL)))
; 
; note: deleting unused function
;   (LET ((#:VAL33 (FUNCALL (LAMBDA # X) #:G30)))
;     )

; --> BLOCK SB-INT:DX-FLET FLET SB-KERNEL:%MAP LET DO BLOCK LET TAGBODY 
; --> TAGBODY LET FUNCALL 
; ==>
;   (SB-C::%FUNCALL (SB-KERNEL:%COERCE-CALLABLE-FOR-CALL SB-C::FUN)
;                   (CAR #:INDEX72))
; 
; note: deleting unused function
;   (SB-C::LOCAL-INLINE (FLET "WRAPPER32" :IN THREATENSLINK))

;     (EVERY (LAMBDA (X) X)
;            (MAPCAR #'PREDICATEISOPPOSITE (OPERATOR-EFFECTS TO)
;                    TMP-TO-PRECONDITIONS))
; --> BLOCK SB-INT:DX-FLET FLET SB-KERNEL:%MAP LET DO BLOCK LET TAGBODY 
; --> TAGBODY LET FUNCALL 
; ==>
;   (SB-C::%FUNCALL (SB-KERNEL:%COERCE-CALLABLE-FOR-CALL SB-C::FUN)
;                   (CAR #:INDEX80))
; 
; note: implementation limitation: couldn't inline expand because expansion refers to the optimized away object #<SB-C::CTRAN 2 {1002AAFDD3}>.

; --> BLOCK SB-INT:DX-FLET FLET SB-KERNEL:%MAP LET DO BLOCK LET TAGBODY 
; --> TAGBODY LET FUNCALL SB-C::%FUNCALL BLOCK 
; ==>
;   (LET ((#:VAL6 (FUNCALL (LAMBDA # X) #:G3)))
;     (UNLESS #:VAL6 (RETURN-FROM #:BLOCK4 NIL)))
; 
; note: deleting unused function
;   (LET ((#:VAL6 (FUNCALL (LAMBDA # X) #:G3)))
;     )

; --> BLOCK SB-INT:DX-FLET FLET SB-KERNEL:%MAP LET DO BLOCK LET TAGBODY 
; --> TAGBODY LET FUNCALL 
; ==>
;   (SB-C::%FUNCALL (SB-KERNEL:%COERCE-CALLABLE-FOR-CALL SB-C::FUN)
;                   (CAR #:INDEX80))
; 
; note: deleting unused function
;   (SB-C::LOCAL-INLINE (FLET "WRAPPER5" :IN THREATENSLINK))
; 
; compilation unit finished
;   printed 6 notes


; /home/jr/Documents/School/CS687/projects/project6/project6-sp/project6.fasl written
; compilation finished in 0:00:00.074
CL-USER> (threatenslink *plan* (elt *links* 0))
NIL
; compiling file "/home/jr/Documents/School/CS687/projects/project6/project6-sp/project6.lisp" (written 07 MAY 2020 05:18:22 PM):

; file: /home/jr/Documents/School/CS687/projects/project6/project6-sp/project6.lisp
; in: DEFUN THREATENSLINK
;     (EVERY (LAMBDA (X) X)
;            (MAPCAR #'PREDICATEISOPPOSITE (OPERATOR-EFFECTS TO)
;                    TMP-FROM-PRECONDITIONS))
; --> BLOCK SB-INT:DX-FLET FLET SB-KERNEL:%MAP LET DO BLOCK LET TAGBODY 
; --> TAGBODY LET FUNCALL 
; ==>
;   (SB-C::%FUNCALL (SB-KERNEL:%COERCE-CALLABLE-FOR-CALL SB-C::FUN)
;                   (CAR #:INDEX72))
; 
; note: implementation limitation: couldn't inline expand because expansion refers to the optimized away object #<SB-C::CTRAN 1 {10055EB953}>.

; --> BLOCK SB-INT:DX-FLET FLET SB-KERNEL:%MAP LET DO BLOCK LET TAGBODY 
; --> TAGBODY LET FUNCALL SB-C::%FUNCALL BLOCK 
; ==>
;   (LET ((#:VAL33 (FUNCALL (LAMBDA # X) #:G30)))
;     (UNLESS #:VAL33 (RETURN-FROM #:BLOCK31 NIL)))
; 
; note: deleting unused function
;   (LET ((#:VAL33 (FUNCALL (LAMBDA # X) #:G30)))
;     )

; --> BLOCK SB-INT:DX-FLET FLET SB-KERNEL:%MAP LET DO BLOCK LET TAGBODY 
; --> TAGBODY LET FUNCALL 
; ==>
;   (SB-C::%FUNCALL (SB-KERNEL:%COERCE-CALLABLE-FOR-CALL SB-C::FUN)
;                   (CAR #:INDEX72))
; 
; note: deleting unused function
;   (SB-C::LOCAL-INLINE (FLET "WRAPPER32" :IN THREATENSLINK))

;     (EVERY (LAMBDA (X) X)
;            (MAPCAR #'PREDICATEISOPPOSITE (OPERATOR-EFFECTS TO)
;                    TMP-TO-PRECONDITIONS))
; --> BLOCK SB-INT:DX-FLET FLET SB-KERNEL:%MAP LET DO BLOCK LET TAGBODY 
; --> TAGBODY LET FUNCALL 
; ==>
;   (SB-C::%FUNCALL (SB-KERNEL:%COERCE-CALLABLE-FOR-CALL SB-C::FUN)
;                   (CAR #:INDEX80))
; 
; note: implementation limitation: couldn't inline expand because expansion refers to the optimized away object #<SB-C::CTRAN 2 {10055C7B53}>.

; --> BLOCK SB-INT:DX-FLET FLET SB-KERNEL:%MAP LET DO BLOCK LET TAGBODY 
; --> TAGBODY LET FUNCALL SB-C::%FUNCALL BLOCK 
; ==>
;   (LET ((#:VAL6 (FUNCALL (LAMBDA # X) #:G3)))
;     (UNLESS #:VAL6 (RETURN-FROM #:BLOCK4 NIL)))
; 
; note: deleting unused function
;   (LET ((#:VAL6 (FUNCALL (LAMBDA # X) #:G3)))
;     )

; --> BLOCK SB-INT:DX-FLET FLET SB-KERNEL:%MAP LET DO BLOCK LET TAGBODY 
; --> TAGBODY LET FUNCALL 
; ==>
;   (SB-C::%FUNCALL (SB-KERNEL:%COERCE-CALLABLE-FOR-CALL SB-C::FUN)
;                   (CAR #:INDEX80))
; 
; note: deleting unused function
;   (SB-C::LOCAL-INLINE (FLET "WRAPPER5" :IN THREATENSLINK))
; 
; compilation unit finished
;   printed 6 notes


; /home/jr/Documents/School/CS687/projects/project6/project6-sp/project6.fasl written
; compilation finished in 0:00:00.075
CL-USER> (threatenslink *plan* (elt *links* 0))
; compiling file "/home/jr/Documents/School/CS687/projects/project6/project6-sp/project6.lisp" (written 07 MAY 2020 05:18:35 PM):

; file: /home/jr/Documents/School/CS687/projects/project6/project6-sp/project6.lisp
; in: DEFUN THREATENSLINK
;     (EVERY (LAMBDA (X) X)
;            (MAPCAR #'PREDICATEISOPPOSITE (OPERATOR-EFFECTS TO)
;                    TMP-FROM-PRECONDITIONS))
; --> BLOCK SB-INT:DX-FLET FLET SB-KERNEL:%MAP LET DO BLOCK LET TAGBODY 
; --> TAGBODY LET FUNCALL 
; ==>
;   (SB-C::%FUNCALL (SB-KERNEL:%COERCE-CALLABLE-FOR-CALL SB-C::FUN)
;                   (CAR #:INDEX72))
; 
; note: implementation limitation: couldn't inline expand because expansion refers to the optimized away object #<SB-C::CTRAN 1 {1004823E73}>.

; --> BLOCK SB-INT:DX-FLET FLET SB-KERNEL:%MAP LET DO BLOCK LET TAGBODY 
; --> TAGBODY LET FUNCALL SB-C::%FUNCALL BLOCK 
; ==>
;   (LET ((#:VAL33 (FUNCALL (LAMBDA # X) #:G30)))
;     (UNLESS #:VAL33 (RETURN-FROM #:BLOCK31 NIL)))
; 
; note: deleting unused function
;   (LET ((#:VAL33 (FUNCALL (LAMBDA # X) #:G30)))
;     )

; --> BLOCK SB-INT:DX-FLET FLET SB-KERNEL:%MAP LET DO BLOCK LET TAGBODY 
; --> TAGBODY LET FUNCALL 
; ==>
;   (SB-C::%FUNCALL (SB-KERNEL:%COERCE-CALLABLE-FOR-CALL SB-C::FUN)
;                   (CAR #:INDEX72))
; 
; note: deleting unused function
;   (SB-C::LOCAL-INLINE (FLET "WRAPPER32" :IN THREATENSLINK))

;     (EVERY (LAMBDA (X) X)
;            (MAPCAR #'PREDICATEISOPPOSITE (OPERATOR-EFFECTS TO)
;                    TMP-TO-PRECONDITIONS))
; --> BLOCK SB-INT:DX-FLET FLET SB-KERNEL:%MAP LET DO BLOCK LET TAGBODY 
; --> TAGBODY LET FUNCALL 
; ==>
;   (SB-C::%FUNCALL (SB-KERNEL:%COERCE-CALLABLE-FOR-CALL SB-C::FUN)
;                   (CAR #:INDEX80))
; 
; note: implementation limitation: couldn't inline expand because expansion refers to the optimized away object #<SB-C::CTRAN 2 {10048002B3}>.

; --> BLOCK SB-INT:DX-FLET FLET SB-KERNEL:%MAP LET DO BLOCK LET TAGBODY 
; --> TAGBODY LET FUNCALL SB-C::%FUNCALL BLOCK 
; ==>
;   (LET ((#:VAL6 (FUNCALL (LAMBDA # X) #:G3)))
;     (UNLESS #:VAL6 (RETURN-FROM #:BLOCK4 NIL)))
; 
; note: deleting unused function
;   (LET ((#:VAL6 (FUNCALL (LAMBDA # X) #:G3)))
;     )

; --> BLOCK SB-INT:DX-FLET FLET SB-KERNEL:%MAP LET DO BLOCK LET TAGBODY 
; --> TAGBODY LET FUNCALL 
; ==>
;   (SB-C::%FUNCALL (SB-KERNEL:%COERCE-CALLABLE-FOR-CALL SB-C::FUN)
;                   (CAR #:INDEX80))
; 
; note: deleting unused function
;   (SB-C::LOCAL-INLINE (FLET "WRAPPER5" :IN THREATENSLINK))
; 
; compilation unit finished
;   printed 6 notes


; /home/jr/Documents/School/CS687/projects/project6/project6-sp/project6.fasl written
; compilation finished in 0:00:00.068
; Evaluation aborted on #<TYPE-ERROR expected-type: LIST
             datum: #< (G2765)B-A-TO-TABLE -> (G2766)GOAL : (T A-CLEAR) >>.
CL-USER> (threatenslink *plan* (elt *links* 0))
; compiling file "/home/jr/Documents/School/CS687/projects/project6/project6-sp/project6.lisp" (written 07 MAY 2020 05:20:47 PM):

; file: /home/jr/Documents/School/CS687/projects/project6/project6-sp/project6.lisp
; in: DEFUN THREATENSLINK
;     (EVERY (LAMBDA (X) X)
;            (MAPCAR #'PREDICATEISOPPOSITE (OPERATOR-EFFECTS TO)
;                    TMP-FROM-PRECONDITIONS))
; --> BLOCK SB-INT:DX-FLET FLET SB-KERNEL:%MAP LET DO BLOCK LET TAGBODY 
; --> TAGBODY LET FUNCALL 
; ==>
;   (SB-C::%FUNCALL (SB-KERNEL:%COERCE-CALLABLE-FOR-CALL SB-C::FUN)
;                   (CAR #:INDEX72))
; 
; note: implementation limitation: couldn't inline expand because expansion refers to the optimized away object #<SB-C::CTRAN 1 {1003A7A3E3}>.

; --> BLOCK SB-INT:DX-FLET FLET SB-KERNEL:%MAP LET DO BLOCK LET TAGBODY 
; --> TAGBODY LET FUNCALL SB-C::%FUNCALL BLOCK 
; ==>
;   (LET ((#:VAL33 (FUNCALL (LAMBDA # X) #:G30)))
;     (UNLESS #:VAL33 (RETURN-FROM #:BLOCK31 NIL)))
; 
; note: deleting unused function
;   (LET ((#:VAL33 (FUNCALL (LAMBDA # X) #:G30)))
;     )

; --> BLOCK SB-INT:DX-FLET FLET SB-KERNEL:%MAP LET DO BLOCK LET TAGBODY 
; --> TAGBODY LET FUNCALL 
; ==>
;   (SB-C::%FUNCALL (SB-KERNEL:%COERCE-CALLABLE-FOR-CALL SB-C::FUN)
;                   (CAR #:INDEX72))
; 
; note: deleting unused function
;   (SB-C::LOCAL-INLINE (FLET "WRAPPER32" :IN THREATENSLINK))

;     (EVERY (LAMBDA (X) X)
;            (MAPCAR #'PREDICATEISOPPOSITE (OPERATOR-EFFECTS TO)
;                    TMP-TO-PRECONDITIONS))
; --> BLOCK SB-INT:DX-FLET FLET SB-KERNEL:%MAP LET DO BLOCK LET TAGBODY 
; --> TAGBODY LET FUNCALL 
; ==>
;   (SB-C::%FUNCALL (SB-KERNEL:%COERCE-CALLABLE-FOR-CALL SB-C::FUN)
;                   (CAR #:INDEX80))
; 
; note: implementation limitation: couldn't inline expand because expansion refers to the optimized away object #<SB-C::CTRAN 2 {1003A565D3}>.

; --> BLOCK SB-INT:DX-FLET FLET SB-KERNEL:%MAP LET DO BLOCK LET TAGBODY 
; --> TAGBODY LET FUNCALL SB-C::%FUNCALL BLOCK 
; ==>
;   (LET ((#:VAL6 (FUNCALL (LAMBDA # X) #:G3)))
;     (UNLESS #:VAL6 (RETURN-FROM #:BLOCK4 NIL)))
; 
; note: deleting unused function
;   (LET ((#:VAL6 (FUNCALL (LAMBDA # X) #:G3)))
;     )

; --> BLOCK SB-INT:DX-FLET FLET SB-KERNEL:%MAP LET DO BLOCK LET TAGBODY 
; --> TAGBODY LET FUNCALL 
; ==>
;   (SB-C::%FUNCALL (SB-KERNEL:%COERCE-CALLABLE-FOR-CALL SB-C::FUN)
;                   (CAR #:INDEX80))
; 
; note: deleting unused function
;   (SB-C::LOCAL-INLINE (FLET "WRAPPER5" :IN THREATENSLINK))
; 
; compilation unit finished
;   printed 6 notes


; /home/jr/Documents/School/CS687/projects/project6/project6-sp/project6.fasl written
; compilation finished in 0:00:00.073
; Evaluation aborted on #<TYPE-ERROR expected-type: LIST
             datum: #< (G2797)B-A-TO-TABLE -> (G2798)GOAL : (T A-CLEAR) >>.
CL-USER> (threatenslink *plan* (elt *links* 0))
; compiling file "/home/jr/Documents/School/CS687/projects/project6/project6-sp/project6.lisp" (written 07 MAY 2020 05:21:21 PM):

; file: /home/jr/Documents/School/CS687/projects/project6/project6-sp/project6.lisp
; in: DEFUN THREATENSLINK
;     (EVERY (LAMBDA (X) X)
;            (MAPCAR #'PREDICATEISOPPOSITE (OPERATOR-EFFECTS TO)
;                    TMP-FROM-PRECONDITIONS))
; --> BLOCK SB-INT:DX-FLET FLET SB-KERNEL:%MAP LET DO BLOCK LET TAGBODY 
; --> TAGBODY LET FUNCALL 
; ==>
;   (SB-C::%FUNCALL (SB-KERNEL:%COERCE-CALLABLE-FOR-CALL SB-C::FUN)
;                   (CAR #:INDEX72))
; 
; note: implementation limitation: couldn't inline expand because expansion refers to the optimized away object #<SB-C::CTRAN 1 {1002AE1AE3}>.

; --> BLOCK SB-INT:DX-FLET FLET SB-KERNEL:%MAP LET DO BLOCK LET TAGBODY 
; --> TAGBODY LET FUNCALL SB-C::%FUNCALL BLOCK 
; ==>
;   (LET ((#:VAL33 (FUNCALL (LAMBDA # X) #:G30)))
;     (UNLESS #:VAL33 (RETURN-FROM #:BLOCK31 NIL)))
; 
; note: deleting unused function
;   (LET ((#:VAL33 (FUNCALL (LAMBDA # X) #:G30)))
;     )

; --> BLOCK SB-INT:DX-FLET FLET SB-KERNEL:%MAP LET DO BLOCK LET TAGBODY 
; --> TAGBODY LET FUNCALL 
; ==>
;   (SB-C::%FUNCALL (SB-KERNEL:%COERCE-CALLABLE-FOR-CALL SB-C::FUN)
;                   (CAR #:INDEX72))
; 
; note: deleting unused function
;   (SB-C::LOCAL-INLINE (FLET "WRAPPER32" :IN THREATENSLINK))

;     (EVERY (LAMBDA (X) X)
;            (MAPCAR #'PREDICATEISOPPOSITE (OPERATOR-EFFECTS TO)
;                    TMP-TO-PRECONDITIONS))
; --> BLOCK SB-INT:DX-FLET FLET SB-KERNEL:%MAP LET DO BLOCK LET TAGBODY 
; --> TAGBODY LET FUNCALL 
; ==>
;   (SB-C::%FUNCALL (SB-KERNEL:%COERCE-CALLABLE-FOR-CALL SB-C::FUN)
;                   (CAR #:INDEX80))
; 
; note: implementation limitation: couldn't inline expand because expansion refers to the optimized away object #<SB-C::CTRAN 2 {1002ABDA33}>.

; --> BLOCK SB-INT:DX-FLET FLET SB-KERNEL:%MAP LET DO BLOCK LET TAGBODY 
; --> TAGBODY LET FUNCALL SB-C::%FUNCALL BLOCK 
; ==>
;   (LET ((#:VAL6 (FUNCALL (LAMBDA # X) #:G3)))
;     (UNLESS #:VAL6 (RETURN-FROM #:BLOCK4 NIL)))
; 
; note: deleting unused function
;   (LET ((#:VAL6 (FUNCALL (LAMBDA # X) #:G3)))
;     )

; --> BLOCK SB-INT:DX-FLET FLET SB-KERNEL:%MAP LET DO BLOCK LET TAGBODY 
; --> TAGBODY LET FUNCALL 
; ==>
;   (SB-C::%FUNCALL (SB-KERNEL:%COERCE-CALLABLE-FOR-CALL SB-C::FUN)
;                   (CAR #:INDEX80))
; 
; note: deleting unused function
;   (SB-C::LOCAL-INLINE (FLET "WRAPPER5" :IN THREATENSLINK))
; 
; compilation unit finished
;   printed 6 notes


; /home/jr/Documents/School/CS687/projects/project6/project6-sp/project6.fasl written
; compilation finished in 0:00:00.070
; Evaluation aborted on #<TYPE-ERROR expected-type: LIST
             datum: #< (G2829)B-A-TO-TABLE -> (G2830)GOAL : (T A-CLEAR) >>.
CL-USER> (threatenslink *plan* (elt *links* 0))
((#S(OPERATOR
     :NAME B-A-TO-TABLE
     :UNIQ #:G2861
     :PRECONDITIONS ((T B-ON-A) (T B-CLEAR))
     :EFFECTS ((T B-ON-TABLE) (NIL B-ON-A) (T A-CLEAR)))
  . #< (G2861)B-A-TO-TABLE -> (G2862)GOAL : (T A-CLEAR) >)
 (#S(OPERATOR
     :NAME GOAL
     :UNIQ #:G2862
     :PRECONDITIONS ((T A-ON-B) (T B-ON-TABLE) (T A-CLEAR))
     :EFFECTS NIL)
  . #< (G2861)B-A-TO-TABLE -> (G2862)GOAL : (T A-CLEAR) >)
 (#S(OPERATOR
     :NAME B-A-TO-TABLE
     :UNIQ #:G2863
     :PRECONDITIONS ((T B-ON-A) (T B-CLEAR))
     :EFFECTS ((T B-ON-TABLE) (NIL B-ON-A) (T A-CLEAR)))
  . #< (G2863)B-A-TO-TABLE -> (G2864)GOAL : (T B-ON-TABLE) >)
 (#S(OPERATOR
     :NAME GOAL
     :UNIQ #:G2864
     :PRECONDITIONS ((T A-ON-B) (T B-ON-TABLE) (T A-CLEAR))
     :EFFECTS NIL)
  . #< (G2863)B-A-TO-TABLE -> (G2864)GOAL : (T B-ON-TABLE) >)
 (#S(OPERATOR
     :NAME START
     :UNIQ #:G2865
     :PRECONDITIONS NIL
     :EFFECTS ((T A-ON-TABLE) (T B-ON-A) (T B-CLEAR)))
  . #< (G2865)START -> (G2866)B-A-TO-TABLE : (T B-CLEAR) >)
 (#S(OPERATOR
     :NAME B-A-TO-TABLE
     :UNIQ #:G2866
     :PRECONDITIONS ((T B-ON-A) (T B-CLEAR))
     :EFFECTS ((T B-ON-TABLE) (NIL B-ON-A) (T A-CLEAR)))
  . #< (G2865)START -> (G2866)B-A-TO-TABLE : (T B-CLEAR) >)
 (#S(OPERATOR
     :NAME START
     :UNIQ #:G2867
     :PRECONDITIONS NIL
     :EFFECTS ((T A-ON-TABLE) (T B-ON-A) (T B-CLEAR)))
  . #< (G2867)START -> (G2868)B-A-TO-TABLE : (T B-ON-A) >)
 (#S(OPERATOR
     :NAME B-A-TO-TABLE
     :UNIQ #:G2868
     :PRECONDITIONS ((T B-ON-A) (T B-CLEAR))
     :EFFECTS ((T B-ON-TABLE) (NIL B-ON-A) (T A-CLEAR)))
  . #< (G2867)START -> (G2868)B-A-TO-TABLE : (T B-ON-A) >)
 (#S(OPERATOR
     :NAME B-A-TO-TABLE
     :UNIQ #:G2869
     :PRECONDITIONS ((T B-ON-A) (T B-CLEAR))
     :EFFECTS ((T B-ON-TABLE) (NIL B-ON-A) (T A-CLEAR)))
  . #< (G2869)B-A-TO-TABLE -> (G2870)A-TABLE-TO-B : (T A-CLEAR) >)
 (#S(OPERATOR
     :NAME A-TABLE-TO-B
     :UNIQ #:G2870
     :PRECONDITIONS ((T A-ON-TABLE) (T B-CLEAR) (T A-CLEAR))
     :EFFECTS ((NIL A-ON-TABLE) (NIL B-CLEAR) (T A-ON-B)))
  . #< (G2869)B-A-TO-TABLE -> (G2870)A-TABLE-TO-B : (T A-CLEAR) >)
 (#S(OPERATOR
     :NAME START
     :UNIQ #:G2871
     :PRECONDITIONS NIL
     :EFFECTS ((T A-ON-TABLE) (T B-ON-A) (T B-CLEAR)))
  . #< (G2871)START -> (G2872)A-TABLE-TO-B : (T B-CLEAR) >)
 (#S(OPERATOR
     :NAME A-TABLE-TO-B
     :UNIQ #:G2872
     :PRECONDITIONS ((T A-ON-TABLE) (T B-CLEAR) (T A-CLEAR))
     :EFFECTS ((NIL A-ON-TABLE) (NIL B-CLEAR) (T A-ON-B)))
  . #< (G2871)START -> (G2872)A-TABLE-TO-B : (T B-CLEAR) >)
 (#S(OPERATOR
     :NAME START
     :UNIQ #:G2873
     :PRECONDITIONS NIL
     :EFFECTS ((T A-ON-TABLE) (T B-ON-A) (T B-CLEAR)))
  . #< (G2873)START -> (G2874)A-TABLE-TO-B : (T A-ON-TABLE) >)
 (#S(OPERATOR
     :NAME A-TABLE-TO-B
     :UNIQ #:G2874
     :PRECONDITIONS ((T A-ON-TABLE) (T B-CLEAR) (T A-CLEAR))
     :EFFECTS ((NIL A-ON-TABLE) (NIL B-CLEAR) (T A-ON-B)))
  . #< (G2873)START -> (G2874)A-TABLE-TO-B : (T A-ON-TABLE) >)
 (#S(OPERATOR
     :NAME A-TABLE-TO-B
     :UNIQ #:G2875
     :PRECONDITIONS ((T A-ON-TABLE) (T B-CLEAR) (T A-CLEAR))
     :EFFECTS ((NIL A-ON-TABLE) (NIL B-CLEAR) (T A-ON-B)))
  . #< (G2875)A-TABLE-TO-B -> (G2876)GOAL : (T A-ON-B) >)
 (#S(OPERATOR
     :NAME GOAL
     :UNIQ #:G2876
     :PRECONDITIONS ((T A-ON-B) (T B-ON-TABLE) (T A-CLEAR))
     :EFFECTS NIL)
  . #< (G2875)A-TABLE-TO-B -> (G2876)GOAL : (T A-ON-B) >))
; compiling file "/home/jr/Documents/School/CS687/projects/project6/project6-sp/project6.lisp" (written 07 MAY 2020 05:22:26 PM):

; file: /home/jr/Documents/School/CS687/projects/project6/project6-sp/project6.lisp
; in: DEFUN THREATENSLINK
;     (EVERY (LAMBDA (X) X)
;            (MAPCAR #'PREDICATEISOPPOSITE (OPERATOR-EFFECTS TO)
;                    TMP-FROM-PRECONDITIONS))
; --> BLOCK SB-INT:DX-FLET FLET SB-KERNEL:%MAP LET DO BLOCK LET TAGBODY 
; --> TAGBODY LET FUNCALL 
; ==>
;   (SB-C::%FUNCALL (SB-KERNEL:%COERCE-CALLABLE-FOR-CALL SB-C::FUN)
;                   (CAR #:INDEX87))
; 
; note: implementation limitation: couldn't inline expand because expansion refers to the optimized away object #<SB-C::CTRAN 1 {10057FFA93}>.

; --> BLOCK SB-INT:DX-FLET FLET SB-KERNEL:%MAP LET DO BLOCK LET TAGBODY 
; --> TAGBODY LET FUNCALL SB-C::%FUNCALL BLOCK 
; ==>
;   (LET ((#:VAL33 (FUNCALL (LAMBDA # X) #:G30)))
;     (UNLESS #:VAL33 (RETURN-FROM #:BLOCK31 NIL)))
; 
; note: deleting unused function
;   (LET ((#:VAL33 (FUNCALL (LAMBDA # X) #:G30)))
;     )

; --> BLOCK SB-INT:DX-FLET FLET SB-KERNEL:%MAP LET DO BLOCK LET TAGBODY 
; --> TAGBODY LET FUNCALL 
; ==>
;   (SB-C::%FUNCALL (SB-KERNEL:%COERCE-CALLABLE-FOR-CALL SB-C::FUN)
;                   (CAR #:INDEX87))
; 
; note: deleting unused function
;   (SB-C::LOCAL-INLINE (FLET "WRAPPER32" :IN THREATENSLINK))

;     (EVERY (LAMBDA (X) X)
;            (MAPCAR #'PREDICATEISOPPOSITE (OPERATOR-EFFECTS TO)
;                    TMP-TO-PRECONDITIONS))
; --> BLOCK SB-INT:DX-FLET FLET SB-KERNEL:%MAP LET DO BLOCK LET TAGBODY 
; --> TAGBODY LET FUNCALL 
; ==>
;   (SB-C::%FUNCALL (SB-KERNEL:%COERCE-CALLABLE-FOR-CALL SB-C::FUN)
;                   (CAR #:INDEX110))
; 
; note: implementation limitation: couldn't inline expand because expansion refers to the optimized away object #<SB-C::CTRAN 2 {10057BA423}>.

; --> BLOCK SB-INT:DX-FLET FLET SB-KERNEL:%MAP LET DO BLOCK LET TAGBODY 
; --> TAGBODY LET FUNCALL SB-C::%FUNCALL BLOCK 
; ==>
;   (LET ((#:VAL6 (FUNCALL (LAMBDA # X) #:G3)))
;     (UNLESS #:VAL6 (RETURN-FROM #:BLOCK4 NIL)))
; 
; note: deleting unused function
;   (LET ((#:VAL6 (FUNCALL (LAMBDA # X) #:G3)))
;     )

; --> BLOCK SB-INT:DX-FLET FLET SB-KERNEL:%MAP LET DO BLOCK LET TAGBODY 
; --> TAGBODY LET FUNCALL 
; ==>
;   (SB-C::%FUNCALL (SB-KERNEL:%COERCE-CALLABLE-FOR-CALL SB-C::FUN)
;                   (CAR #:INDEX110))
; 
; note: deleting unused function
;   (SB-C::LOCAL-INLINE (FLET "WRAPPER5" :IN THREATENSLINK))
; 
; compilation unit finished
;   printed 6 notes


; /home/jr/Documents/School/CS687/projects/project6/project6-sp/project6.fasl written
; compilation finished in 0:00:00.070
CL-USER> (threatenslink *plan* (elt *links* 0))
((#S(OPERATOR
     :NAME B-A-TO-TABLE
     :UNIQ #:G2893
     :PRECONDITIONS ((T B-ON-A) (T B-CLEAR))
     :EFFECTS ((T B-ON-TABLE) (NIL B-ON-A) (T A-CLEAR)))
  . #< (G2893)B-A-TO-TABLE -> (G2894)GOAL : (T A-CLEAR) >)
 (#S(OPERATOR
     :NAME GOAL
     :UNIQ #:G2894
     :PRECONDITIONS ((T A-ON-B) (T B-ON-TABLE) (T A-CLEAR))
     :EFFECTS NIL)
  . #< (G2893)B-A-TO-TABLE -> (G2894)GOAL : (T A-CLEAR) >)
 (#S(OPERATOR
     :NAME B-A-TO-TABLE
     :UNIQ #:G2895
     :PRECONDITIONS ((T B-ON-A) (T B-CLEAR))
     :EFFECTS ((T B-ON-TABLE) (NIL B-ON-A) (T A-CLEAR)))
  . #< (G2895)B-A-TO-TABLE -> (G2896)GOAL : (T B-ON-TABLE) >)
 (#S(OPERATOR
     :NAME GOAL
     :UNIQ #:G2896
     :PRECONDITIONS ((T A-ON-B) (T B-ON-TABLE) (T A-CLEAR))
     :EFFECTS NIL)
  . #< (G2895)B-A-TO-TABLE -> (G2896)GOAL : (T B-ON-TABLE) >)
 (#S(OPERATOR
     :NAME START
     :UNIQ #:G2897
     :PRECONDITIONS NIL
     :EFFECTS ((T A-ON-TABLE) (T B-ON-A) (T B-CLEAR)))
  . #< (G2897)START -> (G2898)B-A-TO-TABLE : (T B-CLEAR) >)
 (#S(OPERATOR
     :NAME B-A-TO-TABLE
     :UNIQ #:G2898
     :PRECONDITIONS ((T B-ON-A) (T B-CLEAR))
     :EFFECTS ((T B-ON-TABLE) (NIL B-ON-A) (T A-CLEAR)))
  . #< (G2897)START -> (G2898)B-A-TO-TABLE : (T B-CLEAR) >)
 (#S(OPERATOR
     :NAME START
     :UNIQ #:G2899
     :PRECONDITIONS NIL
     :EFFECTS ((T A-ON-TABLE) (T B-ON-A) (T B-CLEAR)))
  . #< (G2899)START -> (G2900)B-A-TO-TABLE : (T B-ON-A) >)
 (#S(OPERATOR
     :NAME B-A-TO-TABLE
     :UNIQ #:G2900
     :PRECONDITIONS ((T B-ON-A) (T B-CLEAR))
     :EFFECTS ((T B-ON-TABLE) (NIL B-ON-A) (T A-CLEAR)))
  . #< (G2899)START -> (G2900)B-A-TO-TABLE : (T B-ON-A) >)
 (#S(OPERATOR
     :NAME B-A-TO-TABLE
     :UNIQ #:G2901
     :PRECONDITIONS ((T B-ON-A) (T B-CLEAR))
     :EFFECTS ((T B-ON-TABLE) (NIL B-ON-A) (T A-CLEAR)))
  . #< (G2901)B-A-TO-TABLE -> (G2902)A-TABLE-TO-B : (T A-CLEAR) >)
 (#S(OPERATOR
     :NAME A-TABLE-TO-B
     :UNIQ #:G2902
     :PRECONDITIONS ((T A-ON-TABLE) (T B-CLEAR) (T A-CLEAR))
     :EFFECTS ((NIL A-ON-TABLE) (NIL B-CLEAR) (T A-ON-B)))
  . #< (G2901)B-A-TO-TABLE -> (G2902)A-TABLE-TO-B : (T A-CLEAR) >)
 (#S(OPERATOR
     :NAME START
     :UNIQ #:G2903
     :PRECONDITIONS NIL
     :EFFECTS ((T A-ON-TABLE) (T B-ON-A) (T B-CLEAR)))
  . #< (G2903)START -> (G2904)A-TABLE-TO-B : (T B-CLEAR) >)
 (#S(OPERATOR
     :NAME A-TABLE-TO-B
     :UNIQ #:G2904
     :PRECONDITIONS ((T A-ON-TABLE) (T B-CLEAR) (T A-CLEAR))
     :EFFECTS ((NIL A-ON-TABLE) (NIL B-CLEAR) (T A-ON-B)))
  . #< (G2903)START -> (G2904)A-TABLE-TO-B : (T B-CLEAR) >)
 (#S(OPERATOR
     :NAME START
     :UNIQ #:G2905
     :PRECONDITIONS NIL
     :EFFECTS ((T A-ON-TABLE) (T B-ON-A) (T B-CLEAR)))
  . #< (G2905)START -> (G2906)A-TABLE-TO-B : (T A-ON-TABLE) >)
 (#S(OPERATOR
     :NAME A-TABLE-TO-B
     :UNIQ #:G2906
     :PRECONDITIONS ((T A-ON-TABLE) (T B-CLEAR) (T A-CLEAR))
     :EFFECTS ((NIL A-ON-TABLE) (NIL B-CLEAR) (T A-ON-B)))
  . #< (G2905)START -> (G2906)A-TABLE-TO-B : (T A-ON-TABLE) >)
 (#S(OPERATOR
     :NAME A-TABLE-TO-B
     :UNIQ #:G2907
     :PRECONDITIONS ((T A-ON-TABLE) (T B-CLEAR) (T A-CLEAR))
     :EFFECTS ((NIL A-ON-TABLE) (NIL B-CLEAR) (T A-ON-B)))
  . #< (G2907)A-TABLE-TO-B -> (G2908)GOAL : (T A-ON-B) >)
 (#S(OPERATOR
     :NAME GOAL
     :UNIQ #:G2908
     :PRECONDITIONS ((T A-ON-B) (T B-ON-TABLE) (T A-CLEAR))
     :EFFECTS NIL)
  . #< (G2907)A-TABLE-TO-B -> (G2908)GOAL : (T A-ON-B) >))
; compiling file "/home/jr/Documents/School/CS687/projects/project6/project6-sp/project6.lisp" (written 07 MAY 2020 09:28:46 PM):

; file: /home/jr/Documents/School/CS687/projects/project6/project6-sp/project6.lisp
; in: DEFUN THREATENSLINK
;     (EVERY (LAMBDA (X) X)
;            (MAPCAR #'PREDICATEISOPPOSITE (OPERATOR-EFFECTS TO)
;                    TMP-FROM-PRECONDITIONS))
; --> BLOCK SB-INT:DX-FLET FLET SB-KERNEL:%MAP LET DO BLOCK LET TAGBODY 
; --> TAGBODY LET FUNCALL 
; ==>
;   (SB-C::%FUNCALL (SB-KERNEL:%COERCE-CALLABLE-FOR-CALL SB-C::FUN)
;                   (CAR #:INDEX87))
; 
; note: implementation limitation: couldn't inline expand because expansion refers to the optimized away object #<SB-C::CTRAN 1 {10040F0543}>.

; --> BLOCK SB-INT:DX-FLET FLET SB-KERNEL:%MAP LET DO BLOCK LET TAGBODY 
; --> TAGBODY LET FUNCALL SB-C::%FUNCALL BLOCK 
; ==>
;   (LET ((#:VAL33 (FUNCALL (LAMBDA # X) #:G30)))
;     (UNLESS #:VAL33 (RETURN-FROM #:BLOCK31 NIL)))
; 
; note: deleting unused function
;   (LET ((#:VAL33 (FUNCALL (LAMBDA # X) #:G30)))
;     )

; --> BLOCK SB-INT:DX-FLET FLET SB-KERNEL:%MAP LET DO BLOCK LET TAGBODY 
; --> TAGBODY LET FUNCALL 
; ==>
;   (SB-C::%FUNCALL (SB-KERNEL:%COERCE-CALLABLE-FOR-CALL SB-C::FUN)
;                   (CAR #:INDEX87))
; 
; note: deleting unused function
;   (SB-C::LOCAL-INLINE (FLET "WRAPPER32" :IN THREATENSLINK))

;     (EVERY (LAMBDA (X) X)
;            (MAPCAR #'PREDICATEISOPPOSITE (OPERATOR-EFFECTS TO)
;                    TMP-TO-PRECONDITIONS))
; --> BLOCK SB-INT:DX-FLET FLET SB-KERNEL:%MAP LET DO BLOCK LET TAGBODY 
; --> TAGBODY LET FUNCALL 
; ==>
;   (SB-C::%FUNCALL (SB-KERNEL:%COERCE-CALLABLE-FOR-CALL SB-C::FUN)
;                   (CAR #:INDEX110))
; 
; note: implementation limitation: couldn't inline expand because expansion refers to the optimized away object #<SB-C::CTRAN 2 {10040CAB73}>.

; --> BLOCK SB-INT:DX-FLET FLET SB-KERNEL:%MAP LET DO BLOCK LET TAGBODY 
; --> TAGBODY LET FUNCALL SB-C::%FUNCALL BLOCK 
; ==>
;   (LET ((#:VAL6 (FUNCALL (LAMBDA # X) #:G3)))
;     (UNLESS #:VAL6 (RETURN-FROM #:BLOCK4 NIL)))
; 
; note: deleting unused function
;   (LET ((#:VAL6 (FUNCALL (LAMBDA # X) #:G3)))
;     )

; --> BLOCK SB-INT:DX-FLET FLET SB-KERNEL:%MAP LET DO BLOCK LET TAGBODY 
; --> TAGBODY LET FUNCALL 
; ==>
;   (SB-C::%FUNCALL (SB-KERNEL:%COERCE-CALLABLE-FOR-CALL SB-C::FUN)
;                   (CAR #:INDEX110))
; 
; note: deleting unused function
;   (SB-C::LOCAL-INLINE (FLET "WRAPPER5" :IN THREATENSLINK))

; in: DEFUN OPERATORTHREATENING
;     (EVERY (LAMBDA (X) X)
;            (MAPCAR #'PREDICATEISOPPOSITE EFFECTS TMP-FROM-PRECONDITIONS))
; --> BLOCK SB-INT:DX-FLET FLET SB-KERNEL:%MAP LET DO BLOCK LET TAGBODY 
; --> TAGBODY LET FUNCALL 
; ==>
;   (SB-C::%FUNCALL (SB-KERNEL:%COERCE-CALLABLE-FOR-CALL SB-C::FUN)
;                   (CAR #:INDEX87))
; 
; note: implementation limitation: couldn't inline expand because expansion refers to the optimized away object #<SB-C::CTRAN 3 {10049DB6A3}>.

; --> BLOCK SB-INT:DX-FLET FLET SB-KERNEL:%MAP LET DO BLOCK LET TAGBODY 
; --> TAGBODY LET FUNCALL SB-C::%FUNCALL BLOCK 
; ==>
;   (LET ((#:VAL33 (FUNCALL (LAMBDA # X) #:G30)))
;     (UNLESS #:VAL33 (RETURN-FROM #:BLOCK31 NIL)))
; 
; note: deleting unused function
;   (LET ((#:VAL33 (FUNCALL (LAMBDA # X) #:G30)))
;     )

; --> BLOCK SB-INT:DX-FLET FLET SB-KERNEL:%MAP LET DO BLOCK LET TAGBODY 
; --> TAGBODY LET FUNCALL 
; ==>
;   (SB-C::%FUNCALL (SB-KERNEL:%COERCE-CALLABLE-FOR-CALL SB-C::FUN)
;                   (CAR #:INDEX87))
; 
; note: deleting unused function
;   (SB-C::LOCAL-INLINE (FLET "WRAPPER32" :IN OPERATORTHREATENING))

;     (EVERY (LAMBDA (X) X)
;            (MAPCAR #'PREDICATEISOPPOSITE EFFECTS TMP-TO-PRECONDITIONS))
; --> BLOCK SB-INT:DX-FLET FLET SB-KERNEL:%MAP LET DO BLOCK LET TAGBODY 
; --> TAGBODY LET FUNCALL 
; ==>
;   (SB-C::%FUNCALL (SB-KERNEL:%COERCE-CALLABLE-FOR-CALL SB-C::FUN)
;                   (CAR #:INDEX110))
; 
; note: implementation limitation: couldn't inline expand because expansion refers to the optimized away object #<SB-C::CTRAN 4 {10049AEF03}>.

; --> BLOCK SB-INT:DX-FLET FLET SB-KERNEL:%MAP LET DO BLOCK LET TAGBODY 
; --> TAGBODY LET FUNCALL SB-C::%FUNCALL BLOCK 
; ==>
;   (LET ((#:VAL6 (FUNCALL (LAMBDA # X) #:G3)))
;     (UNLESS #:VAL6 (RETURN-FROM #:BLOCK4 NIL)))
; 
; note: deleting unused function
;   (LET ((#:VAL6 (FUNCALL (LAMBDA # X) #:G3)))
;     )

; --> BLOCK SB-INT:DX-FLET FLET SB-KERNEL:%MAP LET DO BLOCK LET TAGBODY 
; --> TAGBODY LET FUNCALL 
; ==>
;   (SB-C::%FUNCALL (SB-KERNEL:%COERCE-CALLABLE-FOR-CALL SB-C::FUN)
;                   (CAR #:INDEX110))
; 
; note: deleting unused function
;   (SB-C::LOCAL-INLINE (FLET "WRAPPER5" :IN OPERATORTHREATENING))
; 
; compilation unit finished
;   printed 12 notes


; /home/jr/Documents/School/CS687/projects/project6/project6-sp/project6.fasl written
; compilation finished in 0:00:00.100
CL-USER> (threats *plan* (elt *operators* 0) (elt *links* 0))
; Evaluation aborted on #<UNDEFINED-FUNCTION PREDICATE-A {10055F84D3}>.
CL-USER> (threats *plan* (elt *operators* 0) (elt *links* 0))
; Evaluation aborted on #<UNDEFINED-FUNCTION PREDICATE-A {10057A4BA3}>.
CL-USER> 
; No value; compiling file "/home/jr/Documents/School/CS687/projects/project6/project6-sp/project6.lisp" (written 07 MAY 2020 09:30:43 PM):

; file: /home/jr/Documents/School/CS687/projects/project6/project6-sp/project6.lisp
; in: DEFUN THREATENSLINK
;     (EVERY (LAMBDA (X) X)
;            (MAPCAR #'PREDICATEISOPPOSITE (OPERATOR-EFFECTS TO)
;                    TMP-FROM-PRECONDITIONS))
; --> BLOCK SB-INT:DX-FLET FLET SB-KERNEL:%MAP LET DO BLOCK LET TAGBODY 
; --> TAGBODY LET FUNCALL 
; ==>
;   (SB-C::%FUNCALL (SB-KERNEL:%COERCE-CALLABLE-FOR-CALL SB-C::FUN)
;                   (CAR #:INDEX87))
; 
; note: implementation limitation: couldn't inline expand because expansion refers to the optimized away object #<SB-C::CTRAN 1 {1003CAC123}>.

; --> BLOCK SB-INT:DX-FLET FLET SB-KERNEL:%MAP LET DO BLOCK LET TAGBODY 
; --> TAGBODY LET FUNCALL SB-C::%FUNCALL BLOCK 
; ==>
;   (LET ((#:VAL33 (FUNCALL (LAMBDA # X) #:G30)))
;     (UNLESS #:VAL33 (RETURN-FROM #:BLOCK31 NIL)))
; 
; note: deleting unused function
;   (LET ((#:VAL33 (FUNCALL (LAMBDA # X) #:G30)))
;     )

; --> BLOCK SB-INT:DX-FLET FLET SB-KERNEL:%MAP LET DO BLOCK LET TAGBODY 
; --> TAGBODY LET FUNCALL 
; ==>
;   (SB-C::%FUNCALL (SB-KERNEL:%COERCE-CALLABLE-FOR-CALL SB-C::FUN)
;                   (CAR #:INDEX87))
; 
; note: deleting unused function
;   (SB-C::LOCAL-INLINE (FLET "WRAPPER32" :IN THREATENSLINK))

;     (EVERY (LAMBDA (X) X)
;            (MAPCAR #'PREDICATEISOPPOSITE (OPERATOR-EFFECTS TO)
;                    TMP-TO-PRECONDITIONS))
; --> BLOCK SB-INT:DX-FLET FLET SB-KERNEL:%MAP LET DO BLOCK LET TAGBODY 
; --> TAGBODY LET FUNCALL 
; ==>
;   (SB-C::%FUNCALL (SB-KERNEL:%COERCE-CALLABLE-FOR-CALL SB-C::FUN)
;                   (CAR #:INDEX110))
; 
; note: implementation limitation: couldn't inline expand because expansion refers to the optimized away object #<SB-C::CTRAN 2 {1003C86783}>.

; --> BLOCK SB-INT:DX-FLET FLET SB-KERNEL:%MAP LET DO BLOCK LET TAGBODY 
; --> TAGBODY LET FUNCALL SB-C::%FUNCALL BLOCK 
; ==>
;   (LET ((#:VAL6 (FUNCALL (LAMBDA # X) #:G3)))
;     (UNLESS #:VAL6 (RETURN-FROM #:BLOCK4 NIL)))
; 
; note: deleting unused function
;   (LET ((#:VAL6 (FUNCALL (LAMBDA # X) #:G3)))
;     )

; --> BLOCK SB-INT:DX-FLET FLET SB-KERNEL:%MAP LET DO BLOCK LET TAGBODY 
; --> TAGBODY LET FUNCALL 
; ==>
;   (SB-C::%FUNCALL (SB-KERNEL:%COERCE-CALLABLE-FOR-CALL SB-C::FUN)
;                   (CAR #:INDEX110))
; 
; note: deleting unused function
;   (SB-C::LOCAL-INLINE (FLET "WRAPPER5" :IN THREATENSLINK))

; in: DEFUN OPERATORTHREATENING
;     (EVERY (LAMBDA (X) X)
;            (MAPCAR #'PREDICATEISOPPOSITE EFFECTS TMP-FROM-PRECONDITIONS))
; --> BLOCK SB-INT:DX-FLET FLET SB-KERNEL:%MAP LET DO BLOCK LET TAGBODY 
; --> TAGBODY LET FUNCALL 
; ==>
;   (SB-C::%FUNCALL (SB-KERNEL:%COERCE-CALLABLE-FOR-CALL SB-C::FUN)
;                   (CAR #:INDEX87))
; 
; note: implementation limitation: couldn't inline expand because expansion refers to the optimized away object #<SB-C::CTRAN 3 {100454B733}>.

; --> BLOCK SB-INT:DX-FLET FLET SB-KERNEL:%MAP LET DO BLOCK LET TAGBODY 
; --> TAGBODY LET FUNCALL SB-C::%FUNCALL BLOCK 
; ==>
;   (LET ((#:VAL33 (FUNCALL (LAMBDA # X) #:G30)))
;     (UNLESS #:VAL33 (RETURN-FROM #:BLOCK31 NIL)))
; 
; note: deleting unused function
;   (LET ((#:VAL33 (FUNCALL (LAMBDA # X) #:G30)))
;     )

; --> BLOCK SB-INT:DX-FLET FLET SB-KERNEL:%MAP LET DO BLOCK LET TAGBODY 
; --> TAGBODY LET FUNCALL 
; ==>
;   (SB-C::%FUNCALL (SB-KERNEL:%COERCE-CALLABLE-FOR-CALL SB-C::FUN)
;                   (CAR #:INDEX87))
; 
; note: deleting unused function
;   (SB-C::LOCAL-INLINE (FLET "WRAPPER32" :IN OPERATORTHREATENING))

;     (EVERY (LAMBDA (X) X)
;            (MAPCAR #'PREDICATEISOPPOSITE EFFECTS TMP-TO-PRECONDITIONS))
; --> BLOCK SB-INT:DX-FLET FLET SB-KERNEL:%MAP LET DO BLOCK LET TAGBODY 
; --> TAGBODY LET FUNCALL 
; ==>
;   (SB-C::%FUNCALL (SB-KERNEL:%COERCE-CALLABLE-FOR-CALL SB-C::FUN)
;                   (CAR #:INDEX110))
; 
; note: implementation limitation: couldn't inline expand because expansion refers to the optimized away object #<SB-C::CTRAN 4 {1004526F03}>.

; --> BLOCK SB-INT:DX-FLET FLET SB-KERNEL:%MAP LET DO BLOCK LET TAGBODY 
; --> TAGBODY LET FUNCALL SB-C::%FUNCALL BLOCK 
; ==>
;   (LET ((#:VAL6 (FUNCALL (LAMBDA # X) #:G3)))
;     (UNLESS #:VAL6 (RETURN-FROM #:BLOCK4 NIL)))
; 
; note: deleting unused function
;   (LET ((#:VAL6 (FUNCALL (LAMBDA # X) #:G3)))
;     )

; --> BLOCK SB-INT:DX-FLET FLET SB-KERNEL:%MAP LET DO BLOCK LET TAGBODY 
; --> TAGBODY LET FUNCALL 
; ==>
;   (SB-C::%FUNCALL (SB-KERNEL:%COERCE-CALLABLE-FOR-CALL SB-C::FUN)
;                   (CAR #:INDEX110))
; 
; note: deleting unused function
;   (SB-C::LOCAL-INLINE (FLET "WRAPPER5" :IN OPERATORTHREATENING))
; 
; compilation unit finished
;   printed 12 notes


; /home/jr/Documents/School/CS687/projects/project6/project6-sp/project6.fasl written
; compilation finished in 0:00:00.091

CL-USER> (threats *plan* (elt *operators* 0) (elt *links* 0))
; compiling file "/home/jr/Documents/School/CS687/projects/project6/project6-sp/project6.lisp" (written 07 MAY 2020 09:30:56 PM):

; file: /home/jr/Documents/School/CS687/projects/project6/project6-sp/project6.lisp
; in: DEFUN THREATENSLINK
;     (EVERY (LAMBDA (X) X)
;            (MAPCAR #'PREDICATEISOPPOSITE (OPERATOR-EFFECTS TO)
;                    TMP-FROM-PRECONDITIONS))
; --> BLOCK SB-INT:DX-FLET FLET SB-KERNEL:%MAP LET DO BLOCK LET TAGBODY 
; --> TAGBODY LET FUNCALL 
; ==>
;   (SB-C::%FUNCALL (SB-KERNEL:%COERCE-CALLABLE-FOR-CALL SB-C::FUN)
;                   (CAR #:INDEX87))
; 
; note: implementation limitation: couldn't inline expand because expansion refers to the optimized away object #<SB-C::CTRAN 1 {10036AF543}>.

; --> BLOCK SB-INT:DX-FLET FLET SB-KERNEL:%MAP LET DO BLOCK LET TAGBODY 
; --> TAGBODY LET FUNCALL SB-C::%FUNCALL BLOCK 
; ==>
;   (LET ((#:VAL33 (FUNCALL (LAMBDA # X) #:G30)))
;     (UNLESS #:VAL33 (RETURN-FROM #:BLOCK31 NIL)))
; 
; note: deleting unused function
;   (LET ((#:VAL33 (FUNCALL (LAMBDA # X) #:G30)))
;     )

; --> BLOCK SB-INT:DX-FLET FLET SB-KERNEL:%MAP LET DO BLOCK LET TAGBODY 
; --> TAGBODY LET FUNCALL 
; ==>
;   (SB-C::%FUNCALL (SB-KERNEL:%COERCE-CALLABLE-FOR-CALL SB-C::FUN)
;                   (CAR #:INDEX87))
; 
; note: deleting unused function
;   (SB-C::LOCAL-INLINE (FLET "WRAPPER32" :IN THREATENSLINK))

;     (EVERY (LAMBDA (X) X)
;            (MAPCAR #'PREDICATEISOPPOSITE (OPERATOR-EFFECTS TO)
;                    TMP-TO-PRECONDITIONS))
; --> BLOCK SB-INT:DX-FLET FLET SB-KERNEL:%MAP LET DO BLOCK LET TAGBODY 
; --> TAGBODY LET FUNCALL 
; ==>
;   (SB-C::%FUNCALL (SB-KERNEL:%COERCE-CALLABLE-FOR-CALL SB-C::FUN)
;                   (CAR #:INDEX110))
; 
; note: implementation limitation: couldn't inline expand because expansion refers to the optimized away object #<SB-C::CTRAN 2 {1003689C53}>.

; --> BLOCK SB-INT:DX-FLET FLET SB-KERNEL:%MAP LET DO BLOCK LET TAGBODY 
; --> TAGBODY LET FUNCALL SB-C::%FUNCALL BLOCK 
; ==>
;   (LET ((#:VAL6 (FUNCALL (LAMBDA # X) #:G3)))
;     (UNLESS #:VAL6 (RETURN-FROM #:BLOCK4 NIL)))
; 
; note: deleting unused function
;   (LET ((#:VAL6 (FUNCALL (LAMBDA # X) #:G3)))
;     )

; --> BLOCK SB-INT:DX-FLET FLET SB-KERNEL:%MAP LET DO BLOCK LET TAGBODY 
; --> TAGBODY LET FUNCALL 
; ==>
;   (SB-C::%FUNCALL (SB-KERNEL:%COERCE-CALLABLE-FOR-CALL SB-C::FUN)
;                   (CAR #:INDEX110))
; 
; note: deleting unused function
;   (SB-C::LOCAL-INLINE (FLET "WRAPPER5" :IN THREATENSLINK))

; in: DEFUN OPERATORTHREATENING
;     (EVERY (LAMBDA (X) X)
;            (MAPCAR #'PREDICATEISOPPOSITE EFFECTS TMP-FROM-PRECONDITIONS))
; --> BLOCK SB-INT:DX-FLET FLET SB-KERNEL:%MAP LET DO BLOCK LET TAGBODY 
; --> TAGBODY LET FUNCALL 
; ==>
;   (SB-C::%FUNCALL (SB-KERNEL:%COERCE-CALLABLE-FOR-CALL SB-C::FUN)
;                   (CAR #:INDEX87))
; 
; note: implementation limitation: couldn't inline expand because expansion refers to the optimized away object #<SB-C::CTRAN 3 {1003FCB643}>.

; --> BLOCK SB-INT:DX-FLET FLET SB-KERNEL:%MAP LET DO BLOCK LET TAGBODY 
; --> TAGBODY LET FUNCALL SB-C::%FUNCALL BLOCK 
; ==>
;   (LET ((#:VAL33 (FUNCALL (LAMBDA # X) #:G30)))
;     (UNLESS #:VAL33 (RETURN-FROM #:BLOCK31 NIL)))
; 
; note: deleting unused function
;   (LET ((#:VAL33 (FUNCALL (LAMBDA # X) #:G30)))
;     )

; --> BLOCK SB-INT:DX-FLET FLET SB-KERNEL:%MAP LET DO BLOCK LET TAGBODY 
; --> TAGBODY LET FUNCALL 
; ==>
;   (SB-C::%FUNCALL (SB-KERNEL:%COERCE-CALLABLE-FOR-CALL SB-C::FUN)
;                   (CAR #:INDEX87))
; 
; note: deleting unused function
;   (SB-C::LOCAL-INLINE (FLET "WRAPPER32" :IN OPERATORTHREATENING))

;     (EVERY (LAMBDA (X) X)
;            (MAPCAR #'PREDICATEISOPPOSITE EFFECTS TMP-TO-PRECONDITIONS))
; --> BLOCK SB-INT:DX-FLET FLET SB-KERNEL:%MAP LET DO BLOCK LET TAGBODY 
; --> TAGBODY LET FUNCALL 
; ==>
;   (SB-C::%FUNCALL (SB-KERNEL:%COERCE-CALLABLE-FOR-CALL SB-C::FUN)
;                   (CAR #:INDEX110))
; 
; note: implementation limitation: couldn't inline expand because expansion refers to the optimized away object #<SB-C::CTRAN 4 {1003FA6F03}>.

; --> BLOCK SB-INT:DX-FLET FLET SB-KERNEL:%MAP LET DO BLOCK LET TAGBODY 
; --> TAGBODY LET FUNCALL SB-C::%FUNCALL BLOCK 
; ==>
;   (LET ((#:VAL6 (FUNCALL (LAMBDA # X) #:G3)))
;     (UNLESS #:VAL6 (RETURN-FROM #:BLOCK4 NIL)))
; 
; note: deleting unused function
;   (LET ((#:VAL6 (FUNCALL (LAMBDA # X) #:G3)))
;     )

; --> BLOCK SB-INT:DX-FLET FLET SB-KERNEL:%MAP LET DO BLOCK LET TAGBODY 
; --> TAGBODY LET FUNCALL 
; ==>
;   (SB-C::%FUNCALL (SB-KERNEL:%COERCE-CALLABLE-FOR-CALL SB-C::FUN)
;                   (CAR #:INDEX110))
; 
; note: deleting unused function
;   (SB-C::LOCAL-INLINE (FLET "WRAPPER5" :IN OPERATORTHREATENING))
; 
; compilation unit finished
;   printed 12 notes


; /home/jr/Documents/School/CS687/projects/project6/project6-sp/project6.fasl written
; compilation finished in 0:00:00.094
; Evaluation aborted on #<UNDEFINED-FUNCTION PREDICATE-B {10050A7953}>.
CL-USER> (threats *plan* (elt *operators* 0) (elt *links* 0))
; compiling file "/home/jr/Documents/School/CS687/projects/project6/project6-sp/project6.lisp" (written 07 MAY 2020 09:30:56 PM):

; file: /home/jr/Documents/School/CS687/projects/project6/project6-sp/project6.lisp
; in: DEFUN THREATENSLINK
;     (EVERY (LAMBDA (X) X)
;            (MAPCAR #'PREDICATEISOPPOSITE (OPERATOR-EFFECTS TO)
;                    TMP-FROM-PRECONDITIONS))
; --> BLOCK SB-INT:DX-FLET FLET SB-KERNEL:%MAP LET DO BLOCK LET TAGBODY 
; --> TAGBODY LET FUNCALL 
; ==>
;   (SB-C::%FUNCALL (SB-KERNEL:%COERCE-CALLABLE-FOR-CALL SB-C::FUN)
;                   (CAR #:INDEX87))
; 
; note: implementation limitation: couldn't inline expand because expansion refers to the optimized away object #<SB-C::CTRAN 1 {1002F3F323}>.

; --> BLOCK SB-INT:DX-FLET FLET SB-KERNEL:%MAP LET DO BLOCK LET TAGBODY 
; --> TAGBODY LET FUNCALL SB-C::%FUNCALL BLOCK 
; ==>
;   (LET ((#:VAL33 (FUNCALL (LAMBDA # X) #:G30)))
;     (UNLESS #:VAL33 (RETURN-FROM #:BLOCK31 NIL)))
; 
; note: deleting unused function
;   (LET ((#:VAL33 (FUNCALL (LAMBDA # X) #:G30)))
;     )

; --> BLOCK SB-INT:DX-FLET FLET SB-KERNEL:%MAP LET DO BLOCK LET TAGBODY 
; --> TAGBODY LET FUNCALL 
; ==>
;   (SB-C::%FUNCALL (SB-KERNEL:%COERCE-CALLABLE-FOR-CALL SB-C::FUN)
;                   (CAR #:INDEX87))
; 
; note: deleting unused function
;   (SB-C::LOCAL-INLINE (FLET "WRAPPER32" :IN THREATENSLINK))

;     (EVERY (LAMBDA (X) X)
;            (MAPCAR #'PREDICATEISOPPOSITE (OPERATOR-EFFECTS TO)
;                    TMP-TO-PRECONDITIONS))
; --> BLOCK SB-INT:DX-FLET FLET SB-KERNEL:%MAP LET DO BLOCK LET TAGBODY 
; --> TAGBODY LET FUNCALL 
; ==>
;   (SB-C::%FUNCALL (SB-KERNEL:%COERCE-CALLABLE-FOR-CALL SB-C::FUN)
;                   (CAR #:INDEX110))
; 
; note: implementation limitation: couldn't inline expand because expansion refers to the optimized away object #<SB-C::CTRAN 2 {1002F19C23}>.

; --> BLOCK SB-INT:DX-FLET FLET SB-KERNEL:%MAP LET DO BLOCK LET TAGBODY 
; --> TAGBODY LET FUNCALL SB-C::%FUNCALL BLOCK 
; ==>
;   (LET ((#:VAL6 (FUNCALL (LAMBDA # X) #:G3)))
;     (UNLESS #:VAL6 (RETURN-FROM #:BLOCK4 NIL)))
; 
; note: deleting unused function
;   (LET ((#:VAL6 (FUNCALL (LAMBDA # X) #:G3)))
;     )

; --> BLOCK SB-INT:DX-FLET FLET SB-KERNEL:%MAP LET DO BLOCK LET TAGBODY 
; --> TAGBODY LET FUNCALL 
; ==>
;   (SB-C::%FUNCALL (SB-KERNEL:%COERCE-CALLABLE-FOR-CALL SB-C::FUN)
;                   (CAR #:INDEX110))
; 
; note: deleting unused function
;   (SB-C::LOCAL-INLINE (FLET "WRAPPER5" :IN THREATENSLINK))

; in: DEFUN OPERATORTHREATENING
;     (EVERY (LAMBDA (X) X)
;            (MAPCAR #'PREDICATEISOPPOSITE EFFECTS TMP-FROM-PRECONDITIONS))
; --> BLOCK SB-INT:DX-FLET FLET SB-KERNEL:%MAP LET DO BLOCK LET TAGBODY 
; --> TAGBODY LET FUNCALL 
; ==>
;   (SB-C::%FUNCALL (SB-KERNEL:%COERCE-CALLABLE-FOR-CALL SB-C::FUN)
;                   (CAR #:INDEX87))
; 
; note: implementation limitation: couldn't inline expand because expansion refers to the optimized away object #<SB-C::CTRAN 3 {1003A04C13}>.

; --> BLOCK SB-INT:DX-FLET FLET SB-KERNEL:%MAP LET DO BLOCK LET TAGBODY 
; --> TAGBODY LET FUNCALL SB-C::%FUNCALL BLOCK 
; ==>
;   (LET ((#:VAL33 (FUNCALL (LAMBDA # X) #:G30)))
;     (UNLESS #:VAL33 (RETURN-FROM #:BLOCK31 NIL)))
; 
; note: deleting unused function
;   (LET ((#:VAL33 (FUNCALL (LAMBDA # X) #:G30)))
;     )

; --> BLOCK SB-INT:DX-FLET FLET SB-KERNEL:%MAP LET DO BLOCK LET TAGBODY 
; --> TAGBODY LET FUNCALL 
; ==>
;   (SB-C::%FUNCALL (SB-KERNEL:%COERCE-CALLABLE-FOR-CALL SB-C::FUN)
;                   (CAR #:INDEX87))
; 
; note: deleting unused function
;   (SB-C::LOCAL-INLINE (FLET "WRAPPER32" :IN OPERATORTHREATENING))

;     (EVERY (LAMBDA (X) X)
;            (MAPCAR #'PREDICATEISOPPOSITE EFFECTS TMP-TO-PRECONDITIONS))
; --> BLOCK SB-INT:DX-FLET FLET SB-KERNEL:%MAP LET DO BLOCK LET TAGBODY 
; --> TAGBODY LET FUNCALL 
; ==>
;   (SB-C::%FUNCALL (SB-KERNEL:%COERCE-CALLABLE-FOR-CALL SB-C::FUN)
;                   (CAR #:INDEX110))
; 
; note: implementation limitation: couldn't inline expand because expansion refers to the optimized away object #<SB-C::CTRAN 4 {10039E0393}>.

; --> BLOCK SB-INT:DX-FLET FLET SB-KERNEL:%MAP LET DO BLOCK LET TAGBODY 
; --> TAGBODY LET FUNCALL SB-C::%FUNCALL BLOCK 
; ==>
;   (LET ((#:VAL6 (FUNCALL (LAMBDA # X) #:G3)))
;     (UNLESS #:VAL6 (RETURN-FROM #:BLOCK4 NIL)))
; 
; note: deleting unused function
;   (LET ((#:VAL6 (FUNCALL (LAMBDA # X) #:G3)))
;     )

; --> BLOCK SB-INT:DX-FLET FLET SB-KERNEL:%MAP LET DO BLOCK LET TAGBODY 
; --> TAGBODY LET FUNCALL 
; ==>
;   (SB-C::%FUNCALL (SB-KERNEL:%COERCE-CALLABLE-FOR-CALL SB-C::FUN)
;                   (CAR #:INDEX110))
; 
; note: deleting unused function
;   (SB-C::LOCAL-INLINE (FLET "WRAPPER5" :IN OPERATORTHREATENING))
; 
; compilation unit finished
;   printed 12 notes


; /home/jr/Documents/School/CS687/projects/project6/project6-sp/project6.fasl written
; compilation finished in 0:00:00.121
; Evaluation aborted on #<SIMPLE-ERROR "bad thing to be a type specifier: ~/sb-impl:print-type-specifier/" {1004AF7593}>.
CL-USER> (threats *plan* (elt *operators* 0) (elt *links* 0))
; Evaluation aborted on #<SIMPLE-ERROR "bad thing to be a type specifier: ~/sb-impl:print-type-specifier/" {100411FDF3}>.
CL-USER> (operatorThreatening
	  )
; Evaluation aborted on #<SB-INT:SIMPLE-PROGRAM-ERROR "invalid number of arguments: ~S" {1004AB9AF3}>.
CL-USER> (operatorThreatening *plan* (elt *operators* 0))
((#S(OPERATOR
     :NAME GOAL
     :UNIQ #:G3054
     :PRECONDITIONS ((T A-ON-B) (T B-ON-TABLE) (T A-CLEAR))
     :EFFECTS NIL)
  . #< (G3053)B-A-TO-TABLE -> (G3054)GOAL : (T A-CLEAR) >)
 (#S(OPERATOR
     :NAME GOAL
     :UNIQ #:G3056
     :PRECONDITIONS ((T A-ON-B) (T B-ON-TABLE) (T A-CLEAR))
     :EFFECTS NIL)
  . #< (G3055)B-A-TO-TABLE -> (G3056)GOAL : (T B-ON-TABLE) >)
 (#S(OPERATOR
     :NAME B-A-TO-TABLE
     :UNIQ #:G3058
     :PRECONDITIONS ((T B-ON-A) (T B-CLEAR))
     :EFFECTS ((T B-ON-TABLE) (NIL B-ON-A) (T A-CLEAR)))
  . #< (G3057)START -> (G3058)B-A-TO-TABLE : (T B-CLEAR) >)
 (#S(OPERATOR
     :NAME B-A-TO-TABLE
     :UNIQ #:G3060
     :PRECONDITIONS ((T B-ON-A) (T B-CLEAR))
     :EFFECTS ((T B-ON-TABLE) (NIL B-ON-A) (T A-CLEAR)))
  . #< (G3059)START -> (G3060)B-A-TO-TABLE : (T B-ON-A) >)
 (#S(OPERATOR
     :NAME A-TABLE-TO-B
     :UNIQ #:G3064
     :PRECONDITIONS ((T A-ON-TABLE) (T B-CLEAR) (T A-CLEAR))
     :EFFECTS ((NIL A-ON-TABLE) (NIL B-CLEAR) (T A-ON-B)))
  . #< (G3063)START -> (G3064)A-TABLE-TO-B : (T B-CLEAR) >)
 (#S(OPERATOR
     :NAME A-TABLE-TO-B
     :UNIQ #:G3066
     :PRECONDITIONS ((T A-ON-TABLE) (T B-CLEAR) (T A-CLEAR))
     :EFFECTS ((NIL A-ON-TABLE) (NIL B-CLEAR) (T A-ON-B)))
  . #< (G3065)START -> (G3066)A-TABLE-TO-B : (T A-ON-TABLE) >)
 (#S(OPERATOR
     :NAME GOAL
     :UNIQ #:G3068
     :PRECONDITIONS ((T A-ON-B) (T B-ON-TABLE) (T A-CLEAR))
     :EFFECTS NIL)
  . #< (G3067)A-TABLE-TO-B -> (G3068)GOAL : (T A-ON-B) >))
CL-USER> (threats *plan* (elt *operators* 0) (elt *links* 0))
; compiling file "/home/jr/Documents/School/CS687/projects/project6/project6-sp/project6.lisp" (written 07 MAY 2020 09:37:00 PM):

; file: /home/jr/Documents/School/CS687/projects/project6/project6-sp/project6.lisp
; in: DEFUN THREATENSLINK
;     (EVERY (LAMBDA (X) X)
;            (MAPCAR #'PREDICATEISOPPOSITE (OPERATOR-EFFECTS TO)
;                    TMP-FROM-PRECONDITIONS))
; --> BLOCK SB-INT:DX-FLET FLET SB-KERNEL:%MAP LET DO BLOCK LET TAGBODY 
; --> TAGBODY LET FUNCALL 
; ==>
;   (SB-C::%FUNCALL (SB-KERNEL:%COERCE-CALLABLE-FOR-CALL SB-C::FUN)
;                   (CAR #:INDEX87))
; 
; note: implementation limitation: couldn't inline expand because expansion refers to the optimized away object #<SB-C::CTRAN 1 {10035883C3}>.

; --> BLOCK SB-INT:DX-FLET FLET SB-KERNEL:%MAP LET DO BLOCK LET TAGBODY 
; --> TAGBODY LET FUNCALL SB-C::%FUNCALL BLOCK 
; ==>
;   (LET ((#:VAL33 (FUNCALL (LAMBDA # X) #:G30)))
;     (UNLESS #:VAL33 (RETURN-FROM #:BLOCK31 NIL)))
; 
; note: deleting unused function
;   (LET ((#:VAL33 (FUNCALL (LAMBDA # X) #:G30)))
;     )

; --> BLOCK SB-INT:DX-FLET FLET SB-KERNEL:%MAP LET DO BLOCK LET TAGBODY 
; --> TAGBODY LET FUNCALL 
; ==>
;   (SB-C::%FUNCALL (SB-KERNEL:%COERCE-CALLABLE-FOR-CALL SB-C::FUN)
;                   (CAR #:INDEX87))
; 
; note: deleting unused function
;   (SB-C::LOCAL-INLINE (FLET "WRAPPER32" :IN THREATENSLINK))

;     (EVERY (LAMBDA (X) X)
;            (MAPCAR #'PREDICATEISOPPOSITE (OPERATOR-EFFECTS TO)
;                    TMP-TO-PRECONDITIONS))
; --> BLOCK SB-INT:DX-FLET FLET SB-KERNEL:%MAP LET DO BLOCK LET TAGBODY 
; --> TAGBODY LET FUNCALL 
; ==>
;   (SB-C::%FUNCALL (SB-KERNEL:%COERCE-CALLABLE-FOR-CALL SB-C::FUN)
;                   (CAR #:INDEX110))
; 
; note: implementation limitation: couldn't inline expand because expansion refers to the optimized away object #<SB-C::CTRAN 2 {1003562C23}>.

; --> BLOCK SB-INT:DX-FLET FLET SB-KERNEL:%MAP LET DO BLOCK LET TAGBODY 
; --> TAGBODY LET FUNCALL SB-C::%FUNCALL BLOCK 
; ==>
;   (LET ((#:VAL6 (FUNCALL (LAMBDA # X) #:G3)))
;     (UNLESS #:VAL6 (RETURN-FROM #:BLOCK4 NIL)))
; 
; note: deleting unused function
;   (LET ((#:VAL6 (FUNCALL (LAMBDA # X) #:G3)))
;     )

; --> BLOCK SB-INT:DX-FLET FLET SB-KERNEL:%MAP LET DO BLOCK LET TAGBODY 
; --> TAGBODY LET FUNCALL 
; ==>
;   (SB-C::%FUNCALL (SB-KERNEL:%COERCE-CALLABLE-FOR-CALL SB-C::FUN)
;                   (CAR #:INDEX110))
; 
; note: deleting unused function
;   (SB-C::LOCAL-INLINE (FLET "WRAPPER5" :IN THREATENSLINK))

; in: DEFUN OPERATORTHREATENING
;     (EVERY (LAMBDA (X) X)
;            (MAPCAR #'PREDICATEISOPPOSITE EFFECTS TMP-FROM-PRECONDITIONS))
; --> BLOCK SB-INT:DX-FLET FLET SB-KERNEL:%MAP LET DO BLOCK LET TAGBODY 
; --> TAGBODY LET FUNCALL 
; ==>
;   (SB-C::%FUNCALL (SB-KERNEL:%COERCE-CALLABLE-FOR-CALL SB-C::FUN)
;                   (CAR #:INDEX87))
; 
; note: implementation limitation: couldn't inline expand because expansion refers to the optimized away object #<SB-C::CTRAN 3 {1003DCCBE3}>.

; --> BLOCK SB-INT:DX-FLET FLET SB-KERNEL:%MAP LET DO BLOCK LET TAGBODY 
; --> TAGBODY LET FUNCALL SB-C::%FUNCALL BLOCK 
; ==>
;   (LET ((#:VAL33 (FUNCALL (LAMBDA # X) #:G30)))
;     (UNLESS #:VAL33 (RETURN-FROM #:BLOCK31 NIL)))
; 
; note: deleting unused function
;   (LET ((#:VAL33 (FUNCALL (LAMBDA # X) #:G30)))
;     )

; --> BLOCK SB-INT:DX-FLET FLET SB-KERNEL:%MAP LET DO BLOCK LET TAGBODY 
; --> TAGBODY LET FUNCALL 
; ==>
;   (SB-C::%FUNCALL (SB-KERNEL:%COERCE-CALLABLE-FOR-CALL SB-C::FUN)
;                   (CAR #:INDEX87))
; 
; note: deleting unused function
;   (SB-C::LOCAL-INLINE (FLET "WRAPPER32" :IN OPERATORTHREATENING))

;     (EVERY (LAMBDA (X) X)
;            (MAPCAR #'PREDICATEISOPPOSITE EFFECTS TMP-TO-PRECONDITIONS))
; --> BLOCK SB-INT:DX-FLET FLET SB-KERNEL:%MAP LET DO BLOCK LET TAGBODY 
; --> TAGBODY LET FUNCALL 
; ==>
;   (SB-C::%FUNCALL (SB-KERNEL:%COERCE-CALLABLE-FOR-CALL SB-C::FUN)
;                   (CAR #:INDEX110))
; 
; note: implementation limitation: couldn't inline expand because expansion refers to the optimized away object #<SB-C::CTRAN 4 {1003DA84A3}>.

; --> BLOCK SB-INT:DX-FLET FLET SB-KERNEL:%MAP LET DO BLOCK LET TAGBODY 
; --> TAGBODY LET FUNCALL SB-C::%FUNCALL BLOCK 
; ==>
;   (LET ((#:VAL6 (FUNCALL (LAMBDA # X) #:G3)))
;     (UNLESS #:VAL6 (RETURN-FROM #:BLOCK4 NIL)))
; 
; note: deleting unused function
;   (LET ((#:VAL6 (FUNCALL (LAMBDA # X) #:G3)))
;     )

; --> BLOCK SB-INT:DX-FLET FLET SB-KERNEL:%MAP LET DO BLOCK LET TAGBODY 
; --> TAGBODY LET FUNCALL 
; ==>
;   (SB-C::%FUNCALL (SB-KERNEL:%COERCE-CALLABLE-FOR-CALL SB-C::FUN)
;                   (CAR #:INDEX110))
; 
; note: deleting unused function
;   (SB-C::LOCAL-INLINE (FLET "WRAPPER5" :IN OPERATORTHREATENING))
; 
; compilation unit finished
;   printed 12 notes


; /home/jr/Documents/School/CS687/projects/project6/project6-sp/project6.fasl written
; compilation finished in 0:00:00.121
; Evaluation aborted on #<SIMPLE-ERROR "bad thing to be a type specifier: ~/sb-impl:print-type-specifier/" {1004CF4903}>.
CL-USER> (threats *plan* (elt *operators* 0) (elt *links* 0))
NIL
; compiling file "/home/jr/Documents/School/CS687/projects/project6/project6-sp/project6.lisp" (written 07 MAY 2020 09:37:16 PM):

; file: /home/jr/Documents/School/CS687/projects/project6/project6-sp/project6.lisp
; in: DEFUN THREATENSLINK
;     (EVERY (LAMBDA (X) X)
;            (MAPCAR #'PREDICATEISOPPOSITE (OPERATOR-EFFECTS TO)
;                    TMP-FROM-PRECONDITIONS))
; --> BLOCK SB-INT:DX-FLET FLET SB-KERNEL:%MAP LET DO BLOCK LET TAGBODY 
; --> TAGBODY LET FUNCALL 
; ==>
;   (SB-C::%FUNCALL (SB-KERNEL:%COERCE-CALLABLE-FOR-CALL SB-C::FUN)
;                   (CAR #:INDEX87))
; 
; note: implementation limitation: couldn't inline expand because expansion refers to the optimized away object #<SB-C::CTRAN 1 {1002CD5D63}>.

; --> BLOCK SB-INT:DX-FLET FLET SB-KERNEL:%MAP LET DO BLOCK LET TAGBODY 
; --> TAGBODY LET FUNCALL SB-C::%FUNCALL BLOCK 
; ==>
;   (LET ((#:VAL33 (FUNCALL (LAMBDA # X) #:G30)))
;     (UNLESS #:VAL33 (RETURN-FROM #:BLOCK31 NIL)))
; 
; note: deleting unused function
;   (LET ((#:VAL33 (FUNCALL (LAMBDA # X) #:G30)))
;     )

; --> BLOCK SB-INT:DX-FLET FLET SB-KERNEL:%MAP LET DO BLOCK LET TAGBODY 
; --> TAGBODY LET FUNCALL 
; ==>
;   (SB-C::%FUNCALL (SB-KERNEL:%COERCE-CALLABLE-FOR-CALL SB-C::FUN)
;                   (CAR #:INDEX87))
; 
; note: deleting unused function
;   (SB-C::LOCAL-INLINE (FLET "WRAPPER32" :IN THREATENSLINK))

;     (EVERY (LAMBDA (X) X)
;            (MAPCAR #'PREDICATEISOPPOSITE (OPERATOR-EFFECTS TO)
;                    TMP-TO-PRECONDITIONS))
; --> BLOCK SB-INT:DX-FLET FLET SB-KERNEL:%MAP LET DO BLOCK LET TAGBODY 
; --> TAGBODY LET FUNCALL 
; ==>
;   (SB-C::%FUNCALL (SB-KERNEL:%COERCE-CALLABLE-FOR-CALL SB-C::FUN)
;                   (CAR #:INDEX110))
; 
; note: implementation limitation: couldn't inline expand because expansion refers to the optimized away object #<SB-C::CTRAN 2 {1002CA8613}>.

; --> BLOCK SB-INT:DX-FLET FLET SB-KERNEL:%MAP LET DO BLOCK LET TAGBODY 
; --> TAGBODY LET FUNCALL SB-C::%FUNCALL BLOCK 
; ==>
;   (LET ((#:VAL6 (FUNCALL (LAMBDA # X) #:G3)))
;     (UNLESS #:VAL6 (RETURN-FROM #:BLOCK4 NIL)))
; 
; note: deleting unused function
;   (LET ((#:VAL6 (FUNCALL (LAMBDA # X) #:G3)))
;     )

; --> BLOCK SB-INT:DX-FLET FLET SB-KERNEL:%MAP LET DO BLOCK LET TAGBODY 
; --> TAGBODY LET FUNCALL 
; ==>
;   (SB-C::%FUNCALL (SB-KERNEL:%COERCE-CALLABLE-FOR-CALL SB-C::FUN)
;                   (CAR #:INDEX110))
; 
; note: deleting unused function
;   (SB-C::LOCAL-INLINE (FLET "WRAPPER5" :IN THREATENSLINK))

; in: DEFUN OPERATORTHREATENING
;     (EVERY (LAMBDA (X) X)
;            (MAPCAR #'PREDICATEISOPPOSITE EFFECTS TMP-FROM-PRECONDITIONS))
; --> BLOCK SB-INT:DX-FLET FLET SB-KERNEL:%MAP LET DO BLOCK LET TAGBODY 
; --> TAGBODY LET FUNCALL 
; ==>
;   (SB-C::%FUNCALL (SB-KERNEL:%COERCE-CALLABLE-FOR-CALL SB-C::FUN)
;                   (CAR #:INDEX87))
; 
; note: implementation limitation: couldn't inline expand because expansion refers to the optimized away object #<SB-C::CTRAN 3 {10037AB783}>.

; --> BLOCK SB-INT:DX-FLET FLET SB-KERNEL:%MAP LET DO BLOCK LET TAGBODY 
; --> TAGBODY LET FUNCALL SB-C::%FUNCALL BLOCK 
; ==>
;   (LET ((#:VAL33 (FUNCALL (LAMBDA # X) #:G30)))
;     (UNLESS #:VAL33 (RETURN-FROM #:BLOCK31 NIL)))
; 
; note: deleting unused function
;   (LET ((#:VAL33 (FUNCALL (LAMBDA # X) #:G30)))
;     )

; --> BLOCK SB-INT:DX-FLET FLET SB-KERNEL:%MAP LET DO BLOCK LET TAGBODY 
; --> TAGBODY LET FUNCALL 
; ==>
;   (SB-C::%FUNCALL (SB-KERNEL:%COERCE-CALLABLE-FOR-CALL SB-C::FUN)
;                   (CAR #:INDEX87))
; 
; note: deleting unused function
;   (SB-C::LOCAL-INLINE (FLET "WRAPPER32" :IN OPERATORTHREATENING))

;     (EVERY (LAMBDA (X) X)
;            (MAPCAR #'PREDICATEISOPPOSITE EFFECTS TMP-TO-PRECONDITIONS))
; --> BLOCK SB-INT:DX-FLET FLET SB-KERNEL:%MAP LET DO BLOCK LET TAGBODY 
; --> TAGBODY LET FUNCALL 
; ==>
;   (SB-C::%FUNCALL (SB-KERNEL:%COERCE-CALLABLE-FOR-CALL SB-C::FUN)
;                   (CAR #:INDEX110))
; 
; note: implementation limitation: couldn't inline expand because expansion refers to the optimized away object #<SB-C::CTRAN 4 {100377EF83}>.

; --> BLOCK SB-INT:DX-FLET FLET SB-KERNEL:%MAP LET DO BLOCK LET TAGBODY 
; --> TAGBODY LET FUNCALL SB-C::%FUNCALL BLOCK 
; ==>
;   (LET ((#:VAL6 (FUNCALL (LAMBDA # X) #:G3)))
;     (UNLESS #:VAL6 (RETURN-FROM #:BLOCK4 NIL)))
; 
; note: deleting unused function
;   (LET ((#:VAL6 (FUNCALL (LAMBDA # X) #:G3)))
;     )

; --> BLOCK SB-INT:DX-FLET FLET SB-KERNEL:%MAP LET DO BLOCK LET TAGBODY 
; --> TAGBODY LET FUNCALL 
; ==>
;   (SB-C::%FUNCALL (SB-KERNEL:%COERCE-CALLABLE-FOR-CALL SB-C::FUN)
;                   (CAR #:INDEX110))
; 
; note: deleting unused function
;   (SB-C::LOCAL-INLINE (FLET "WRAPPER5" :IN OPERATORTHREATENING))
; 
; compilation unit finished
;   printed 12 notes


; /home/jr/Documents/School/CS687/projects/project6/project6-sp/project6.fasl written
; compilation finished in 0:00:00.094
CL-USER> (threats *plan* (elt *operators* 0) (elt *links* 0))
"poop"
; compiling file "/home/jr/Documents/School/CS687/projects/project6/project6-sp/project6.lisp" (written 07 MAY 2020 09:37:48 PM):

; file: /home/jr/Documents/School/CS687/projects/project6/project6-sp/project6.lisp
; in: DEFUN THREATENSLINK
;     (EVERY (LAMBDA (X) X)
;            (MAPCAR #'PREDICATEISOPPOSITE (OPERATOR-EFFECTS TO)
;                    TMP-FROM-PRECONDITIONS))
; --> BLOCK SB-INT:DX-FLET FLET SB-KERNEL:%MAP LET DO BLOCK LET TAGBODY 
; --> TAGBODY LET FUNCALL 
; ==>
;   (SB-C::%FUNCALL (SB-KERNEL:%COERCE-CALLABLE-FOR-CALL SB-C::FUN)
;                   (CAR #:INDEX87))
; 
; note: implementation limitation: couldn't inline expand because expansion refers to the optimized away object #<SB-C::CTRAN 1 {1001F8D823}>.

; --> BLOCK SB-INT:DX-FLET FLET SB-KERNEL:%MAP LET DO BLOCK LET TAGBODY 
; --> TAGBODY LET FUNCALL SB-C::%FUNCALL BLOCK 
; ==>
;   (LET ((#:VAL33 (FUNCALL (LAMBDA # X) #:G30)))
;     (UNLESS #:VAL33 (RETURN-FROM #:BLOCK31 NIL)))
; 
; note: deleting unused function
;   (LET ((#:VAL33 (FUNCALL (LAMBDA # X) #:G30)))
;     )

; --> BLOCK SB-INT:DX-FLET FLET SB-KERNEL:%MAP LET DO BLOCK LET TAGBODY 
; --> TAGBODY LET FUNCALL 
; ==>
;   (SB-C::%FUNCALL (SB-KERNEL:%COERCE-CALLABLE-FOR-CALL SB-C::FUN)
;                   (CAR #:INDEX87))
; 
; note: deleting unused function
;   (SB-C::LOCAL-INLINE (FLET "WRAPPER32" :IN THREATENSLINK))

;     (EVERY (LAMBDA (X) X)
;            (MAPCAR #'PREDICATEISOPPOSITE (OPERATOR-EFFECTS TO)
;                    TMP-TO-PRECONDITIONS))
; --> BLOCK SB-INT:DX-FLET FLET SB-KERNEL:%MAP LET DO BLOCK LET TAGBODY 
; --> TAGBODY LET FUNCALL 
; ==>
;   (SB-C::%FUNCALL (SB-KERNEL:%COERCE-CALLABLE-FOR-CALL SB-C::FUN)
;                   (CAR #:INDEX110))
; 
; note: implementation limitation: couldn't inline expand because expansion refers to the optimized away object #<SB-C::CTRAN 2 {1001F68393}>.

; --> BLOCK SB-INT:DX-FLET FLET SB-KERNEL:%MAP LET DO BLOCK LET TAGBODY 
; --> TAGBODY LET FUNCALL SB-C::%FUNCALL BLOCK 
; ==>
;   (LET ((#:VAL6 (FUNCALL (LAMBDA # X) #:G3)))
;     (UNLESS #:VAL6 (RETURN-FROM #:BLOCK4 NIL)))
; 
; note: deleting unused function
;   (LET ((#:VAL6 (FUNCALL (LAMBDA # X) #:G3)))
;     )

; --> BLOCK SB-INT:DX-FLET FLET SB-KERNEL:%MAP LET DO BLOCK LET TAGBODY 
; --> TAGBODY LET FUNCALL 
; ==>
;   (SB-C::%FUNCALL (SB-KERNEL:%COERCE-CALLABLE-FOR-CALL SB-C::FUN)
;                   (CAR #:INDEX110))
; 
; note: deleting unused function
;   (SB-C::LOCAL-INLINE (FLET "WRAPPER5" :IN THREATENSLINK))

; in: DEFUN OPERATORTHREATENING
;     (EVERY (LAMBDA (X) X)
;            (MAPCAR #'PREDICATEISOPPOSITE EFFECTS TMP-FROM-PRECONDITIONS))
; --> BLOCK SB-INT:DX-FLET FLET SB-KERNEL:%MAP LET DO BLOCK LET TAGBODY 
; --> TAGBODY LET FUNCALL 
; ==>
;   (SB-C::%FUNCALL (SB-KERNEL:%COERCE-CALLABLE-FOR-CALL SB-C::FUN)
;                   (CAR #:INDEX87))
; 
; note: implementation limitation: couldn't inline expand because expansion refers to the optimized away object #<SB-C::CTRAN 3 {1002FD8933}>.

; --> BLOCK SB-INT:DX-FLET FLET SB-KERNEL:%MAP LET DO BLOCK LET TAGBODY 
; --> TAGBODY LET FUNCALL SB-C::%FUNCALL BLOCK 
; ==>
;   (LET ((#:VAL33 (FUNCALL (LAMBDA # X) #:G30)))
;     (UNLESS #:VAL33 (RETURN-FROM #:BLOCK31 NIL)))
; 
; note: deleting unused function
;   (LET ((#:VAL33 (FUNCALL (LAMBDA # X) #:G30)))
;     )

; --> BLOCK SB-INT:DX-FLET FLET SB-KERNEL:%MAP LET DO BLOCK LET TAGBODY 
; --> TAGBODY LET FUNCALL 
; ==>
;   (SB-C::%FUNCALL (SB-KERNEL:%COERCE-CALLABLE-FOR-CALL SB-C::FUN)
;                   (CAR #:INDEX87))
; 
; note: deleting unused function
;   (SB-C::LOCAL-INLINE (FLET "WRAPPER32" :IN OPERATORTHREATENING))

;     (EVERY (LAMBDA (X) X)
;            (MAPCAR #'PREDICATEISOPPOSITE EFFECTS TMP-TO-PRECONDITIONS))
; --> BLOCK SB-INT:DX-FLET FLET SB-KERNEL:%MAP LET DO BLOCK LET TAGBODY 
; --> TAGBODY LET FUNCALL 
; ==>
;   (SB-C::%FUNCALL (SB-KERNEL:%COERCE-CALLABLE-FOR-CALL SB-C::FUN)
;                   (CAR #:INDEX110))
; 
; note: implementation limitation: couldn't inline expand because expansion refers to the optimized away object #<SB-C::CTRAN 4 {1002FB4193}>.

; --> BLOCK SB-INT:DX-FLET FLET SB-KERNEL:%MAP LET DO BLOCK LET TAGBODY 
; --> TAGBODY LET FUNCALL SB-C::%FUNCALL BLOCK 
; ==>
;   (LET ((#:VAL6 (FUNCALL (LAMBDA # X) #:G3)))
;     (UNLESS #:VAL6 (RETURN-FROM #:BLOCK4 NIL)))
; 
; note: deleting unused function
;   (LET ((#:VAL6 (FUNCALL (LAMBDA # X) #:G3)))
;     )

; --> BLOCK SB-INT:DX-FLET FLET SB-KERNEL:%MAP LET DO BLOCK LET TAGBODY 
; --> TAGBODY LET FUNCALL 
; ==>
;   (SB-C::%FUNCALL (SB-KERNEL:%COERCE-CALLABLE-FOR-CALL SB-C::FUN)
;                   (CAR #:INDEX110))
; 
; note: deleting unused function
;   (SB-C::LOCAL-INLINE (FLET "WRAPPER5" :IN OPERATORTHREATENING))
; 
; compilation unit finished
;   printed 12 notes


; /home/jr/Documents/School/CS687/projects/project6/project6-sp/project6.fasl written
; compilation finished in 0:00:00.094
CL-USER> (threats *plan* (elt *operators* 0) (elt *links* 0))
; compiling file "/home/jr/Documents/School/CS687/projects/project6/project6-sp/project6.lisp" (written 07 MAY 2020 09:38:02 PM):

; file: /home/jr/Documents/School/CS687/projects/project6/project6-sp/project6.lisp
; in: DEFUN THREATENSLINK
;     (EVERY (LAMBDA (X) X)
;            (MAPCAR #'PREDICATEISOPPOSITE (OPERATOR-EFFECTS TO)
;                    TMP-FROM-PRECONDITIONS))
; --> BLOCK SB-INT:DX-FLET FLET SB-KERNEL:%MAP LET DO BLOCK LET TAGBODY 
; --> TAGBODY LET FUNCALL 
; ==>
;   (SB-C::%FUNCALL (SB-KERNEL:%COERCE-CALLABLE-FOR-CALL SB-C::FUN)
;                   (CAR #:INDEX87))
; 
; note: implementation limitation: couldn't inline expand because expansion refers to the optimized away object #<SB-C::CTRAN 1 {1005C4E0E3}>.

; --> BLOCK SB-INT:DX-FLET FLET SB-KERNEL:%MAP LET DO BLOCK LET TAGBODY 
; --> TAGBODY LET FUNCALL SB-C::%FUNCALL BLOCK 
; ==>
;   (LET ((#:VAL33 (FUNCALL (LAMBDA # X) #:G30)))
;     (UNLESS #:VAL33 (RETURN-FROM #:BLOCK31 NIL)))
; 
; note: deleting unused function
;   (LET ((#:VAL33 (FUNCALL (LAMBDA # X) #:G30)))
;     )

; --> BLOCK SB-INT:DX-FLET FLET SB-KERNEL:%MAP LET DO BLOCK LET TAGBODY 
; --> TAGBODY LET FUNCALL 
; ==>
;   (SB-C::%FUNCALL (SB-KERNEL:%COERCE-CALLABLE-FOR-CALL SB-C::FUN)
;                   (CAR #:INDEX87))
; 
; note: deleting unused function
;   (SB-C::LOCAL-INLINE (FLET "WRAPPER32" :IN THREATENSLINK))

;     (EVERY (LAMBDA (X) X)
;            (MAPCAR #'PREDICATEISOPPOSITE (OPERATOR-EFFECTS TO)
;                    TMP-TO-PRECONDITIONS))
; --> BLOCK SB-INT:DX-FLET FLET SB-KERNEL:%MAP LET DO BLOCK LET TAGBODY 
; --> TAGBODY LET FUNCALL 
; ==>
;   (SB-C::%FUNCALL (SB-KERNEL:%COERCE-CALLABLE-FOR-CALL SB-C::FUN)
;                   (CAR #:INDEX110))
; 
; note: implementation limitation: couldn't inline expand because expansion refers to the optimized away object #<SB-C::CTRAN 2 {1005C28AE3}>.

; --> BLOCK SB-INT:DX-FLET FLET SB-KERNEL:%MAP LET DO BLOCK LET TAGBODY 
; --> TAGBODY LET FUNCALL SB-C::%FUNCALL BLOCK 
; ==>
;   (LET ((#:VAL6 (FUNCALL (LAMBDA # X) #:G3)))
;     (UNLESS #:VAL6 (RETURN-FROM #:BLOCK4 NIL)))
; 
; note: deleting unused function
;   (LET ((#:VAL6 (FUNCALL (LAMBDA # X) #:G3)))
;     )

; --> BLOCK SB-INT:DX-FLET FLET SB-KERNEL:%MAP LET DO BLOCK LET TAGBODY 
; --> TAGBODY LET FUNCALL 
; ==>
;   (SB-C::%FUNCALL (SB-KERNEL:%COERCE-CALLABLE-FOR-CALL SB-C::FUN)
;                   (CAR #:INDEX110))
; 
; note: deleting unused function
;   (SB-C::LOCAL-INLINE (FLET "WRAPPER5" :IN THREATENSLINK))

; in: DEFUN OPERATORTHREATENING
;     (EVERY (LAMBDA (X) X)
;            (MAPCAR #'PREDICATEISOPPOSITE EFFECTS TMP-FROM-PRECONDITIONS))
; --> BLOCK SB-INT:DX-FLET FLET SB-KERNEL:%MAP LET DO BLOCK LET TAGBODY 
; --> TAGBODY LET FUNCALL 
; ==>
;   (SB-C::%FUNCALL (SB-KERNEL:%COERCE-CALLABLE-FOR-CALL SB-C::FUN)
;                   (CAR #:INDEX87))
; 
; note: implementation limitation: couldn't inline expand because expansion refers to the optimized away object #<SB-C::CTRAN 3 {1002AB3593}>.

; --> BLOCK SB-INT:DX-FLET FLET SB-KERNEL:%MAP LET DO BLOCK LET TAGBODY 
; --> TAGBODY LET FUNCALL SB-C::%FUNCALL BLOCK 
; ==>
;   (LET ((#:VAL33 (FUNCALL (LAMBDA # X) #:G30)))
;     (UNLESS #:VAL33 (RETURN-FROM #:BLOCK31 NIL)))
; 
; note: deleting unused function
;   (LET ((#:VAL33 (FUNCALL (LAMBDA # X) #:G30)))
;     )

; --> BLOCK SB-INT:DX-FLET FLET SB-KERNEL:%MAP LET DO BLOCK LET TAGBODY 
; --> TAGBODY LET FUNCALL 
; ==>
;   (SB-C::%FUNCALL (SB-KERNEL:%COERCE-CALLABLE-FOR-CALL SB-C::FUN)
;                   (CAR #:INDEX87))
; 
; note: deleting unused function
;   (SB-C::LOCAL-INLINE (FLET "WRAPPER32" :IN OPERATORTHREATENING))

;     (EVERY (LAMBDA (X) X)
;            (MAPCAR #'PREDICATEISOPPOSITE EFFECTS TMP-TO-PRECONDITIONS))
; --> BLOCK SB-INT:DX-FLET FLET SB-KERNEL:%MAP LET DO BLOCK LET TAGBODY 
; --> TAGBODY LET FUNCALL 
; ==>
;   (SB-C::%FUNCALL (SB-KERNEL:%COERCE-CALLABLE-FOR-CALL SB-C::FUN)
;                   (CAR #:INDEX110))
; 
; note: implementation limitation: couldn't inline expand because expansion refers to the optimized away object #<SB-C::CTRAN 4 {1002A8EF03}>.

; --> BLOCK SB-INT:DX-FLET FLET SB-KERNEL:%MAP LET DO BLOCK LET TAGBODY 
; --> TAGBODY LET FUNCALL SB-C::%FUNCALL BLOCK 
; ==>
;   (LET ((#:VAL6 (FUNCALL (LAMBDA # X) #:G3)))
;     (UNLESS #:VAL6 (RETURN-FROM #:BLOCK4 NIL)))
; 
; note: deleting unused function
;   (LET ((#:VAL6 (FUNCALL (LAMBDA # X) #:G3)))
;     )

; --> BLOCK SB-INT:DX-FLET FLET SB-KERNEL:%MAP LET DO BLOCK LET TAGBODY 
; --> TAGBODY LET FUNCALL 
; ==>
;   (SB-C::%FUNCALL (SB-KERNEL:%COERCE-CALLABLE-FOR-CALL SB-C::FUN)
;                   (CAR #:INDEX110))
; 
; note: deleting unused function
;   (SB-C::LOCAL-INLINE (FLET "WRAPPER5" :IN OPERATORTHREATENING))
; 
; compilation unit finished
;   printed 12 notes


; /home/jr/Documents/School/CS687/projects/project6/project6-sp/project6.fasl written
; compilation finished in 0:00:00.121
; compiling file "/home/jr/Documents/School/CS687/projects/project6/project6-sp/project6.lisp" (written 07 MAY 2020 09:38:02 PM):

; file: /home/jr/Documents/School/CS687/projects/project6/project6-sp/project6.lisp
; in: DEFUN THREATENSLINK
;     (EVERY (LAMBDA (X) X)
;            (MAPCAR #'PREDICATEISOPPOSITE (OPERATOR-EFFECTS TO)
;                    TMP-FROM-PRECONDITIONS))
; --> BLOCK SB-INT:DX-FLET FLET SB-KERNEL:%MAP LET DO BLOCK LET TAGBODY 
; --> TAGBODY LET FUNCALL 
; ==>
;   (SB-C::%FUNCALL (SB-KERNEL:%COERCE-CALLABLE-FOR-CALL SB-C::FUN)
;                   (CAR #:INDEX87))
; 
; note: implementation limitation: couldn't inline expand because expansion refers to the optimized away object #<SB-C::CTRAN 1 {10055EDE43}>.

; --> BLOCK SB-INT:DX-FLET FLET SB-KERNEL:%MAP LET DO BLOCK LET TAGBODY 
; --> TAGBODY LET FUNCALL SB-C::%FUNCALL BLOCK 
; ==>
;   (LET ((#:VAL33 (FUNCALL (LAMBDA # X) #:G30)))
;     (UNLESS #:VAL33 (RETURN-FROM #:BLOCK31 NIL)))
; 
; note: deleting unused function
;   (LET ((#:VAL33 (FUNCALL (LAMBDA # X) #:G30)))
;     )

; --> BLOCK SB-INT:DX-FLET FLET SB-KERNEL:%MAP LET DO BLOCK LET TAGBODY 
; --> TAGBODY LET FUNCALL 
; ==>
;   (SB-C::%FUNCALL (SB-KERNEL:%COERCE-CALLABLE-FOR-CALL SB-C::FUN)
;                   (CAR #:INDEX87))
; 
; note: deleting unused function
;   (SB-C::LOCAL-INLINE (FLET "WRAPPER32" :IN THREATENSLINK))

;     (EVERY (LAMBDA (X) X)
;            (MAPCAR #'PREDICATEISOPPOSITE (OPERATOR-EFFECTS TO)
;                    TMP-TO-PRECONDITIONS))
; --> BLOCK SB-INT:DX-FLET FLET SB-KERNEL:%MAP LET DO BLOCK LET TAGBODY 
; --> TAGBODY LET FUNCALL 
; ==>
;   (SB-C::%FUNCALL (SB-KERNEL:%COERCE-CALLABLE-FOR-CALL SB-C::FUN)
;                   (CAR #:INDEX110))
; 
; note: implementation limitation: couldn't inline expand because expansion refers to the optimized away object #<SB-C::CTRAN 2 {10055C87E3}>.

; --> BLOCK SB-INT:DX-FLET FLET SB-KERNEL:%MAP LET DO BLOCK LET TAGBODY 
; --> TAGBODY LET FUNCALL SB-C::%FUNCALL BLOCK 
; ==>
;   (LET ((#:VAL6 (FUNCALL (LAMBDA # X) #:G3)))
;     (UNLESS #:VAL6 (RETURN-FROM #:BLOCK4 NIL)))
; 
; note: deleting unused function
;   (LET ((#:VAL6 (FUNCALL (LAMBDA # X) #:G3)))
;     )

; --> BLOCK SB-INT:DX-FLET FLET SB-KERNEL:%MAP LET DO BLOCK LET TAGBODY 
; --> TAGBODY LET FUNCALL 
; ==>
;   (SB-C::%FUNCALL (SB-KERNEL:%COERCE-CALLABLE-FOR-CALL SB-C::FUN)
;                   (CAR #:INDEX110))
; 
; note: deleting unused function
;   (SB-C::LOCAL-INLINE (FLET "WRAPPER5" :IN THREATENSLINK))

; in: DEFUN OPERATORTHREATENING
;     (EVERY (LAMBDA (X) X)
;            (MAPCAR #'PREDICATEISOPPOSITE EFFECTS TMP-FROM-PRECONDITIONS))
; --> BLOCK SB-INT:DX-FLET FLET SB-KERNEL:%MAP LET DO BLOCK LET TAGBODY 
; --> TAGBODY LET FUNCALL 
; ==>
;   (SB-C::%FUNCALL (SB-KERNEL:%COERCE-CALLABLE-FOR-CALL SB-C::FUN)
;                   (CAR #:INDEX87))
; 
; note: implementation limitation: couldn't inline expand because expansion refers to the optimized away object #<SB-C::CTRAN 3 {1005EBB703}>.

; --> BLOCK SB-INT:DX-FLET FLET SB-KERNEL:%MAP LET DO BLOCK LET TAGBODY 
; --> TAGBODY LET FUNCALL SB-C::%FUNCALL BLOCK 
; ==>
;   (LET ((#:VAL33 (FUNCALL (LAMBDA # X) #:G30)))
;     (UNLESS #:VAL33 (RETURN-FROM #:BLOCK31 NIL)))
; 
; note: deleting unused function
;   (LET ((#:VAL33 (FUNCALL (LAMBDA # X) #:G30)))
;     )

; --> BLOCK SB-INT:DX-FLET FLET SB-KERNEL:%MAP LET DO BLOCK LET TAGBODY 
; --> TAGBODY LET FUNCALL 
; ==>
;   (SB-C::%FUNCALL (SB-KERNEL:%COERCE-CALLABLE-FOR-CALL SB-C::FUN)
;                   (CAR #:INDEX87))
; 
; note: deleting unused function
;   (SB-C::LOCAL-INLINE (FLET "WRAPPER32" :IN OPERATORTHREATENING))

;     (EVERY (LAMBDA (X) X)
;            (MAPCAR #'PREDICATEISOPPOSITE EFFECTS TMP-TO-PRECONDITIONS))
; --> BLOCK SB-INT:DX-FLET FLET SB-KERNEL:%MAP LET DO BLOCK LET TAGBODY 
; --> TAGBODY LET FUNCALL 
; ==>
;   (SB-C::%FUNCALL (SB-KERNEL:%COERCE-CALLABLE-FOR-CALL SB-C::FUN)
;                   (CAR #:INDEX110))
; 
; note: implementation limitation: couldn't inline expand because expansion refers to the optimized away object #<SB-C::CTRAN 4 {1006647693}>.

; --> BLOCK SB-INT:DX-FLET FLET SB-KERNEL:%MAP LET DO BLOCK LET TAGBODY 
; --> TAGBODY LET FUNCALL SB-C::%FUNCALL BLOCK 
; ==>
;   (LET ((#:VAL6 (FUNCALL (LAMBDA # X) #:G3)))
;     (UNLESS #:VAL6 (RETURN-FROM #:BLOCK4 NIL)))
; 
; note: deleting unused function
;   (LET ((#:VAL6 (FUNCALL (LAMBDA # X) #:G3)))
;     )

; --> BLOCK SB-INT:DX-FLET FLET SB-KERNEL:%MAP LET DO BLOCK LET TAGBODY 
; --> TAGBODY LET FUNCALL 
; ==>
;   (SB-C::%FUNCALL (SB-KERNEL:%COERCE-CALLABLE-FOR-CALL SB-C::FUN)
;                   (CAR #:INDEX110))
; 
; note: deleting unused function
;   (SB-C::LOCAL-INLINE (FLET "WRAPPER5" :IN OPERATORTHREATENING))
; 
; compilation unit finished
;   printed 12 notes


; /home/jr/Documents/School/CS687/projects/project6/project6-sp/project6.fasl written
; compilation finished in 0:00:00.095
; Evaluation aborted on #<TYPE-ERROR expected-type: LIST
             datum: #< (G3149)B-A-TO-TABLE -> (G3150)GOAL : (T A-CLEAR) >>.
CL-USER> (threats *plan* (elt *operators* 0) (elt *links* 0))
NIL
; compiling file "/home/jr/Documents/School/CS687/projects/project6/project6-sp/project6.lisp" (written 07 MAY 2020 09:38:17 PM):

; file: /home/jr/Documents/School/CS687/projects/project6/project6-sp/project6.lisp
; in: DEFUN THREATENSLINK
;     (EVERY (LAMBDA (X) X)
;            (MAPCAR #'PREDICATEISOPPOSITE (OPERATOR-EFFECTS TO)
;                    TMP-FROM-PRECONDITIONS))
; --> BLOCK SB-INT:DX-FLET FLET SB-KERNEL:%MAP LET DO BLOCK LET TAGBODY 
; --> TAGBODY LET FUNCALL 
; ==>
;   (SB-C::%FUNCALL (SB-KERNEL:%COERCE-CALLABLE-FOR-CALL SB-C::FUN)
;                   (CAR #:INDEX87))
; 
; note: implementation limitation: couldn't inline expand because expansion refers to the optimized away object #<SB-C::CTRAN 1 {1004FBCBE3}>.

; --> BLOCK SB-INT:DX-FLET FLET SB-KERNEL:%MAP LET DO BLOCK LET TAGBODY 
; --> TAGBODY LET FUNCALL SB-C::%FUNCALL BLOCK 
; ==>
;   (LET ((#:VAL33 (FUNCALL (LAMBDA # X) #:G30)))
;     (UNLESS #:VAL33 (RETURN-FROM #:BLOCK31 NIL)))
; 
; note: deleting unused function
;   (LET ((#:VAL33 (FUNCALL (LAMBDA # X) #:G30)))
;     )

; --> BLOCK SB-INT:DX-FLET FLET SB-KERNEL:%MAP LET DO BLOCK LET TAGBODY 
; --> TAGBODY LET FUNCALL 
; ==>
;   (SB-C::%FUNCALL (SB-KERNEL:%COERCE-CALLABLE-FOR-CALL SB-C::FUN)
;                   (CAR #:INDEX87))
; 
; note: deleting unused function
;   (SB-C::LOCAL-INLINE (FLET "WRAPPER32" :IN THREATENSLINK))

;     (EVERY (LAMBDA (X) X)
;            (MAPCAR #'PREDICATEISOPPOSITE (OPERATOR-EFFECTS TO)
;                    TMP-TO-PRECONDITIONS))
; --> BLOCK SB-INT:DX-FLET FLET SB-KERNEL:%MAP LET DO BLOCK LET TAGBODY 
; --> TAGBODY LET FUNCALL 
; ==>
;   (SB-C::%FUNCALL (SB-KERNEL:%COERCE-CALLABLE-FOR-CALL SB-C::FUN)
;                   (CAR #:INDEX110))
; 
; note: implementation limitation: couldn't inline expand because expansion refers to the optimized away object #<SB-C::CTRAN 2 {1004F973F3}>.

; --> BLOCK SB-INT:DX-FLET FLET SB-KERNEL:%MAP LET DO BLOCK LET TAGBODY 
; --> TAGBODY LET FUNCALL SB-C::%FUNCALL BLOCK 
; ==>
;   (LET ((#:VAL6 (FUNCALL (LAMBDA # X) #:G3)))
;     (UNLESS #:VAL6 (RETURN-FROM #:BLOCK4 NIL)))
; 
; note: deleting unused function
;   (LET ((#:VAL6 (FUNCALL (LAMBDA # X) #:G3)))
;     )

; --> BLOCK SB-INT:DX-FLET FLET SB-KERNEL:%MAP LET DO BLOCK LET TAGBODY 
; --> TAGBODY LET FUNCALL 
; ==>
;   (SB-C::%FUNCALL (SB-KERNEL:%COERCE-CALLABLE-FOR-CALL SB-C::FUN)
;                   (CAR #:INDEX110))
; 
; note: deleting unused function
;   (SB-C::LOCAL-INLINE (FLET "WRAPPER5" :IN THREATENSLINK))

; in: DEFUN OPERATORTHREATENING
;     (EVERY (LAMBDA (X) X)
;            (MAPCAR #'PREDICATEISOPPOSITE EFFECTS TMP-FROM-PRECONDITIONS))
; --> BLOCK SB-INT:DX-FLET FLET SB-KERNEL:%MAP LET DO BLOCK LET TAGBODY 
; --> TAGBODY LET FUNCALL 
; ==>
;   (SB-C::%FUNCALL (SB-KERNEL:%COERCE-CALLABLE-FOR-CALL SB-C::FUN)
;                   (CAR #:INDEX87))
; 
; note: implementation limitation: couldn't inline expand because expansion refers to the optimized away object #<SB-C::CTRAN 3 {100587B633}>.

; --> BLOCK SB-INT:DX-FLET FLET SB-KERNEL:%MAP LET DO BLOCK LET TAGBODY 
; --> TAGBODY LET FUNCALL SB-C::%FUNCALL BLOCK 
; ==>
;   (LET ((#:VAL33 (FUNCALL (LAMBDA # X) #:G30)))
;     (UNLESS #:VAL33 (RETURN-FROM #:BLOCK31 NIL)))
; 
; note: deleting unused function
;   (LET ((#:VAL33 (FUNCALL (LAMBDA # X) #:G30)))
;     )

; --> BLOCK SB-INT:DX-FLET FLET SB-KERNEL:%MAP LET DO BLOCK LET TAGBODY 
; --> TAGBODY LET FUNCALL 
; ==>
;   (SB-C::%FUNCALL (SB-KERNEL:%COERCE-CALLABLE-FOR-CALL SB-C::FUN)
;                   (CAR #:INDEX87))
; 
; note: deleting unused function
;   (SB-C::LOCAL-INLINE (FLET "WRAPPER32" :IN OPERATORTHREATENING))

;     (EVERY (LAMBDA (X) X)
;            (MAPCAR #'PREDICATEISOPPOSITE EFFECTS TMP-TO-PRECONDITIONS))
; --> BLOCK SB-INT:DX-FLET FLET SB-KERNEL:%MAP LET DO BLOCK LET TAGBODY 
; --> TAGBODY LET FUNCALL 
; ==>
;   (SB-C::%FUNCALL (SB-KERNEL:%COERCE-CALLABLE-FOR-CALL SB-C::FUN)
;                   (CAR #:INDEX110))
; 
; note: implementation limitation: couldn't inline expand because expansion refers to the optimized away object #<SB-C::CTRAN 4 {1005856F33}>.

; --> BLOCK SB-INT:DX-FLET FLET SB-KERNEL:%MAP LET DO BLOCK LET TAGBODY 
; --> TAGBODY LET FUNCALL SB-C::%FUNCALL BLOCK 
; ==>
;   (LET ((#:VAL6 (FUNCALL (LAMBDA # X) #:G3)))
;     (UNLESS #:VAL6 (RETURN-FROM #:BLOCK4 NIL)))
; 
; note: deleting unused function
;   (LET ((#:VAL6 (FUNCALL (LAMBDA # X) #:G3)))
;     )

; --> BLOCK SB-INT:DX-FLET FLET SB-KERNEL:%MAP LET DO BLOCK LET TAGBODY 
; --> TAGBODY LET FUNCALL 
; ==>
;   (SB-C::%FUNCALL (SB-KERNEL:%COERCE-CALLABLE-FOR-CALL SB-C::FUN)
;                   (CAR #:INDEX110))
; 
; note: deleting unused function
;   (SB-C::LOCAL-INLINE (FLET "WRAPPER5" :IN OPERATORTHREATENING))
; 
; compilation unit finished
;   printed 12 notes


; /home/jr/Documents/School/CS687/projects/project6/project6-sp/project6.fasl written
; compilation finished in 0:00:00.096
CL-USER> (threats *plan* (elt *operators* 0) (elt *links* 0))
((#S(OPERATOR
     :NAME B-A-TO-TABLE
     :UNIQ #:G3245
     :PRECONDITIONS ((T B-ON-A) (T B-CLEAR))
     :EFFECTS ((T B-ON-TABLE) (NIL B-ON-A) (T A-CLEAR)))
  . #< (G3245)B-A-TO-TABLE -> (G3246)GOAL : (T A-CLEAR) >)
 (#S(OPERATOR
     :NAME GOAL
     :UNIQ #:G3246
     :PRECONDITIONS ((T A-ON-B) (T B-ON-TABLE) (T A-CLEAR))
     :EFFECTS NIL)
  . #< (G3245)B-A-TO-TABLE -> (G3246)GOAL : (T A-CLEAR) >)
 (#S(OPERATOR
     :NAME B-A-TO-TABLE
     :UNIQ #:G3247
     :PRECONDITIONS ((T B-ON-A) (T B-CLEAR))
     :EFFECTS ((T B-ON-TABLE) (NIL B-ON-A) (T A-CLEAR)))
  . #< (G3247)B-A-TO-TABLE -> (G3248)GOAL : (T B-ON-TABLE) >)
 (#S(OPERATOR
     :NAME GOAL
     :UNIQ #:G3248
     :PRECONDITIONS ((T A-ON-B) (T B-ON-TABLE) (T A-CLEAR))
     :EFFECTS NIL)
  . #< (G3247)B-A-TO-TABLE -> (G3248)GOAL : (T B-ON-TABLE) >)
 (#S(OPERATOR
     :NAME START
     :UNIQ #:G3249
     :PRECONDITIONS NIL
     :EFFECTS ((T A-ON-TABLE) (T B-ON-A) (T B-CLEAR)))
  . #< (G3249)START -> (G3250)B-A-TO-TABLE : (T B-CLEAR) >)
 (#S(OPERATOR
     :NAME B-A-TO-TABLE
     :UNIQ #:G3250
     :PRECONDITIONS ((T B-ON-A) (T B-CLEAR))
     :EFFECTS ((T B-ON-TABLE) (NIL B-ON-A) (T A-CLEAR)))
  . #< (G3249)START -> (G3250)B-A-TO-TABLE : (T B-CLEAR) >)
 (#S(OPERATOR
     :NAME START
     :UNIQ #:G3251
     :PRECONDITIONS NIL
     :EFFECTS ((T A-ON-TABLE) (T B-ON-A) (T B-CLEAR)))
  . #< (G3251)START -> (G3252)B-A-TO-TABLE : (T B-ON-A) >)
 (#S(OPERATOR
     :NAME B-A-TO-TABLE
     :UNIQ #:G3252
     :PRECONDITIONS ((T B-ON-A) (T B-CLEAR))
     :EFFECTS ((T B-ON-TABLE) (NIL B-ON-A) (T A-CLEAR)))
  . #< (G3251)START -> (G3252)B-A-TO-TABLE : (T B-ON-A) >)
 (#S(OPERATOR
     :NAME B-A-TO-TABLE
     :UNIQ #:G3253
     :PRECONDITIONS ((T B-ON-A) (T B-CLEAR))
     :EFFECTS ((T B-ON-TABLE) (NIL B-ON-A) (T A-CLEAR)))
  . #< (G3253)B-A-TO-TABLE -> (G3254)A-TABLE-TO-B : (T A-CLEAR) >)
 (#S(OPERATOR
     :NAME A-TABLE-TO-B
     :UNIQ #:G3254
     :PRECONDITIONS ((T A-ON-TABLE) (T B-CLEAR) (T A-CLEAR))
     :EFFECTS ((NIL A-ON-TABLE) (NIL B-CLEAR) (T A-ON-B)))
  . #< (G3253)B-A-TO-TABLE -> (G3254)A-TABLE-TO-B : (T A-CLEAR) >)
 (#S(OPERATOR
     :NAME START
     :UNIQ #:G3255
     :PRECONDITIONS NIL
     :EFFECTS ((T A-ON-TABLE) (T B-ON-A) (T B-CLEAR)))
  . #< (G3255)START -> (G3256)A-TABLE-TO-B : (T B-CLEAR) >)
 (#S(OPERATOR
     :NAME A-TABLE-TO-B
     :UNIQ #:G3256
     :PRECONDITIONS ((T A-ON-TABLE) (T B-CLEAR) (T A-CLEAR))
     :EFFECTS ((NIL A-ON-TABLE) (NIL B-CLEAR) (T A-ON-B)))
  . #< (G3255)START -> (G3256)A-TABLE-TO-B : (T B-CLEAR) >)
 (#S(OPERATOR
     :NAME START
     :UNIQ #:G3257
     :PRECONDITIONS NIL
     :EFFECTS ((T A-ON-TABLE) (T B-ON-A) (T B-CLEAR)))
  . #< (G3257)START -> (G3258)A-TABLE-TO-B : (T A-ON-TABLE) >)
 (#S(OPERATOR
     :NAME A-TABLE-TO-B
     :UNIQ #:G3258
     :PRECONDITIONS ((T A-ON-TABLE) (T B-CLEAR) (T A-CLEAR))
     :EFFECTS ((NIL A-ON-TABLE) (NIL B-CLEAR) (T A-ON-B)))
  . #< (G3257)START -> (G3258)A-TABLE-TO-B : (T A-ON-TABLE) >)
 (#S(OPERATOR
     :NAME A-TABLE-TO-B
     :UNIQ #:G3259
     :PRECONDITIONS ((T A-ON-TABLE) (T B-CLEAR) (T A-CLEAR))
     :EFFECTS ((NIL A-ON-TABLE) (NIL B-CLEAR) (T A-ON-B)))
  . #< (G3259)A-TABLE-TO-B -> (G3260)GOAL : (T A-ON-B) >)
 (#S(OPERATOR
     :NAME GOAL
     :UNIQ #:G3260
     :PRECONDITIONS ((T A-ON-B) (T B-ON-TABLE) (T A-CLEAR))
     :EFFECTS NIL)
  . #< (G3259)A-TABLE-TO-B -> (G3260)GOAL : (T A-ON-B) >)
 (#S(OPERATOR
     :NAME GOAL
     :UNIQ #:G3246
     :PRECONDITIONS ((T A-ON-B) (T B-ON-TABLE) (T A-CLEAR))
     :EFFECTS NIL)
  . #< (G3245)B-A-TO-TABLE -> (G3246)GOAL : (T A-CLEAR) >)
 (#S(OPERATOR
     :NAME GOAL
     :UNIQ #:G3248
     :PRECONDITIONS ((T A-ON-B) (T B-ON-TABLE) (T A-CLEAR))
     :EFFECTS NIL)
  . #< (G3247)B-A-TO-TABLE -> (G3248)GOAL : (T B-ON-TABLE) >)
 (#S(OPERATOR
     :NAME B-A-TO-TABLE
     :UNIQ #:G3250
     :PRECONDITIONS ((T B-ON-A) (T B-CLEAR))
     :EFFECTS ((T B-ON-TABLE) (NIL B-ON-A) (T A-CLEAR)))
  . #< (G3249)START -> (G3250)B-A-TO-TABLE : (T B-CLEAR) >)
 (#S(OPERATOR
     :NAME B-A-TO-TABLE
     :UNIQ #:G3252
     :PRECONDITIONS ((T B-ON-A) (T B-CLEAR))
     :EFFECTS ((T B-ON-TABLE) (NIL B-ON-A) (T A-CLEAR)))
  . #< (G3251)START -> (G3252)B-A-TO-TABLE : (T B-ON-A) >)
 (#S(OPERATOR
     :NAME A-TABLE-TO-B
     :UNIQ #:G3256
     :PRECONDITIONS ((T A-ON-TABLE) (T B-CLEAR) (T A-CLEAR))
     :EFFECTS ((NIL A-ON-TABLE) (NIL B-CLEAR) (T A-ON-B)))
  . #< (G3255)START -> (G3256)A-TABLE-TO-B : (T B-CLEAR) >)
 (#S(OPERATOR
     :NAME A-TABLE-TO-B
     :UNIQ #:G3258
     :PRECONDITIONS ((T A-ON-TABLE) (T B-CLEAR) (T A-CLEAR))
     :EFFECTS ((NIL A-ON-TABLE) (NIL B-CLEAR) (T A-ON-B)))
  . #< (G3257)START -> (G3258)A-TABLE-TO-B : (T A-ON-TABLE) >)
 (#S(OPERATOR
     :NAME GOAL
     :UNIQ #:G3260
     :PRECONDITIONS ((T A-ON-B) (T B-ON-TABLE) (T A-CLEAR))
     :EFFECTS NIL)
  . #< (G3259)A-TABLE-TO-B -> (G3260)GOAL : (T A-ON-B) >))
; compiling file "/home/jr/Documents/School/CS687/projects/project6/project6-sp/project6.lisp" (written 07 MAY 2020 09:40:29 PM):

; file: /home/jr/Documents/School/CS687/projects/project6/project6-sp/project6.lisp
; in: DEFUN THREATENSLINK
;     (EVERY (LAMBDA (X) X)
;            (MAPCAR #'PREDICATEISOPPOSITE (OPERATOR-EFFECTS TO)
;                    TMP-FROM-PRECONDITIONS))
; --> BLOCK SB-INT:DX-FLET FLET SB-KERNEL:%MAP LET DO BLOCK LET TAGBODY 
; --> TAGBODY LET FUNCALL 
; ==>
;   (SB-C::%FUNCALL (SB-KERNEL:%COERCE-CALLABLE-FOR-CALL SB-C::FUN)
;                   (CAR #:INDEX87))
; 
; note: implementation limitation: couldn't inline expand because expansion refers to the optimized away object #<SB-C::CTRAN 1 {10048DB6A3}>.

; --> BLOCK SB-INT:DX-FLET FLET SB-KERNEL:%MAP LET DO BLOCK LET TAGBODY 
; --> TAGBODY LET FUNCALL SB-C::%FUNCALL BLOCK 
; ==>
;   (LET ((#:VAL33 (FUNCALL (LAMBDA # X) #:G30)))
;     (UNLESS #:VAL33 (RETURN-FROM #:BLOCK31 NIL)))
; 
; note: deleting unused function
;   (LET ((#:VAL33 (FUNCALL (LAMBDA # X) #:G30)))
;     )

; --> BLOCK SB-INT:DX-FLET FLET SB-KERNEL:%MAP LET DO BLOCK LET TAGBODY 
; --> TAGBODY LET FUNCALL 
; ==>
;   (SB-C::%FUNCALL (SB-KERNEL:%COERCE-CALLABLE-FOR-CALL SB-C::FUN)
;                   (CAR #:INDEX87))
; 
; note: deleting unused function
;   (SB-C::LOCAL-INLINE (FLET "WRAPPER32" :IN THREATENSLINK))

;     (EVERY (LAMBDA (X) X)
;            (MAPCAR #'PREDICATEISOPPOSITE (OPERATOR-EFFECTS TO)
;                    TMP-TO-PRECONDITIONS))
; --> BLOCK SB-INT:DX-FLET FLET SB-KERNEL:%MAP LET DO BLOCK LET TAGBODY 
; --> TAGBODY LET FUNCALL 
; ==>
;   (SB-C::%FUNCALL (SB-KERNEL:%COERCE-CALLABLE-FOR-CALL SB-C::FUN)
;                   (CAR #:INDEX110))
; 
; note: implementation limitation: couldn't inline expand because expansion refers to the optimized away object #<SB-C::CTRAN 2 {10048B64A3}>.

; --> BLOCK SB-INT:DX-FLET FLET SB-KERNEL:%MAP LET DO BLOCK LET TAGBODY 
; --> TAGBODY LET FUNCALL SB-C::%FUNCALL BLOCK 
; ==>
;   (LET ((#:VAL6 (FUNCALL (LAMBDA # X) #:G3)))
;     (UNLESS #:VAL6 (RETURN-FROM #:BLOCK4 NIL)))
; 
; note: deleting unused function
;   (LET ((#:VAL6 (FUNCALL (LAMBDA # X) #:G3)))
;     )

; --> BLOCK SB-INT:DX-FLET FLET SB-KERNEL:%MAP LET DO BLOCK LET TAGBODY 
; --> TAGBODY LET FUNCALL 
; ==>
;   (SB-C::%FUNCALL (SB-KERNEL:%COERCE-CALLABLE-FOR-CALL SB-C::FUN)
;                   (CAR #:INDEX110))
; 
; note: deleting unused function
;   (SB-C::LOCAL-INLINE (FLET "WRAPPER5" :IN THREATENSLINK))

; in: DEFUN OPERATORTHREATENING
;     (EVERY (LAMBDA (X) X)
;            (MAPCAR #'PREDICATEISOPPOSITE EFFECTS TMP-FROM-PRECONDITIONS))
; --> BLOCK SB-INT:DX-FLET FLET SB-KERNEL:%MAP LET DO BLOCK LET TAGBODY 
; --> TAGBODY LET FUNCALL 
; ==>
;   (SB-C::%FUNCALL (SB-KERNEL:%COERCE-CALLABLE-FOR-CALL SB-C::FUN)
;                   (CAR #:INDEX87))
; 
; note: implementation limitation: couldn't inline expand because expansion refers to the optimized away object #<SB-C::CTRAN 3 {1005265A53}>.

; --> BLOCK SB-INT:DX-FLET FLET SB-KERNEL:%MAP LET DO BLOCK LET TAGBODY 
; --> TAGBODY LET FUNCALL SB-C::%FUNCALL BLOCK 
; ==>
;   (LET ((#:VAL33 (FUNCALL (LAMBDA # X) #:G30)))
;     (UNLESS #:VAL33 (RETURN-FROM #:BLOCK31 NIL)))
; 
; note: deleting unused function
;   (LET ((#:VAL33 (FUNCALL (LAMBDA # X) #:G30)))
;     )

; --> BLOCK SB-INT:DX-FLET FLET SB-KERNEL:%MAP LET DO BLOCK LET TAGBODY 
; --> TAGBODY LET FUNCALL 
; ==>
;   (SB-C::%FUNCALL (SB-KERNEL:%COERCE-CALLABLE-FOR-CALL SB-C::FUN)
;                   (CAR #:INDEX87))
; 
; note: deleting unused function
;   (SB-C::LOCAL-INLINE (FLET "WRAPPER32" :IN OPERATORTHREATENING))

;     (EVERY (LAMBDA (X) X)
;            (MAPCAR #'PREDICATEISOPPOSITE EFFECTS TMP-TO-PRECONDITIONS))
; --> BLOCK SB-INT:DX-FLET FLET SB-KERNEL:%MAP LET DO BLOCK LET TAGBODY 
; --> TAGBODY LET FUNCALL 
; ==>
;   (SB-C::%FUNCALL (SB-KERNEL:%COERCE-CALLABLE-FOR-CALL SB-C::FUN)
;                   (CAR #:INDEX110))
; 
; note: implementation limitation: couldn't inline expand because expansion refers to the optimized away object #<SB-C::CTRAN 4 {1005221443}>.

; --> BLOCK SB-INT:DX-FLET FLET SB-KERNEL:%MAP LET DO BLOCK LET TAGBODY 
; --> TAGBODY LET FUNCALL SB-C::%FUNCALL BLOCK 
; ==>
;   (LET ((#:VAL6 (FUNCALL (LAMBDA # X) #:G3)))
;     (UNLESS #:VAL6 (RETURN-FROM #:BLOCK4 NIL)))
; 
; note: deleting unused function
;   (LET ((#:VAL6 (FUNCALL (LAMBDA # X) #:G3)))
;     )

; --> BLOCK SB-INT:DX-FLET FLET SB-KERNEL:%MAP LET DO BLOCK LET TAGBODY 
; --> TAGBODY LET FUNCALL 
; ==>
;   (SB-C::%FUNCALL (SB-KERNEL:%COERCE-CALLABLE-FOR-CALL SB-C::FUN)
;                   (CAR #:INDEX110))
; 
; note: deleting unused function
;   (SB-C::LOCAL-INLINE (FLET "WRAPPER5" :IN OPERATORTHREATENING))
; 
; compilation unit finished
;   printed 12 notes


; /home/jr/Documents/School/CS687/projects/project6/project6-sp/project6.fasl written
; compilation finished in 0:00:00.113
CL-USER> (threats *plan* (elt *operators* 0) (elt *links* 0))
T
; compiling file "/home/jr/Documents/School/CS687/projects/project6/project6-sp/project6.lisp" (written 07 MAY 2020 09:40:48 PM):

; file: /home/jr/Documents/School/CS687/projects/project6/project6-sp/project6.lisp
; in: DEFUN THREATENSLINK
;     (EVERY (LAMBDA (X) X)
;            (MAPCAR #'PREDICATEISOPPOSITE (OPERATOR-EFFECTS TO)
;                    TMP-FROM-PRECONDITIONS))
; --> BLOCK SB-INT:DX-FLET FLET SB-KERNEL:%MAP LET DO BLOCK LET TAGBODY 
; --> TAGBODY LET FUNCALL 
; ==>
;   (SB-C::%FUNCALL (SB-KERNEL:%COERCE-CALLABLE-FOR-CALL SB-C::FUN)
;                   (CAR #:INDEX87))
; 
; note: implementation limitation: couldn't inline expand because expansion refers to the optimized away object #<SB-C::CTRAN 1 {1004294BF3}>.

; --> BLOCK SB-INT:DX-FLET FLET SB-KERNEL:%MAP LET DO BLOCK LET TAGBODY 
; --> TAGBODY LET FUNCALL SB-C::%FUNCALL BLOCK 
; ==>
;   (LET ((#:VAL33 (FUNCALL (LAMBDA # X) #:G30)))
;     (UNLESS #:VAL33 (RETURN-FROM #:BLOCK31 NIL)))
; 
; note: deleting unused function
;   (LET ((#:VAL33 (FUNCALL (LAMBDA # X) #:G30)))
;     )

; --> BLOCK SB-INT:DX-FLET FLET SB-KERNEL:%MAP LET DO BLOCK LET TAGBODY 
; --> TAGBODY LET FUNCALL 
; ==>
;   (SB-C::%FUNCALL (SB-KERNEL:%COERCE-CALLABLE-FOR-CALL SB-C::FUN)
;                   (CAR #:INDEX87))
; 
; note: deleting unused function
;   (SB-C::LOCAL-INLINE (FLET "WRAPPER32" :IN THREATENSLINK))

;     (EVERY (LAMBDA (X) X)
;            (MAPCAR #'PREDICATEISOPPOSITE (OPERATOR-EFFECTS TO)
;                    TMP-TO-PRECONDITIONS))
; --> BLOCK SB-INT:DX-FLET FLET SB-KERNEL:%MAP LET DO BLOCK LET TAGBODY 
; --> TAGBODY LET FUNCALL 
; ==>
;   (SB-C::%FUNCALL (SB-KERNEL:%COERCE-CALLABLE-FOR-CALL SB-C::FUN)
;                   (CAR #:INDEX110))
; 
; note: implementation limitation: couldn't inline expand because expansion refers to the optimized away object #<SB-C::CTRAN 2 {100426F5C3}>.

; --> BLOCK SB-INT:DX-FLET FLET SB-KERNEL:%MAP LET DO BLOCK LET TAGBODY 
; --> TAGBODY LET FUNCALL SB-C::%FUNCALL BLOCK 
; ==>
;   (LET ((#:VAL6 (FUNCALL (LAMBDA # X) #:G3)))
;     (UNLESS #:VAL6 (RETURN-FROM #:BLOCK4 NIL)))
; 
; note: deleting unused function
;   (LET ((#:VAL6 (FUNCALL (LAMBDA # X) #:G3)))
;     )

; --> BLOCK SB-INT:DX-FLET FLET SB-KERNEL:%MAP LET DO BLOCK LET TAGBODY 
; --> TAGBODY LET FUNCALL 
; ==>
;   (SB-C::%FUNCALL (SB-KERNEL:%COERCE-CALLABLE-FOR-CALL SB-C::FUN)
;                   (CAR #:INDEX110))
; 
; note: deleting unused function
;   (SB-C::LOCAL-INLINE (FLET "WRAPPER5" :IN THREATENSLINK))

; in: DEFUN OPERATORTHREATENING
;     (EVERY (LAMBDA (X) X)
;            (MAPCAR #'PREDICATEISOPPOSITE EFFECTS TMP-FROM-PRECONDITIONS))
; --> BLOCK SB-INT:DX-FLET FLET SB-KERNEL:%MAP LET DO BLOCK LET TAGBODY 
; --> TAGBODY LET FUNCALL 
; ==>
;   (SB-C::%FUNCALL (SB-KERNEL:%COERCE-CALLABLE-FOR-CALL SB-C::FUN)
;                   (CAR #:INDEX87))
; 
; note: implementation limitation: couldn't inline expand because expansion refers to the optimized away object #<SB-C::CTRAN 3 {1004B70A13}>.

; --> BLOCK SB-INT:DX-FLET FLET SB-KERNEL:%MAP LET DO BLOCK LET TAGBODY 
; --> TAGBODY LET FUNCALL SB-C::%FUNCALL BLOCK 
; ==>
;   (LET ((#:VAL33 (FUNCALL (LAMBDA # X) #:G30)))
;     (UNLESS #:VAL33 (RETURN-FROM #:BLOCK31 NIL)))
; 
; note: deleting unused function
;   (LET ((#:VAL33 (FUNCALL (LAMBDA # X) #:G30)))
;     )

; --> BLOCK SB-INT:DX-FLET FLET SB-KERNEL:%MAP LET DO BLOCK LET TAGBODY 
; --> TAGBODY LET FUNCALL 
; ==>
;   (SB-C::%FUNCALL (SB-KERNEL:%COERCE-CALLABLE-FOR-CALL SB-C::FUN)
;                   (CAR #:INDEX87))
; 
; note: deleting unused function
;   (SB-C::LOCAL-INLINE (FLET "WRAPPER32" :IN OPERATORTHREATENING))

;     (EVERY (LAMBDA (X) X)
;            (MAPCAR #'PREDICATEISOPPOSITE EFFECTS TMP-TO-PRECONDITIONS))
; --> BLOCK SB-INT:DX-FLET FLET SB-KERNEL:%MAP LET DO BLOCK LET TAGBODY 
; --> TAGBODY LET FUNCALL 
; ==>
;   (SB-C::%FUNCALL (SB-KERNEL:%COERCE-CALLABLE-FOR-CALL SB-C::FUN)
;                   (CAR #:INDEX110))
; 
; note: implementation limitation: couldn't inline expand because expansion refers to the optimized away object #<SB-C::CTRAN 4 {1004B34113}>.

; --> BLOCK SB-INT:DX-FLET FLET SB-KERNEL:%MAP LET DO BLOCK LET TAGBODY 
; --> TAGBODY LET FUNCALL SB-C::%FUNCALL BLOCK 
; ==>
;   (LET ((#:VAL6 (FUNCALL (LAMBDA # X) #:G3)))
;     (UNLESS #:VAL6 (RETURN-FROM #:BLOCK4 NIL)))
; 
; note: deleting unused function
;   (LET ((#:VAL6 (FUNCALL (LAMBDA # X) #:G3)))
;     )

; --> BLOCK SB-INT:DX-FLET FLET SB-KERNEL:%MAP LET DO BLOCK LET TAGBODY 
; --> TAGBODY LET FUNCALL 
; ==>
;   (SB-C::%FUNCALL (SB-KERNEL:%COERCE-CALLABLE-FOR-CALL SB-C::FUN)
;                   (CAR #:INDEX110))
; 
; note: deleting unused function
;   (SB-C::LOCAL-INLINE (FLET "WRAPPER5" :IN OPERATORTHREATENING))
; 
; compilation unit finished
;   printed 12 notes


; /home/jr/Documents/School/CS687/projects/project6/project6-sp/project6.fasl written
; compilation finished in 0:00:00.097
CL-USER> *plan*
#< PLAN operators: 
#S(OPERATOR
   :NAME B-A-TO-TABLE
   :UNIQ G3337
   :PRECONDITIONS ((T B-ON-A) (T B-CLEAR))
   :EFFECTS ((T B-ON-TABLE) (NIL B-ON-A) (T A-CLEAR)))
#S(OPERATOR
   :NAME A-TABLE-TO-B
   :UNIQ G3338
   :PRECONDITIONS ((T A-ON-TABLE) (T B-CLEAR) (T A-CLEAR))
   :EFFECTS ((NIL A-ON-TABLE) (NIL B-CLEAR) (T A-ON-B)))
#S(OPERATOR
   :NAME START
   :UNIQ G3339
   :PRECONDITIONS NIL
   :EFFECTS ((T A-ON-TABLE) (T B-ON-A) (T B-CLEAR)))
#S(OPERATOR
   :NAME GOAL
   :UNIQ G3340
   :PRECONDITIONS ((T A-ON-B) (T B-ON-TABLE) (T A-CLEAR))
   :EFFECTS NIL) 
links: 
#< (G3309)B-A-TO-TABLE -> (G3310)GOAL : (T A-CLEAR) >
#< (G3311)B-A-TO-TABLE -> (G3312)GOAL : (T B-ON-TABLE) >
#< (G3313)START -> (G3314)B-A-TO-TABLE : (T B-CLEAR) >
#< (G3315)START -> (G3316)B-A-TO-TABLE : (T B-ON-A) >
#< (G3317)B-A-TO-TABLE -> (G3318)A-TABLE-TO-B : (T A-CLEAR) >
#< (G3319)START -> (G3320)A-TABLE-TO-B : (T B-CLEAR) >
#< (G3321)START -> (G3322)A-TABLE-TO-B : (T A-ON-TABLE) >
#< (G3323)A-TABLE-TO-B -> (G3324)GOAL : (T A-ON-B) > 
orderings: 
#[ (G3325)B-A-TO-TABLE -> (G3326)A-TABLE-TO-B ]
#[ (G3327)B-A-TO-TABLE -> (G3328)GOAL ]
#[ (G3329)START -> (G3330)B-A-TO-TABLE ]
#[ (G3331)A-TABLE-TO-B -> (G3332)GOAL ]
#[ (G3333)START -> (G3334)A-TABLE-TO-B ]
#[ (G3335)START -> (G3336)GOAL ]
>
CL-USER> 